<html>
<body>
<pre>
<h1>礦ision Build Log</h1>
<h2>Tool Versions:</h2>
IDE-Version: μVision V5.36.0.0
Copyright (C) 2021 ARM Ltd and ARM Germany GmbH. All rights reserved.
License Information: 1171 117, 177, LIC=FYKYW-QTHG6-ARKXW-QRFA0-ZJPCS-6M6YS
 
Tool Versions:
Toolchain:       MDK-ARM Plus  Version: 5.36.0.0
Toolchain Path:  C:\Keil_v5\ARM\ARMCLANG\Bin
C Compiler:      ArmClang.exe V6.16
Assembler:       Armasm.exe V6.16
Linker/Locator:  ArmLink.exe V6.16
Library Manager: ArmAr.exe V6.16
Hex Converter:   FromElf.exe V6.16
CPU DLL:         SARMCM3.DLL V5.36.0.0
Dialog DLL:      DCM.DLL V1.17.3.0
Target DLL:      Segger\JL2CM3.dll V2.99.40.0
Dialog DLL:      TCM.DLL V1.53.0.0
 
<h2>Project:</h2>
f:\电子相关\自制\示波器\OSC\CODE\STM32H7B0_demo\Project\MDK-ARM\demo.uvprojx
Project File Date:  11/25/2023

<h2>Output:</h2>
*** Using Compiler 'V6.16', folder: 'C:\Keil_v5\ARM\ARMCLANG\Bin'
Build target 'Target 1'
compiling main.c...
compiling bsps_measure.c...
compiling bsps_adc.c...
compiling bsps_iic.c...
compiling bsps_test.c...
compiling bsps_ad9288.c...
compiling bsp.c...
compiling bsps_thread.c...
compiling bsps_fft.c...
compiling bsps_touch.c...
compiling bsp_lcd.c...
compiling bsps_ui.c...
compiling bsps_encoder.c...
compiling bsps_periph.c...
compiling os.c...
compiling gui.c...
compiling gui_dev.c...
linking...
Program Size: Code=71824 RO-data=274108 RW-data=978172 ZI-data=77792  
FromELF: creating hex file...
".\Objects\demo.axf" - 0 Error(s), 0 Warning(s).

<h2>Software Packages used:</h2>

Package Vendor: Keil
                http://www.keil.com/pack/Keil.ARM_Compiler.1.6.3.pack
                Keil.ARM_Compiler.1.6.3
                Keil ARM Compiler extensions for ARM Compiler 5 and ARM Compiler 6
   * Component: Event Recorder Variant: DAP Version: 1.4.0
   * Component: STDOUT Variant: EVR Version: 1.2.0

Package Vendor: Keil
                http://www.keil.com/pack/Keil.STM32H7xx_DFP.3.0.0.pack
                Keil.STM32H7xx_DFP.3.0.0
                STMicroelectronics STM32H7 Series Device Support and Examples

<h2>Collection of Component include folders:</h2>
  .\RTE\Compiler
  .\RTE\_Target_1
  C:\Users\19439\AppData\Local\Arm\Packs\Keil\ARM_Compiler\1.6.3\Include
  C:\Users\19439\AppData\Local\Arm\Packs\Keil\STM32H7xx_DFP\3.0.0\Drivers\CMSIS\Device\ST\STM32H7xx\Include

<h2>Collection of Component Files used:</h2>

   * Component: Keil.ARM Compiler::Compiler:Event Recorder:DAP:1.4.0
      Include file:  Config\EventRecorderConf.h
      Include file:  Include\EventRecorder.h
      Source file:   Source\EventRecorder.c

   * Component: Keil.ARM Compiler::Compiler:I/O:STDOUT:EVR:1.2.0
      Source file:   Source\retarget_io.c
Build Time Elapsed:  00:00:03
</pre>
</body>
</html>
