<!doctype html public "-//w3c//dtd html 4.0 transitional//en">
<html><head>
<title>Static Call Graph - [.\Objects\demo.axf]</title></head>
<body><HR>
<H1>Static Call Graph for image .\Objects\demo.axf</H1><HR>
<BR><P>#&#060CALLGRAPH&#062# ARM Linker, 6160001: Last Updated: Mon Dec 11 12:34:04 2023
<BR><P>
<H3>Maximum Stack Usage =        760 bytes + Unknown(Cycles, Untraceable Function Pointers)</H3><H3>
Call chain for Maximum Stack Depth:</H3>
bsp_lcd_init &rArr; HAL_LTDC_Init &rArr; HAL_LTDC_MspInit &rArr; HAL_RCCEx_PeriphCLKConfig &rArr; RCCEx_PLL3_Config
<P>
<H3>
Mutually Recursive functions
</H3> <LI><a href="#[21]">ADC_IRQHandler</a>&nbsp;&nbsp;&nbsp;&rArr;&nbsp;&nbsp;&nbsp;<a href="#[21]">ADC_IRQHandler</a><BR>
</UL>
<P>
<H3>
Function Pointers
</H3><UL>
 <LI><a href="#[21]">ADC_IRQHandler</a> from startup_stm32h7b0xx.o(.text) referenced from startup_stm32h7b0xx.o(RESET)
 <LI><a href="#[96]">BDMA1_IRQHandler</a> from startup_stm32h7b0xx.o(.text) referenced from startup_stm32h7b0xx.o(RESET)
 <LI><a href="#[80]">BDMA2_Channel0_IRQHandler</a> from startup_stm32h7b0xx.o(.text) referenced from startup_stm32h7b0xx.o(RESET)
 <LI><a href="#[81]">BDMA2_Channel1_IRQHandler</a> from startup_stm32h7b0xx.o(.text) referenced from startup_stm32h7b0xx.o(RESET)
 <LI><a href="#[82]">BDMA2_Channel2_IRQHandler</a> from startup_stm32h7b0xx.o(.text) referenced from startup_stm32h7b0xx.o(RESET)
 <LI><a href="#[83]">BDMA2_Channel3_IRQHandler</a> from startup_stm32h7b0xx.o(.text) referenced from startup_stm32h7b0xx.o(RESET)
 <LI><a href="#[84]">BDMA2_Channel4_IRQHandler</a> from startup_stm32h7b0xx.o(.text) referenced from startup_stm32h7b0xx.o(RESET)
 <LI><a href="#[85]">BDMA2_Channel5_IRQHandler</a> from startup_stm32h7b0xx.o(.text) referenced from startup_stm32h7b0xx.o(RESET)
 <LI><a href="#[86]">BDMA2_Channel6_IRQHandler</a> from startup_stm32h7b0xx.o(.text) referenced from startup_stm32h7b0xx.o(RESET)
 <LI><a href="#[87]">BDMA2_Channel7_IRQHandler</a> from startup_stm32h7b0xx.o(.text) referenced from startup_stm32h7b0xx.o(RESET)
 <LI><a href="#[9]">BusFault_Handler</a> from stm32h7xx_it.o(.text.BusFault_Handler) referenced from startup_stm32h7b0xx.o(RESET)
 <LI><a href="#[6b]">CEC_IRQHandler</a> from startup_stm32h7b0xx.o(.text) referenced from startup_stm32h7b0xx.o(RESET)
 <LI><a href="#[88]">COMP_IRQHandler</a> from startup_stm32h7b0xx.o(.text) referenced from startup_stm32h7b0xx.o(RESET)
 <LI><a href="#[8e]">CRS_IRQHandler</a> from startup_stm32h7b0xx.o(.text) referenced from startup_stm32h7b0xx.o(RESET)
 <LI><a href="#[5c]">CRYP_IRQHandler</a> from startup_stm32h7b0xx.o(.text) referenced from startup_stm32h7b0xx.o(RESET)
 <LI><a href="#[7e]">DAC2_IRQHandler</a> from startup_stm32h7b0xx.o(.text) referenced from startup_stm32h7b0xx.o(RESET)
 <LI><a href="#[5b]">DCMI_PSSI_IRQHandler</a> from startup_stm32h7b0xx.o(.text) referenced from startup_stm32h7b0xx.o(RESET)
 <LI><a href="#[70]">DFSDM1_FLT0_IRQHandler</a> from startup_stm32h7b0xx.o(.text) referenced from startup_stm32h7b0xx.o(RESET)
 <LI><a href="#[71]">DFSDM1_FLT1_IRQHandler</a> from startup_stm32h7b0xx.o(.text) referenced from startup_stm32h7b0xx.o(RESET)
 <LI><a href="#[72]">DFSDM1_FLT2_IRQHandler</a> from startup_stm32h7b0xx.o(.text) referenced from startup_stm32h7b0xx.o(RESET)
 <LI><a href="#[73]">DFSDM1_FLT3_IRQHandler</a> from startup_stm32h7b0xx.o(.text) referenced from startup_stm32h7b0xx.o(RESET)
 <LI><a href="#[4d]">DFSDM1_FLT4_IRQHandler</a> from startup_stm32h7b0xx.o(.text) referenced from startup_stm32h7b0xx.o(RESET)
 <LI><a href="#[4e]">DFSDM1_FLT5_IRQHandler</a> from startup_stm32h7b0xx.o(.text) referenced from startup_stm32h7b0xx.o(RESET)
 <LI><a href="#[4f]">DFSDM1_FLT6_IRQHandler</a> from startup_stm32h7b0xx.o(.text) referenced from startup_stm32h7b0xx.o(RESET)
 <LI><a href="#[50]">DFSDM1_FLT7_IRQHandler</a> from startup_stm32h7b0xx.o(.text) referenced from startup_stm32h7b0xx.o(RESET)
 <LI><a href="#[39]">DFSDM2_IRQHandler</a> from startup_stm32h7b0xx.o(.text) referenced from startup_stm32h7b0xx.o(RESET)
 <LI><a href="#[1a]">DMA1_Stream0_IRQHandler</a> from startup_stm32h7b0xx.o(.text) referenced from startup_stm32h7b0xx.o(RESET)
 <LI><a href="#[1b]">DMA1_Stream1_IRQHandler</a> from startup_stm32h7b0xx.o(.text) referenced from startup_stm32h7b0xx.o(RESET)
 <LI><a href="#[1c]">DMA1_Stream2_IRQHandler</a> from bsps_adc.o(.text.DMA1_Stream2_IRQHandler) referenced from startup_stm32h7b0xx.o(RESET)
 <LI><a href="#[1d]">DMA1_Stream3_IRQHandler</a> from startup_stm32h7b0xx.o(.text) referenced from startup_stm32h7b0xx.o(RESET)
 <LI><a href="#[1e]">DMA1_Stream4_IRQHandler</a> from startup_stm32h7b0xx.o(.text) referenced from startup_stm32h7b0xx.o(RESET)
 <LI><a href="#[1f]">DMA1_Stream5_IRQHandler</a> from startup_stm32h7b0xx.o(.text) referenced from startup_stm32h7b0xx.o(RESET)
 <LI><a href="#[20]">DMA1_Stream6_IRQHandler</a> from startup_stm32h7b0xx.o(.text) referenced from startup_stm32h7b0xx.o(RESET)
 <LI><a href="#[3e]">DMA1_Stream7_IRQHandler</a> from startup_stm32h7b0xx.o(.text) referenced from startup_stm32h7b0xx.o(RESET)
 <LI><a href="#[67]">DMA2D_IRQHandler</a> from startup_stm32h7b0xx.o(.text) referenced from startup_stm32h7b0xx.o(RESET)
 <LI><a href="#[47]">DMA2_Stream0_IRQHandler</a> from bsps_ad9288.o(.text.DMA2_Stream0_IRQHandler) referenced from startup_stm32h7b0xx.o(RESET)
 <LI><a href="#[48]">DMA2_Stream1_IRQHandler</a> from startup_stm32h7b0xx.o(.text) referenced from startup_stm32h7b0xx.o(RESET)
 <LI><a href="#[49]">DMA2_Stream2_IRQHandler</a> from startup_stm32h7b0xx.o(.text) referenced from startup_stm32h7b0xx.o(RESET)
 <LI><a href="#[4a]">DMA2_Stream3_IRQHandler</a> from startup_stm32h7b0xx.o(.text) referenced from startup_stm32h7b0xx.o(RESET)
 <LI><a href="#[4b]">DMA2_Stream4_IRQHandler</a> from startup_stm32h7b0xx.o(.text) referenced from startup_stm32h7b0xx.o(RESET)
 <LI><a href="#[51]">DMA2_Stream5_IRQHandler</a> from startup_stm32h7b0xx.o(.text) referenced from startup_stm32h7b0xx.o(RESET)
 <LI><a href="#[52]">DMA2_Stream6_IRQHandler</a> from startup_stm32h7b0xx.o(.text) referenced from startup_stm32h7b0xx.o(RESET)
 <LI><a href="#[53]">DMA2_Stream7_IRQHandler</a> from startup_stm32h7b0xx.o(.text) referenced from startup_stm32h7b0xx.o(RESET)
 <LI><a href="#[6f]">DMAMUX1_OVR_IRQHandler</a> from startup_stm32h7b0xx.o(.text) referenced from startup_stm32h7b0xx.o(RESET)
 <LI><a href="#[7f]">DMAMUX2_OVR_IRQHandler</a> from startup_stm32h7b0xx.o(.text) referenced from startup_stm32h7b0xx.o(RESET)
 <LI><a href="#[90]">DTS_IRQHandler</a> from startup_stm32h7b0xx.o(.text) referenced from startup_stm32h7b0xx.o(RESET)
 <LI><a href="#[c]">DebugMon_Handler</a> from stm32h7xx_it.o(.text.DebugMon_Handler) referenced from startup_stm32h7b0xx.o(RESET)
 <LI><a href="#[8f]">ECC_IRQHandler</a> from startup_stm32h7b0xx.o(.text) referenced from startup_stm32h7b0xx.o(RESET)
 <LI><a href="#[15]">EXTI0_IRQHandler</a> from bsps_encoder.o(.text.EXTI0_IRQHandler) referenced from startup_stm32h7b0xx.o(RESET)
 <LI><a href="#[37]">EXTI15_10_IRQHandler</a> from bsps_encoder.o(.text.EXTI15_10_IRQHandler) referenced from startup_stm32h7b0xx.o(RESET)
 <LI><a href="#[16]">EXTI1_IRQHandler</a> from startup_stm32h7b0xx.o(.text) referenced from startup_stm32h7b0xx.o(RESET)
 <LI><a href="#[17]">EXTI2_IRQHandler</a> from startup_stm32h7b0xx.o(.text) referenced from startup_stm32h7b0xx.o(RESET)
 <LI><a href="#[18]">EXTI3_IRQHandler</a> from bsps_encoder.o(.text.EXTI3_IRQHandler) referenced from startup_stm32h7b0xx.o(RESET)
 <LI><a href="#[19]">EXTI4_IRQHandler</a> from startup_stm32h7b0xx.o(.text) referenced from startup_stm32h7b0xx.o(RESET)
 <LI><a href="#[26]">EXTI9_5_IRQHandler</a> from startup_stm32h7b0xx.o(.text) referenced from startup_stm32h7b0xx.o(RESET)
 <LI><a href="#[22]">FDCAN1_IT0_IRQHandler</a> from startup_stm32h7b0xx.o(.text) referenced from startup_stm32h7b0xx.o(RESET)
 <LI><a href="#[24]">FDCAN1_IT1_IRQHandler</a> from startup_stm32h7b0xx.o(.text) referenced from startup_stm32h7b0xx.o(RESET)
 <LI><a href="#[23]">FDCAN2_IT0_IRQHandler</a> from startup_stm32h7b0xx.o(.text) referenced from startup_stm32h7b0xx.o(RESET)
 <LI><a href="#[25]">FDCAN2_IT1_IRQHandler</a> from startup_stm32h7b0xx.o(.text) referenced from startup_stm32h7b0xx.o(RESET)
 <LI><a href="#[4c]">FDCAN_CAL_IRQHandler</a> from startup_stm32h7b0xx.o(.text) referenced from startup_stm32h7b0xx.o(RESET)
 <LI><a href="#[13]">FLASH_IRQHandler</a> from startup_stm32h7b0xx.o(.text) referenced from startup_stm32h7b0xx.o(RESET)
 <LI><a href="#[3f]">FMC_IRQHandler</a> from startup_stm32h7b0xx.o(.text) referenced from startup_stm32h7b0xx.o(RESET)
 <LI><a href="#[5e]">FPU_IRQHandler</a> from startup_stm32h7b0xx.o(.text) referenced from startup_stm32h7b0xx.o(RESET)
 <LI><a href="#[95]">GFXMMU_IRQHandler</a> from startup_stm32h7b0xx.o(.text) referenced from startup_stm32h7b0xx.o(RESET)
 <LI><a href="#[5d]">HASH_RNG_IRQHandler</a> from startup_stm32h7b0xx.o(.text) referenced from startup_stm32h7b0xx.o(RESET)
 <LI><a href="#[7d]">HSEM1_IRQHandler</a> from startup_stm32h7b0xx.o(.text) referenced from startup_stm32h7b0xx.o(RESET)
 <LI><a href="#[7]">HardFault_Handler</a> from stm32h7xx_it.o(.text.HardFault_Handler) referenced from startup_stm32h7b0xx.o(RESET)
 <LI><a href="#[2f]">I2C1_ER_IRQHandler</a> from startup_stm32h7b0xx.o(.text) referenced from startup_stm32h7b0xx.o(RESET)
 <LI><a href="#[2e]">I2C1_EV_IRQHandler</a> from startup_stm32h7b0xx.o(.text) referenced from startup_stm32h7b0xx.o(RESET)
 <LI><a href="#[31]">I2C2_ER_IRQHandler</a> from startup_stm32h7b0xx.o(.text) referenced from startup_stm32h7b0xx.o(RESET)
 <LI><a href="#[30]">I2C2_EV_IRQHandler</a> from startup_stm32h7b0xx.o(.text) referenced from startup_stm32h7b0xx.o(RESET)
 <LI><a href="#[56]">I2C3_ER_IRQHandler</a> from startup_stm32h7b0xx.o(.text) referenced from startup_stm32h7b0xx.o(RESET)
 <LI><a href="#[55]">I2C3_EV_IRQHandler</a> from startup_stm32h7b0xx.o(.text) referenced from startup_stm32h7b0xx.o(RESET)
 <LI><a href="#[6d]">I2C4_ER_IRQHandler</a> from startup_stm32h7b0xx.o(.text) referenced from startup_stm32h7b0xx.o(RESET)
 <LI><a href="#[6c]">I2C4_EV_IRQHandler</a> from startup_stm32h7b0xx.o(.text) referenced from startup_stm32h7b0xx.o(RESET)
 <LI><a href="#[7a]">JPEG_IRQHandler</a> from startup_stm32h7b0xx.o(.text) referenced from startup_stm32h7b0xx.o(RESET)
 <LI><a href="#[6a]">LPTIM1_IRQHandler</a> from startup_stm32h7b0xx.o(.text) referenced from startup_stm32h7b0xx.o(RESET)
 <LI><a href="#[89]">LPTIM2_IRQHandler</a> from startup_stm32h7b0xx.o(.text) referenced from startup_stm32h7b0xx.o(RESET)
 <LI><a href="#[8a]">LPTIM3_IRQHandler</a> from startup_stm32h7b0xx.o(.text) referenced from startup_stm32h7b0xx.o(RESET)
 <LI><a href="#[8d]">LPUART1_IRQHandler</a> from startup_stm32h7b0xx.o(.text) referenced from startup_stm32h7b0xx.o(RESET)
 <LI><a href="#[66]">LTDC_ER_IRQHandler</a> from startup_stm32h7b0xx.o(.text) referenced from startup_stm32h7b0xx.o(RESET)
 <LI><a href="#[65]">LTDC_IRQHandler</a> from bsp_lcd.o(.text.LTDC_IRQHandler) referenced from startup_stm32h7b0xx.o(RESET)
 <LI><a href="#[79]">MDIOS_IRQHandler</a> from startup_stm32h7b0xx.o(.text) referenced from startup_stm32h7b0xx.o(RESET)
 <LI><a href="#[78]">MDIOS_WKUP_IRQHandler</a> from startup_stm32h7b0xx.o(.text) referenced from startup_stm32h7b0xx.o(RESET)
 <LI><a href="#[7b]">MDMA_IRQHandler</a> from startup_stm32h7b0xx.o(.text) referenced from startup_stm32h7b0xx.o(RESET)
 <LI><a href="#[8]">MemManage_Handler</a> from stm32h7xx_it.o(.text.MemManage_Handler) referenced from startup_stm32h7b0xx.o(RESET)
 <LI><a href="#[6]">NMI_Handler</a> from stm32h7xx_it.o(.text.NMI_Handler) referenced from startup_stm32h7b0xx.o(RESET)
 <LI><a href="#[69]">OCTOSPI1_IRQHandler</a> from startup_stm32h7b0xx.o(.text) referenced from startup_stm32h7b0xx.o(RESET)
 <LI><a href="#[92]">OCTOSPI2_IRQHandler</a> from startup_stm32h7b0xx.o(.text) referenced from startup_stm32h7b0xx.o(RESET)
 <LI><a href="#[93]">OTFDEC1_IRQHandler</a> from startup_stm32h7b0xx.o(.text) referenced from startup_stm32h7b0xx.o(RESET)
 <LI><a href="#[94]">OTFDEC2_IRQHandler</a> from startup_stm32h7b0xx.o(.text) referenced from startup_stm32h7b0xx.o(RESET)
 <LI><a href="#[58]">OTG_HS_EP1_IN_IRQHandler</a> from startup_stm32h7b0xx.o(.text) referenced from startup_stm32h7b0xx.o(RESET)
 <LI><a href="#[57]">OTG_HS_EP1_OUT_IRQHandler</a> from startup_stm32h7b0xx.o(.text) referenced from startup_stm32h7b0xx.o(RESET)
 <LI><a href="#[5a]">OTG_HS_IRQHandler</a> from startup_stm32h7b0xx.o(.text) referenced from startup_stm32h7b0xx.o(RESET)
 <LI><a href="#[59]">OTG_HS_WKUP_IRQHandler</a> from startup_stm32h7b0xx.o(.text) referenced from startup_stm32h7b0xx.o(RESET)
 <LI><a href="#[10]">PVD_PVM_IRQHandler</a> from startup_stm32h7b0xx.o(.text) referenced from startup_stm32h7b0xx.o(RESET)
 <LI><a href="#[d]">PendSV_Handler</a> from stm32h7xx_it.o(.text.PendSV_Handler) referenced from startup_stm32h7b0xx.o(RESET)
 <LI><a href="#[14]">RCC_IRQHandler</a> from startup_stm32h7b0xx.o(.text) referenced from startup_stm32h7b0xx.o(RESET)
 <LI><a href="#[38]">RTC_Alarm_IRQHandler</a> from startup_stm32h7b0xx.o(.text) referenced from startup_stm32h7b0xx.o(RESET)
 <LI><a href="#[11]">RTC_TAMP_STAMP_CSS_LSE_IRQHandler</a> from startup_stm32h7b0xx.o(.text) referenced from startup_stm32h7b0xx.o(RESET)
 <LI><a href="#[12]">RTC_WKUP_IRQHandler</a> from startup_stm32h7b0xx.o(.text) referenced from startup_stm32h7b0xx.o(RESET)
 <LI><a href="#[5]">Reset_Handler</a> from startup_stm32h7b0xx.o(.text) referenced from startup_stm32h7b0xx.o(RESET)
 <LI><a href="#[64]">SAI1_IRQHandler</a> from startup_stm32h7b0xx.o(.text) referenced from startup_stm32h7b0xx.o(RESET)
 <LI><a href="#[68]">SAI2_IRQHandler</a> from startup_stm32h7b0xx.o(.text) referenced from startup_stm32h7b0xx.o(RESET)
 <LI><a href="#[40]">SDMMC1_IRQHandler</a> from startup_stm32h7b0xx.o(.text) referenced from startup_stm32h7b0xx.o(RESET)
 <LI><a href="#[7c]">SDMMC2_IRQHandler</a> from startup_stm32h7b0xx.o(.text) referenced from startup_stm32h7b0xx.o(RESET)
 <LI><a href="#[6e]">SPDIF_RX_IRQHandler</a> from startup_stm32h7b0xx.o(.text) referenced from startup_stm32h7b0xx.o(RESET)
 <LI><a href="#[32]">SPI1_IRQHandler</a> from startup_stm32h7b0xx.o(.text) referenced from startup_stm32h7b0xx.o(RESET)
 <LI><a href="#[33]">SPI2_IRQHandler</a> from startup_stm32h7b0xx.o(.text) referenced from startup_stm32h7b0xx.o(RESET)
 <LI><a href="#[42]">SPI3_IRQHandler</a> from startup_stm32h7b0xx.o(.text) referenced from startup_stm32h7b0xx.o(RESET)
 <LI><a href="#[61]">SPI4_IRQHandler</a> from startup_stm32h7b0xx.o(.text) referenced from startup_stm32h7b0xx.o(RESET)
 <LI><a href="#[62]">SPI5_IRQHandler</a> from startup_stm32h7b0xx.o(.text) referenced from startup_stm32h7b0xx.o(RESET)
 <LI><a href="#[63]">SPI6_IRQHandler</a> from startup_stm32h7b0xx.o(.text) referenced from startup_stm32h7b0xx.o(RESET)
 <LI><a href="#[b]">SVC_Handler</a> from stm32h7xx_it.o(.text.SVC_Handler) referenced from startup_stm32h7b0xx.o(RESET)
 <LI><a href="#[74]">SWPMI1_IRQHandler</a> from startup_stm32h7b0xx.o(.text) referenced from startup_stm32h7b0xx.o(RESET)
 <LI><a href="#[e]">SysTick_Handler</a> from stm32h7xx_it.o(.text.SysTick_Handler) referenced from startup_stm32h7b0xx.o(RESET)
 <LI><a href="#[98]">SystemInit</a> from system_stm32h7xx.o(.text.SystemInit) referenced from startup_stm32h7b0xx.o(.text)
 <LI><a href="#[75]">TIM15_IRQHandler</a> from startup_stm32h7b0xx.o(.text) referenced from startup_stm32h7b0xx.o(RESET)
 <LI><a href="#[76]">TIM16_IRQHandler</a> from os.o(.text.TIM16_IRQHandler) referenced from startup_stm32h7b0xx.o(RESET)
 <LI><a href="#[77]">TIM17_IRQHandler</a> from os.o(.text.TIM17_IRQHandler) referenced from startup_stm32h7b0xx.o(RESET)
 <LI><a href="#[27]">TIM1_BRK_IRQHandler</a> from startup_stm32h7b0xx.o(.text) referenced from startup_stm32h7b0xx.o(RESET)
 <LI><a href="#[2a]">TIM1_CC_IRQHandler</a> from startup_stm32h7b0xx.o(.text) referenced from startup_stm32h7b0xx.o(RESET)
 <LI><a href="#[29]">TIM1_TRG_COM_IRQHandler</a> from startup_stm32h7b0xx.o(.text) referenced from startup_stm32h7b0xx.o(RESET)
 <LI><a href="#[28]">TIM1_UP_IRQHandler</a> from startup_stm32h7b0xx.o(.text) referenced from startup_stm32h7b0xx.o(RESET)
 <LI><a href="#[2b]">TIM2_IRQHandler</a> from startup_stm32h7b0xx.o(.text) referenced from startup_stm32h7b0xx.o(RESET)
 <LI><a href="#[2c]">TIM3_IRQHandler</a> from startup_stm32h7b0xx.o(.text) referenced from startup_stm32h7b0xx.o(RESET)
 <LI><a href="#[2d]">TIM4_IRQHandler</a> from startup_stm32h7b0xx.o(.text) referenced from startup_stm32h7b0xx.o(RESET)
 <LI><a href="#[41]">TIM5_IRQHandler</a> from startup_stm32h7b0xx.o(.text) referenced from startup_stm32h7b0xx.o(RESET)
 <LI><a href="#[45]">TIM6_DAC_IRQHandler</a> from startup_stm32h7b0xx.o(.text) referenced from startup_stm32h7b0xx.o(RESET)
 <LI><a href="#[46]">TIM7_IRQHandler</a> from os.o(.text.TIM7_IRQHandler) referenced from startup_stm32h7b0xx.o(RESET)
 <LI><a href="#[3a]">TIM8_BRK_TIM12_IRQHandler</a> from startup_stm32h7b0xx.o(.text) referenced from startup_stm32h7b0xx.o(RESET)
 <LI><a href="#[3d]">TIM8_CC_IRQHandler</a> from startup_stm32h7b0xx.o(.text) referenced from startup_stm32h7b0xx.o(RESET)
 <LI><a href="#[3c]">TIM8_TRG_COM_TIM14_IRQHandler</a> from os.o(.text.TIM8_TRG_COM_TIM14_IRQHandler) referenced from startup_stm32h7b0xx.o(RESET)
 <LI><a href="#[3b]">TIM8_UP_TIM13_IRQHandler</a> from os.o(.text.TIM8_UP_TIM13_IRQHandler) referenced from startup_stm32h7b0xx.o(RESET)
 <LI><a href="#[43]">UART4_IRQHandler</a> from startup_stm32h7b0xx.o(.text) referenced from startup_stm32h7b0xx.o(RESET)
 <LI><a href="#[44]">UART5_IRQHandler</a> from startup_stm32h7b0xx.o(.text) referenced from startup_stm32h7b0xx.o(RESET)
 <LI><a href="#[5f]">UART7_IRQHandler</a> from startup_stm32h7b0xx.o(.text) referenced from startup_stm32h7b0xx.o(RESET)
 <LI><a href="#[60]">UART8_IRQHandler</a> from startup_stm32h7b0xx.o(.text) referenced from startup_stm32h7b0xx.o(RESET)
 <LI><a href="#[8b]">UART9_IRQHandler</a> from startup_stm32h7b0xx.o(.text) referenced from startup_stm32h7b0xx.o(RESET)
 <LI><a href="#[8c]">USART10_IRQHandler</a> from startup_stm32h7b0xx.o(.text) referenced from startup_stm32h7b0xx.o(RESET)
 <LI><a href="#[34]">USART1_IRQHandler</a> from startup_stm32h7b0xx.o(.text) referenced from startup_stm32h7b0xx.o(RESET)
 <LI><a href="#[35]">USART2_IRQHandler</a> from startup_stm32h7b0xx.o(.text) referenced from startup_stm32h7b0xx.o(RESET)
 <LI><a href="#[36]">USART3_IRQHandler</a> from startup_stm32h7b0xx.o(.text) referenced from startup_stm32h7b0xx.o(RESET)
 <LI><a href="#[54]">USART6_IRQHandler</a> from startup_stm32h7b0xx.o(.text) referenced from startup_stm32h7b0xx.o(RESET)
 <LI><a href="#[a]">UsageFault_Handler</a> from stm32h7xx_it.o(.text.UsageFault_Handler) referenced from startup_stm32h7b0xx.o(RESET)
 <LI><a href="#[91]">WAKEUP_PIN_IRQHandler</a> from startup_stm32h7b0xx.o(.text) referenced from startup_stm32h7b0xx.o(RESET)
 <LI><a href="#[f]">WWDG_IRQHandler</a> from startup_stm32h7b0xx.o(.text) referenced from startup_stm32h7b0xx.o(RESET)
 <LI><a href="#[99]">__main</a> from entry.o(.ARM.Collect$$$$00000000) referenced from startup_stm32h7b0xx.o(.text)
 <LI><a href="#[b2]">_sputc</a> from printfa.o(i._sputc) referenced from printfa.o(i.__0sprintf)
 <LI><a href="#[b4]">bsp_lcd_bcl_on</a> from bsp_lcd.o(.text.bsp_lcd_bcl_on) referenced from bsp_lcd.o(os_init_ram)
 <LI><a href="#[a9]">bsp_lcd_get_pixel</a> from bsp_lcd.o(.text.bsp_lcd_get_pixel) referenced 2 times from gui_dev.o(.text.gui_dev_init)
 <LI><a href="#[b3]">bsp_lcd_init</a> from bsp_lcd.o(.text.bsp_lcd_init) referenced from bsp_lcd.o(os_init_ram)
 <LI><a href="#[aa]">bsp_lcd_set_pixel</a> from bsp_lcd.o(.text.bsp_lcd_set_pixel) referenced 2 times from gui_dev.o(.text.gui_dev_init)
 <LI><a href="#[b9]">bsps_enc_gpio_init</a> from bsps_encoder.o(.text.bsps_enc_gpio_init) referenced from bsps_encoder.o(os_init_ram)
 <LI><a href="#[b6]">bsps_gt911_init</a> from bsps_touch.o(.text.bsps_gt911_init) referenced from bsps_touch.o(os_init_ram)
 <LI><a href="#[2]">bsps_gt911_scanf</a> from bsps_touch.o(.text.bsps_gt911_scanf) referenced 2 times from bsps_touch.o(os_tsk_ram)
 <LI><a href="#[b7]">bsps_sa_init</a> from bsps_ad9288.o(.text.bsps_sa_init) referenced from bsps_ad9288.o(os_init_ram)
 <LI><a href="#[ba]">bsps_sa_periph_init</a> from bsps_periph.o(.text.bsps_sa_periph_init) referenced from bsps_periph.o(os_init_ram)
 <LI><a href="#[3]">bsps_thread</a> from bsps_thread.o(.text.bsps_thread) referenced 2 times from bsps_thread.o(os_tsk_ram)
 <LI><a href="#[b8]">bsps_thread_init</a> from bsps_thread.o(.text.bsps_thread_init) referenced from bsps_thread.o(os_init_ram)
 <LI><a href="#[9a]">bsps_time_dec</a> from bsps_periph.o(.text.bsps_time_dec) referenced 2 times from bsps_encoder.o(.text.HAL_GPIO_EXTI_Callback)
 <LI><a href="#[9b]">bsps_time_inc</a> from bsps_periph.o(.text.bsps_time_inc) referenced 2 times from bsps_encoder.o(.text.HAL_GPIO_EXTI_Callback)
 <LI><a href="#[a4]">bsps_touch_ch12_exit_menu_task</a> from bsps_touch.o(.text.bsps_touch_ch12_exit_menu_task) referenced 4 times from bsps_touch.o(.text.bsps_touch_task)
 <LI><a href="#[a1]">bsps_touch_ch1_coup_task</a> from bsps_touch.o(.text.bsps_touch_ch1_coup_task) referenced 2 times from bsps_touch.o(.text.bsps_touch_task)
 <LI><a href="#[9f]">bsps_touch_ch1_ctl_task</a> from bsps_touch.o(.text.bsps_touch_ch1_ctl_task) referenced 2 times from bsps_touch.o(.text.bsps_touch_task)
 <LI><a href="#[a3]">bsps_touch_ch1_en_task</a> from bsps_touch.o(.text.bsps_touch_ch1_en_task) referenced 2 times from bsps_touch.o(.text.bsps_touch_task)
 <LI><a href="#[a2]">bsps_touch_ch1_ratio_task</a> from bsps_touch.o(.text.bsps_touch_ch1_ratio_task) referenced 2 times from bsps_touch.o(.text.bsps_touch_task)
 <LI><a href="#[a5]">bsps_touch_ch2_coup_task</a> from bsps_touch.o(.text.bsps_touch_ch2_coup_task) referenced 2 times from bsps_touch.o(.text.bsps_touch_task)
 <LI><a href="#[a0]">bsps_touch_ch2_ctl_task</a> from bsps_touch.o(.text.bsps_touch_ch2_ctl_task) referenced 2 times from bsps_touch.o(.text.bsps_touch_task)
 <LI><a href="#[a7]">bsps_touch_ch2_en_task</a> from bsps_touch.o(.text.bsps_touch_ch2_en_task) referenced 2 times from bsps_touch.o(.text.bsps_touch_task)
 <LI><a href="#[a6]">bsps_touch_ch2_ratio_task</a> from bsps_touch.o(.text.bsps_touch_ch2_ratio_task) referenced 2 times from bsps_touch.o(.text.bsps_touch_task)
 <LI><a href="#[a8]">bsps_touch_trig_task</a> from bsps_touch.o(.text.bsps_touch_trig_task) referenced 2 times from bsps_touch.o(.text.bsps_touch_task)
 <LI><a href="#[0]">bsps_ui_is_trig</a> from bsps_ui.o(.text.bsps_ui_is_trig) referenced 2 times from bsps_ui.o(os_tsk_ram)
 <LI><a href="#[ab]">bsps_ui_main_win_draw</a> from bsps_ui.o(.text.bsps_ui_main_win_draw) referenced 2 times from bsps_ui.o(.text.osc_calculate_main_size)
 <LI><a href="#[b5]">bsps_ui_wave_init</a> from bsps_ui.o(.text.bsps_ui_wave_init) referenced from bsps_ui.o(os_init_ram)
 <LI><a href="#[9d]">bsps_vol_scale_dec_ch2</a> from bsps_periph.o(.text.bsps_vol_scale_dec_ch2) referenced 2 times from bsps_encoder.o(.text.HAL_GPIO_EXTI_Callback)
 <LI><a href="#[9c]">bsps_vol_scale_inc_ch2</a> from bsps_periph.o(.text.bsps_vol_scale_inc_ch2) referenced 2 times from bsps_encoder.o(.text.HAL_GPIO_EXTI_Callback)
 <LI><a href="#[b1]">fputc</a> from retarget_io.o(.text.fputc) referenced from printfa.o(i.__0printf)
 <LI><a href="#[bd]">gui_dev_init</a> from gui_dev.o(.text.gui_dev_init) referenced from gui.o(os_init_ram)
 <LI><a href="#[be]">gui_draw_task</a> from gui.o(.text.gui_draw_task) referenced from gui.o(os_init_ram)
 <LI><a href="#[4]">gui_thread</a> from gui.o(.text.gui_thread) referenced 2 times from gui.o(os_tsk_ram)
 <LI><a href="#[97]">main</a> from main.o(.text.main) referenced from entry9a.o(.ARM.Collect$$$$0000000B)
 <LI><a href="#[1]">osc_cfg_task</a> from bsps_ui.o(.text.osc_cfg_task) referenced 2 times from bsps_ui.o(os_tsk_ram)
 <LI><a href="#[ac]">osc_draw_trig_line</a> from bsps_ui.o(.text.osc_draw_trig_line) referenced 2 times from bsps_ui.o(.text.osc_calculate_trig_line)
 <LI><a href="#[af]">osc_ui_btn_draw</a> from bsps_ui.o(.text.osc_ui_btn_draw) referenced 2 times from bsps_ui.o(.text.osc_ui_ch12_ctl_btn_calculate)
 <LI><a href="#[af]">osc_ui_btn_draw</a> from bsps_ui.o(.text.osc_ui_btn_draw) referenced 2 times from bsps_ui.o(.text.osc_ui_right_btn_calculate)
 <LI><a href="#[af]">osc_ui_btn_draw</a> from bsps_ui.o(.text.osc_ui_btn_draw) referenced 2 times from bsps_ui.o(.text.osc_ui_trig_btn_calculate)
 <LI><a href="#[ae]">osc_ui_ch12_btn_draw</a> from bsps_ui.o(.text.osc_ui_ch12_btn_draw) referenced 2 times from bsps_ui.o(.text.osc_ui_ch12_btn_calculate)
 <LI><a href="#[ae]">osc_ui_ch12_btn_draw</a> from bsps_ui.o(.text.osc_ui_ch12_btn_draw) referenced 2 times from bsps_ui.o(.text.osc_ui_trig_menu_btn_calculate)
 <LI><a href="#[b0]">osc_ui_ch12_menu_draw</a> from bsps_ui.o(.text.osc_ui_ch12_menu_draw) referenced 2 times from bsps_ui.o(.text.osc_ui_ch12_menu_calculate)
 <LI><a href="#[b0]">osc_ui_ch12_menu_draw</a> from bsps_ui.o(.text.osc_ui_ch12_menu_draw) referenced 2 times from bsps_ui.o(.text.osc_ui_trig_menu_calculate)
 <LI><a href="#[ad]">osc_ui_ch_btn_draw</a> from bsps_ui.o(.text.osc_ui_ch_btn_draw) referenced 2 times from bsps_ui.o(.text.osc_ui_ch12_btn_calculate)
 <LI><a href="#[ad]">osc_ui_ch_btn_draw</a> from bsps_ui.o(.text.osc_ui_ch_btn_draw) referenced 2 times from bsps_ui.o(.text.osc_ui_trig_menu_btn_calculate)
 <LI><a href="#[bc]">thread_start_it</a> from os.o(.text.thread_start_it) referenced from os.o(os_init_ram)
 <LI><a href="#[bb]">thread_timer_init</a> from os.o(.text.thread_timer_init) referenced from os.o(os_init_ram)
 <LI><a href="#[9e]">touch_test_task</a> from bsps_touch.o(.text.touch_test_task) referenced 2 times from bsps_touch.o(.text.bsps_touch_task)
</UL>
<P>
<H3>
Global Symbols
</H3>
<P><STRONG><a name="[99]"></a>__main</STRONG> (Thumb, 0 bytes, Stack size unknown bytes, entry.o(.ARM.Collect$$$$00000000))
<BR>[Address Reference Count : 1]<UL><LI> startup_stm32h7b0xx.o(.text)
</UL>
<P><STRONG><a name="[1c1]"></a>_main_stk</STRONG> (Thumb, 0 bytes, Stack size unknown bytes, entry2.o(.ARM.Collect$$$$00000001))

<P><STRONG><a name="[bf]"></a>_main_scatterload</STRONG> (Thumb, 0 bytes, Stack size unknown bytes, entry5.o(.ARM.Collect$$$$00000004))
<BR><BR>[Calls]<UL><LI><a href="#[c0]">&gt;&gt;</a>&nbsp;&nbsp;&nbsp;__scatterload
</UL>

<P><STRONG><a name="[d0]"></a>__main_after_scatterload</STRONG> (Thumb, 0 bytes, Stack size unknown bytes, entry5.o(.ARM.Collect$$$$00000004))
<BR><BR>[Called By]<UL><LI><a href="#[c0]">&gt;&gt;</a>&nbsp;&nbsp;&nbsp;__scatterload
</UL>

<P><STRONG><a name="[1c2]"></a>_main_clock</STRONG> (Thumb, 0 bytes, Stack size unknown bytes, entry7b.o(.ARM.Collect$$$$00000008))

<P><STRONG><a name="[1c3]"></a>_main_cpp_init</STRONG> (Thumb, 0 bytes, Stack size unknown bytes, entry8b.o(.ARM.Collect$$$$0000000A))

<P><STRONG><a name="[1c4]"></a>_main_init</STRONG> (Thumb, 0 bytes, Stack size unknown bytes, entry9a.o(.ARM.Collect$$$$0000000B))

<P><STRONG><a name="[1c5]"></a>__rt_final_cpp</STRONG> (Thumb, 0 bytes, Stack size unknown bytes, entry10a.o(.ARM.Collect$$$$0000000D))

<P><STRONG><a name="[1c6]"></a>__rt_final_exit</STRONG> (Thumb, 0 bytes, Stack size unknown bytes, entry11a.o(.ARM.Collect$$$$0000000F))

<P><STRONG><a name="[5]"></a>Reset_Handler</STRONG> (Thumb, 8 bytes, Stack size 0 bytes, startup_stm32h7b0xx.o(.text))
<BR>[Address Reference Count : 1]<UL><LI> startup_stm32h7b0xx.o(RESET)
</UL>
<P><STRONG><a name="[21]"></a>ADC_IRQHandler</STRONG> (Thumb, 0 bytes, Stack size 0 bytes, startup_stm32h7b0xx.o(.text))
<BR><BR>[Calls]<UL><LI><a href="#[21]">&gt;&gt;</a>&nbsp;&nbsp;&nbsp;ADC_IRQHandler
</UL>
<BR>[Called By]<UL><LI><a href="#[21]">&gt;&gt;</a>&nbsp;&nbsp;&nbsp;ADC_IRQHandler
</UL>
<BR>[Address Reference Count : 1]<UL><LI> startup_stm32h7b0xx.o(RESET)
</UL>
<P><STRONG><a name="[96]"></a>BDMA1_IRQHandler</STRONG> (Thumb, 0 bytes, Stack size 0 bytes, startup_stm32h7b0xx.o(.text))
<BR>[Address Reference Count : 1]<UL><LI> startup_stm32h7b0xx.o(RESET)
</UL>
<P><STRONG><a name="[80]"></a>BDMA2_Channel0_IRQHandler</STRONG> (Thumb, 0 bytes, Stack size 0 bytes, startup_stm32h7b0xx.o(.text))
<BR>[Address Reference Count : 1]<UL><LI> startup_stm32h7b0xx.o(RESET)
</UL>
<P><STRONG><a name="[81]"></a>BDMA2_Channel1_IRQHandler</STRONG> (Thumb, 0 bytes, Stack size 0 bytes, startup_stm32h7b0xx.o(.text))
<BR>[Address Reference Count : 1]<UL><LI> startup_stm32h7b0xx.o(RESET)
</UL>
<P><STRONG><a name="[82]"></a>BDMA2_Channel2_IRQHandler</STRONG> (Thumb, 0 bytes, Stack size 0 bytes, startup_stm32h7b0xx.o(.text))
<BR>[Address Reference Count : 1]<UL><LI> startup_stm32h7b0xx.o(RESET)
</UL>
<P><STRONG><a name="[83]"></a>BDMA2_Channel3_IRQHandler</STRONG> (Thumb, 0 bytes, Stack size 0 bytes, startup_stm32h7b0xx.o(.text))
<BR>[Address Reference Count : 1]<UL><LI> startup_stm32h7b0xx.o(RESET)
</UL>
<P><STRONG><a name="[84]"></a>BDMA2_Channel4_IRQHandler</STRONG> (Thumb, 0 bytes, Stack size 0 bytes, startup_stm32h7b0xx.o(.text))
<BR>[Address Reference Count : 1]<UL><LI> startup_stm32h7b0xx.o(RESET)
</UL>
<P><STRONG><a name="[85]"></a>BDMA2_Channel5_IRQHandler</STRONG> (Thumb, 0 bytes, Stack size 0 bytes, startup_stm32h7b0xx.o(.text))
<BR>[Address Reference Count : 1]<UL><LI> startup_stm32h7b0xx.o(RESET)
</UL>
<P><STRONG><a name="[86]"></a>BDMA2_Channel6_IRQHandler</STRONG> (Thumb, 0 bytes, Stack size 0 bytes, startup_stm32h7b0xx.o(.text))
<BR>[Address Reference Count : 1]<UL><LI> startup_stm32h7b0xx.o(RESET)
</UL>
<P><STRONG><a name="[87]"></a>BDMA2_Channel7_IRQHandler</STRONG> (Thumb, 0 bytes, Stack size 0 bytes, startup_stm32h7b0xx.o(.text))
<BR>[Address Reference Count : 1]<UL><LI> startup_stm32h7b0xx.o(RESET)
</UL>
<P><STRONG><a name="[6b]"></a>CEC_IRQHandler</STRONG> (Thumb, 0 bytes, Stack size 0 bytes, startup_stm32h7b0xx.o(.text))
<BR>[Address Reference Count : 1]<UL><LI> startup_stm32h7b0xx.o(RESET)
</UL>
<P><STRONG><a name="[88]"></a>COMP_IRQHandler</STRONG> (Thumb, 0 bytes, Stack size 0 bytes, startup_stm32h7b0xx.o(.text))
<BR>[Address Reference Count : 1]<UL><LI> startup_stm32h7b0xx.o(RESET)
</UL>
<P><STRONG><a name="[8e]"></a>CRS_IRQHandler</STRONG> (Thumb, 0 bytes, Stack size 0 bytes, startup_stm32h7b0xx.o(.text))
<BR>[Address Reference Count : 1]<UL><LI> startup_stm32h7b0xx.o(RESET)
</UL>
<P><STRONG><a name="[5c]"></a>CRYP_IRQHandler</STRONG> (Thumb, 0 bytes, Stack size 0 bytes, startup_stm32h7b0xx.o(.text))
<BR>[Address Reference Count : 1]<UL><LI> startup_stm32h7b0xx.o(RESET)
</UL>
<P><STRONG><a name="[7e]"></a>DAC2_IRQHandler</STRONG> (Thumb, 0 bytes, Stack size 0 bytes, startup_stm32h7b0xx.o(.text))
<BR>[Address Reference Count : 1]<UL><LI> startup_stm32h7b0xx.o(RESET)
</UL>
<P><STRONG><a name="[5b]"></a>DCMI_PSSI_IRQHandler</STRONG> (Thumb, 0 bytes, Stack size 0 bytes, startup_stm32h7b0xx.o(.text))
<BR>[Address Reference Count : 1]<UL><LI> startup_stm32h7b0xx.o(RESET)
</UL>
<P><STRONG><a name="[70]"></a>DFSDM1_FLT0_IRQHandler</STRONG> (Thumb, 0 bytes, Stack size 0 bytes, startup_stm32h7b0xx.o(.text))
<BR>[Address Reference Count : 1]<UL><LI> startup_stm32h7b0xx.o(RESET)
</UL>
<P><STRONG><a name="[71]"></a>DFSDM1_FLT1_IRQHandler</STRONG> (Thumb, 0 bytes, Stack size 0 bytes, startup_stm32h7b0xx.o(.text))
<BR>[Address Reference Count : 1]<UL><LI> startup_stm32h7b0xx.o(RESET)
</UL>
<P><STRONG><a name="[72]"></a>DFSDM1_FLT2_IRQHandler</STRONG> (Thumb, 0 bytes, Stack size 0 bytes, startup_stm32h7b0xx.o(.text))
<BR>[Address Reference Count : 1]<UL><LI> startup_stm32h7b0xx.o(RESET)
</UL>
<P><STRONG><a name="[73]"></a>DFSDM1_FLT3_IRQHandler</STRONG> (Thumb, 0 bytes, Stack size 0 bytes, startup_stm32h7b0xx.o(.text))
<BR>[Address Reference Count : 1]<UL><LI> startup_stm32h7b0xx.o(RESET)
</UL>
<P><STRONG><a name="[4d]"></a>DFSDM1_FLT4_IRQHandler</STRONG> (Thumb, 0 bytes, Stack size 0 bytes, startup_stm32h7b0xx.o(.text))
<BR>[Address Reference Count : 1]<UL><LI> startup_stm32h7b0xx.o(RESET)
</UL>
<P><STRONG><a name="[4e]"></a>DFSDM1_FLT5_IRQHandler</STRONG> (Thumb, 0 bytes, Stack size 0 bytes, startup_stm32h7b0xx.o(.text))
<BR>[Address Reference Count : 1]<UL><LI> startup_stm32h7b0xx.o(RESET)
</UL>
<P><STRONG><a name="[4f]"></a>DFSDM1_FLT6_IRQHandler</STRONG> (Thumb, 0 bytes, Stack size 0 bytes, startup_stm32h7b0xx.o(.text))
<BR>[Address Reference Count : 1]<UL><LI> startup_stm32h7b0xx.o(RESET)
</UL>
<P><STRONG><a name="[50]"></a>DFSDM1_FLT7_IRQHandler</STRONG> (Thumb, 0 bytes, Stack size 0 bytes, startup_stm32h7b0xx.o(.text))
<BR>[Address Reference Count : 1]<UL><LI> startup_stm32h7b0xx.o(RESET)
</UL>
<P><STRONG><a name="[39]"></a>DFSDM2_IRQHandler</STRONG> (Thumb, 0 bytes, Stack size 0 bytes, startup_stm32h7b0xx.o(.text))
<BR>[Address Reference Count : 1]<UL><LI> startup_stm32h7b0xx.o(RESET)
</UL>
<P><STRONG><a name="[1a]"></a>DMA1_Stream0_IRQHandler</STRONG> (Thumb, 0 bytes, Stack size 0 bytes, startup_stm32h7b0xx.o(.text))
<BR>[Address Reference Count : 1]<UL><LI> startup_stm32h7b0xx.o(RESET)
</UL>
<P><STRONG><a name="[1b]"></a>DMA1_Stream1_IRQHandler</STRONG> (Thumb, 0 bytes, Stack size 0 bytes, startup_stm32h7b0xx.o(.text))
<BR>[Address Reference Count : 1]<UL><LI> startup_stm32h7b0xx.o(RESET)
</UL>
<P><STRONG><a name="[1d]"></a>DMA1_Stream3_IRQHandler</STRONG> (Thumb, 0 bytes, Stack size 0 bytes, startup_stm32h7b0xx.o(.text))
<BR>[Address Reference Count : 1]<UL><LI> startup_stm32h7b0xx.o(RESET)
</UL>
<P><STRONG><a name="[1e]"></a>DMA1_Stream4_IRQHandler</STRONG> (Thumb, 0 bytes, Stack size 0 bytes, startup_stm32h7b0xx.o(.text))
<BR>[Address Reference Count : 1]<UL><LI> startup_stm32h7b0xx.o(RESET)
</UL>
<P><STRONG><a name="[1f]"></a>DMA1_Stream5_IRQHandler</STRONG> (Thumb, 0 bytes, Stack size 0 bytes, startup_stm32h7b0xx.o(.text))
<BR>[Address Reference Count : 1]<UL><LI> startup_stm32h7b0xx.o(RESET)
</UL>
<P><STRONG><a name="[20]"></a>DMA1_Stream6_IRQHandler</STRONG> (Thumb, 0 bytes, Stack size 0 bytes, startup_stm32h7b0xx.o(.text))
<BR>[Address Reference Count : 1]<UL><LI> startup_stm32h7b0xx.o(RESET)
</UL>
<P><STRONG><a name="[3e]"></a>DMA1_Stream7_IRQHandler</STRONG> (Thumb, 0 bytes, Stack size 0 bytes, startup_stm32h7b0xx.o(.text))
<BR>[Address Reference Count : 1]<UL><LI> startup_stm32h7b0xx.o(RESET)
</UL>
<P><STRONG><a name="[67]"></a>DMA2D_IRQHandler</STRONG> (Thumb, 0 bytes, Stack size 0 bytes, startup_stm32h7b0xx.o(.text))
<BR>[Address Reference Count : 1]<UL><LI> startup_stm32h7b0xx.o(RESET)
</UL>
<P><STRONG><a name="[48]"></a>DMA2_Stream1_IRQHandler</STRONG> (Thumb, 0 bytes, Stack size 0 bytes, startup_stm32h7b0xx.o(.text))
<BR>[Address Reference Count : 1]<UL><LI> startup_stm32h7b0xx.o(RESET)
</UL>
<P><STRONG><a name="[49]"></a>DMA2_Stream2_IRQHandler</STRONG> (Thumb, 0 bytes, Stack size 0 bytes, startup_stm32h7b0xx.o(.text))
<BR>[Address Reference Count : 1]<UL><LI> startup_stm32h7b0xx.o(RESET)
</UL>
<P><STRONG><a name="[4a]"></a>DMA2_Stream3_IRQHandler</STRONG> (Thumb, 0 bytes, Stack size 0 bytes, startup_stm32h7b0xx.o(.text))
<BR>[Address Reference Count : 1]<UL><LI> startup_stm32h7b0xx.o(RESET)
</UL>
<P><STRONG><a name="[4b]"></a>DMA2_Stream4_IRQHandler</STRONG> (Thumb, 0 bytes, Stack size 0 bytes, startup_stm32h7b0xx.o(.text))
<BR>[Address Reference Count : 1]<UL><LI> startup_stm32h7b0xx.o(RESET)
</UL>
<P><STRONG><a name="[51]"></a>DMA2_Stream5_IRQHandler</STRONG> (Thumb, 0 bytes, Stack size 0 bytes, startup_stm32h7b0xx.o(.text))
<BR>[Address Reference Count : 1]<UL><LI> startup_stm32h7b0xx.o(RESET)
</UL>
<P><STRONG><a name="[52]"></a>DMA2_Stream6_IRQHandler</STRONG> (Thumb, 0 bytes, Stack size 0 bytes, startup_stm32h7b0xx.o(.text))
<BR>[Address Reference Count : 1]<UL><LI> startup_stm32h7b0xx.o(RESET)
</UL>
<P><STRONG><a name="[53]"></a>DMA2_Stream7_IRQHandler</STRONG> (Thumb, 0 bytes, Stack size 0 bytes, startup_stm32h7b0xx.o(.text))
<BR>[Address Reference Count : 1]<UL><LI> startup_stm32h7b0xx.o(RESET)
</UL>
<P><STRONG><a name="[6f]"></a>DMAMUX1_OVR_IRQHandler</STRONG> (Thumb, 0 bytes, Stack size 0 bytes, startup_stm32h7b0xx.o(.text))
<BR>[Address Reference Count : 1]<UL><LI> startup_stm32h7b0xx.o(RESET)
</UL>
<P><STRONG><a name="[7f]"></a>DMAMUX2_OVR_IRQHandler</STRONG> (Thumb, 0 bytes, Stack size 0 bytes, startup_stm32h7b0xx.o(.text))
<BR>[Address Reference Count : 1]<UL><LI> startup_stm32h7b0xx.o(RESET)
</UL>
<P><STRONG><a name="[90]"></a>DTS_IRQHandler</STRONG> (Thumb, 0 bytes, Stack size 0 bytes, startup_stm32h7b0xx.o(.text))
<BR>[Address Reference Count : 1]<UL><LI> startup_stm32h7b0xx.o(RESET)
</UL>
<P><STRONG><a name="[8f]"></a>ECC_IRQHandler</STRONG> (Thumb, 0 bytes, Stack size 0 bytes, startup_stm32h7b0xx.o(.text))
<BR>[Address Reference Count : 1]<UL><LI> startup_stm32h7b0xx.o(RESET)
</UL>
<P><STRONG><a name="[16]"></a>EXTI1_IRQHandler</STRONG> (Thumb, 0 bytes, Stack size 0 bytes, startup_stm32h7b0xx.o(.text))
<BR>[Address Reference Count : 1]<UL><LI> startup_stm32h7b0xx.o(RESET)
</UL>
<P><STRONG><a name="[17]"></a>EXTI2_IRQHandler</STRONG> (Thumb, 0 bytes, Stack size 0 bytes, startup_stm32h7b0xx.o(.text))
<BR>[Address Reference Count : 1]<UL><LI> startup_stm32h7b0xx.o(RESET)
</UL>
<P><STRONG><a name="[19]"></a>EXTI4_IRQHandler</STRONG> (Thumb, 0 bytes, Stack size 0 bytes, startup_stm32h7b0xx.o(.text))
<BR>[Address Reference Count : 1]<UL><LI> startup_stm32h7b0xx.o(RESET)
</UL>
<P><STRONG><a name="[26]"></a>EXTI9_5_IRQHandler</STRONG> (Thumb, 0 bytes, Stack size 0 bytes, startup_stm32h7b0xx.o(.text))
<BR>[Address Reference Count : 1]<UL><LI> startup_stm32h7b0xx.o(RESET)
</UL>
<P><STRONG><a name="[22]"></a>FDCAN1_IT0_IRQHandler</STRONG> (Thumb, 0 bytes, Stack size 0 bytes, startup_stm32h7b0xx.o(.text))
<BR>[Address Reference Count : 1]<UL><LI> startup_stm32h7b0xx.o(RESET)
</UL>
<P><STRONG><a name="[24]"></a>FDCAN1_IT1_IRQHandler</STRONG> (Thumb, 0 bytes, Stack size 0 bytes, startup_stm32h7b0xx.o(.text))
<BR>[Address Reference Count : 1]<UL><LI> startup_stm32h7b0xx.o(RESET)
</UL>
<P><STRONG><a name="[23]"></a>FDCAN2_IT0_IRQHandler</STRONG> (Thumb, 0 bytes, Stack size 0 bytes, startup_stm32h7b0xx.o(.text))
<BR>[Address Reference Count : 1]<UL><LI> startup_stm32h7b0xx.o(RESET)
</UL>
<P><STRONG><a name="[25]"></a>FDCAN2_IT1_IRQHandler</STRONG> (Thumb, 0 bytes, Stack size 0 bytes, startup_stm32h7b0xx.o(.text))
<BR>[Address Reference Count : 1]<UL><LI> startup_stm32h7b0xx.o(RESET)
</UL>
<P><STRONG><a name="[4c]"></a>FDCAN_CAL_IRQHandler</STRONG> (Thumb, 0 bytes, Stack size 0 bytes, startup_stm32h7b0xx.o(.text))
<BR>[Address Reference Count : 1]<UL><LI> startup_stm32h7b0xx.o(RESET)
</UL>
<P><STRONG><a name="[13]"></a>FLASH_IRQHandler</STRONG> (Thumb, 0 bytes, Stack size 0 bytes, startup_stm32h7b0xx.o(.text))
<BR>[Address Reference Count : 1]<UL><LI> startup_stm32h7b0xx.o(RESET)
</UL>
<P><STRONG><a name="[3f]"></a>FMC_IRQHandler</STRONG> (Thumb, 0 bytes, Stack size 0 bytes, startup_stm32h7b0xx.o(.text))
<BR>[Address Reference Count : 1]<UL><LI> startup_stm32h7b0xx.o(RESET)
</UL>
<P><STRONG><a name="[5e]"></a>FPU_IRQHandler</STRONG> (Thumb, 0 bytes, Stack size 0 bytes, startup_stm32h7b0xx.o(.text))
<BR>[Address Reference Count : 1]<UL><LI> startup_stm32h7b0xx.o(RESET)
</UL>
<P><STRONG><a name="[95]"></a>GFXMMU_IRQHandler</STRONG> (Thumb, 0 bytes, Stack size 0 bytes, startup_stm32h7b0xx.o(.text))
<BR>[Address Reference Count : 1]<UL><LI> startup_stm32h7b0xx.o(RESET)
</UL>
<P><STRONG><a name="[5d]"></a>HASH_RNG_IRQHandler</STRONG> (Thumb, 0 bytes, Stack size 0 bytes, startup_stm32h7b0xx.o(.text))
<BR>[Address Reference Count : 1]<UL><LI> startup_stm32h7b0xx.o(RESET)
</UL>
<P><STRONG><a name="[7d]"></a>HSEM1_IRQHandler</STRONG> (Thumb, 0 bytes, Stack size 0 bytes, startup_stm32h7b0xx.o(.text))
<BR>[Address Reference Count : 1]<UL><LI> startup_stm32h7b0xx.o(RESET)
</UL>
<P><STRONG><a name="[2f]"></a>I2C1_ER_IRQHandler</STRONG> (Thumb, 0 bytes, Stack size 0 bytes, startup_stm32h7b0xx.o(.text))
<BR>[Address Reference Count : 1]<UL><LI> startup_stm32h7b0xx.o(RESET)
</UL>
<P><STRONG><a name="[2e]"></a>I2C1_EV_IRQHandler</STRONG> (Thumb, 0 bytes, Stack size 0 bytes, startup_stm32h7b0xx.o(.text))
<BR>[Address Reference Count : 1]<UL><LI> startup_stm32h7b0xx.o(RESET)
</UL>
<P><STRONG><a name="[31]"></a>I2C2_ER_IRQHandler</STRONG> (Thumb, 0 bytes, Stack size 0 bytes, startup_stm32h7b0xx.o(.text))
<BR>[Address Reference Count : 1]<UL><LI> startup_stm32h7b0xx.o(RESET)
</UL>
<P><STRONG><a name="[30]"></a>I2C2_EV_IRQHandler</STRONG> (Thumb, 0 bytes, Stack size 0 bytes, startup_stm32h7b0xx.o(.text))
<BR>[Address Reference Count : 1]<UL><LI> startup_stm32h7b0xx.o(RESET)
</UL>
<P><STRONG><a name="[56]"></a>I2C3_ER_IRQHandler</STRONG> (Thumb, 0 bytes, Stack size 0 bytes, startup_stm32h7b0xx.o(.text))
<BR>[Address Reference Count : 1]<UL><LI> startup_stm32h7b0xx.o(RESET)
</UL>
<P><STRONG><a name="[55]"></a>I2C3_EV_IRQHandler</STRONG> (Thumb, 0 bytes, Stack size 0 bytes, startup_stm32h7b0xx.o(.text))
<BR>[Address Reference Count : 1]<UL><LI> startup_stm32h7b0xx.o(RESET)
</UL>
<P><STRONG><a name="[6d]"></a>I2C4_ER_IRQHandler</STRONG> (Thumb, 0 bytes, Stack size 0 bytes, startup_stm32h7b0xx.o(.text))
<BR>[Address Reference Count : 1]<UL><LI> startup_stm32h7b0xx.o(RESET)
</UL>
<P><STRONG><a name="[6c]"></a>I2C4_EV_IRQHandler</STRONG> (Thumb, 0 bytes, Stack size 0 bytes, startup_stm32h7b0xx.o(.text))
<BR>[Address Reference Count : 1]<UL><LI> startup_stm32h7b0xx.o(RESET)
</UL>
<P><STRONG><a name="[7a]"></a>JPEG_IRQHandler</STRONG> (Thumb, 0 bytes, Stack size 0 bytes, startup_stm32h7b0xx.o(.text))
<BR>[Address Reference Count : 1]<UL><LI> startup_stm32h7b0xx.o(RESET)
</UL>
<P><STRONG><a name="[6a]"></a>LPTIM1_IRQHandler</STRONG> (Thumb, 0 bytes, Stack size 0 bytes, startup_stm32h7b0xx.o(.text))
<BR>[Address Reference Count : 1]<UL><LI> startup_stm32h7b0xx.o(RESET)
</UL>
<P><STRONG><a name="[89]"></a>LPTIM2_IRQHandler</STRONG> (Thumb, 0 bytes, Stack size 0 bytes, startup_stm32h7b0xx.o(.text))
<BR>[Address Reference Count : 1]<UL><LI> startup_stm32h7b0xx.o(RESET)
</UL>
<P><STRONG><a name="[8a]"></a>LPTIM3_IRQHandler</STRONG> (Thumb, 0 bytes, Stack size 0 bytes, startup_stm32h7b0xx.o(.text))
<BR>[Address Reference Count : 1]<UL><LI> startup_stm32h7b0xx.o(RESET)
</UL>
<P><STRONG><a name="[8d]"></a>LPUART1_IRQHandler</STRONG> (Thumb, 0 bytes, Stack size 0 bytes, startup_stm32h7b0xx.o(.text))
<BR>[Address Reference Count : 1]<UL><LI> startup_stm32h7b0xx.o(RESET)
</UL>
<P><STRONG><a name="[66]"></a>LTDC_ER_IRQHandler</STRONG> (Thumb, 0 bytes, Stack size 0 bytes, startup_stm32h7b0xx.o(.text))
<BR>[Address Reference Count : 1]<UL><LI> startup_stm32h7b0xx.o(RESET)
</UL>
<P><STRONG><a name="[79]"></a>MDIOS_IRQHandler</STRONG> (Thumb, 0 bytes, Stack size 0 bytes, startup_stm32h7b0xx.o(.text))
<BR>[Address Reference Count : 1]<UL><LI> startup_stm32h7b0xx.o(RESET)
</UL>
<P><STRONG><a name="[78]"></a>MDIOS_WKUP_IRQHandler</STRONG> (Thumb, 0 bytes, Stack size 0 bytes, startup_stm32h7b0xx.o(.text))
<BR>[Address Reference Count : 1]<UL><LI> startup_stm32h7b0xx.o(RESET)
</UL>
<P><STRONG><a name="[7b]"></a>MDMA_IRQHandler</STRONG> (Thumb, 0 bytes, Stack size 0 bytes, startup_stm32h7b0xx.o(.text))
<BR>[Address Reference Count : 1]<UL><LI> startup_stm32h7b0xx.o(RESET)
</UL>
<P><STRONG><a name="[69]"></a>OCTOSPI1_IRQHandler</STRONG> (Thumb, 0 bytes, Stack size 0 bytes, startup_stm32h7b0xx.o(.text))
<BR>[Address Reference Count : 1]<UL><LI> startup_stm32h7b0xx.o(RESET)
</UL>
<P><STRONG><a name="[92]"></a>OCTOSPI2_IRQHandler</STRONG> (Thumb, 0 bytes, Stack size 0 bytes, startup_stm32h7b0xx.o(.text))
<BR>[Address Reference Count : 1]<UL><LI> startup_stm32h7b0xx.o(RESET)
</UL>
<P><STRONG><a name="[93]"></a>OTFDEC1_IRQHandler</STRONG> (Thumb, 0 bytes, Stack size 0 bytes, startup_stm32h7b0xx.o(.text))
<BR>[Address Reference Count : 1]<UL><LI> startup_stm32h7b0xx.o(RESET)
</UL>
<P><STRONG><a name="[94]"></a>OTFDEC2_IRQHandler</STRONG> (Thumb, 0 bytes, Stack size 0 bytes, startup_stm32h7b0xx.o(.text))
<BR>[Address Reference Count : 1]<UL><LI> startup_stm32h7b0xx.o(RESET)
</UL>
<P><STRONG><a name="[58]"></a>OTG_HS_EP1_IN_IRQHandler</STRONG> (Thumb, 0 bytes, Stack size 0 bytes, startup_stm32h7b0xx.o(.text))
<BR>[Address Reference Count : 1]<UL><LI> startup_stm32h7b0xx.o(RESET)
</UL>
<P><STRONG><a name="[57]"></a>OTG_HS_EP1_OUT_IRQHandler</STRONG> (Thumb, 0 bytes, Stack size 0 bytes, startup_stm32h7b0xx.o(.text))
<BR>[Address Reference Count : 1]<UL><LI> startup_stm32h7b0xx.o(RESET)
</UL>
<P><STRONG><a name="[5a]"></a>OTG_HS_IRQHandler</STRONG> (Thumb, 0 bytes, Stack size 0 bytes, startup_stm32h7b0xx.o(.text))
<BR>[Address Reference Count : 1]<UL><LI> startup_stm32h7b0xx.o(RESET)
</UL>
<P><STRONG><a name="[59]"></a>OTG_HS_WKUP_IRQHandler</STRONG> (Thumb, 0 bytes, Stack size 0 bytes, startup_stm32h7b0xx.o(.text))
<BR>[Address Reference Count : 1]<UL><LI> startup_stm32h7b0xx.o(RESET)
</UL>
<P><STRONG><a name="[10]"></a>PVD_PVM_IRQHandler</STRONG> (Thumb, 0 bytes, Stack size 0 bytes, startup_stm32h7b0xx.o(.text))
<BR>[Address Reference Count : 1]<UL><LI> startup_stm32h7b0xx.o(RESET)
</UL>
<P><STRONG><a name="[14]"></a>RCC_IRQHandler</STRONG> (Thumb, 0 bytes, Stack size 0 bytes, startup_stm32h7b0xx.o(.text))
<BR>[Address Reference Count : 1]<UL><LI> startup_stm32h7b0xx.o(RESET)
</UL>
<P><STRONG><a name="[38]"></a>RTC_Alarm_IRQHandler</STRONG> (Thumb, 0 bytes, Stack size 0 bytes, startup_stm32h7b0xx.o(.text))
<BR>[Address Reference Count : 1]<UL><LI> startup_stm32h7b0xx.o(RESET)
</UL>
<P><STRONG><a name="[11]"></a>RTC_TAMP_STAMP_CSS_LSE_IRQHandler</STRONG> (Thumb, 0 bytes, Stack size 0 bytes, startup_stm32h7b0xx.o(.text))
<BR>[Address Reference Count : 1]<UL><LI> startup_stm32h7b0xx.o(RESET)
</UL>
<P><STRONG><a name="[12]"></a>RTC_WKUP_IRQHandler</STRONG> (Thumb, 0 bytes, Stack size 0 bytes, startup_stm32h7b0xx.o(.text))
<BR>[Address Reference Count : 1]<UL><LI> startup_stm32h7b0xx.o(RESET)
</UL>
<P><STRONG><a name="[64]"></a>SAI1_IRQHandler</STRONG> (Thumb, 0 bytes, Stack size 0 bytes, startup_stm32h7b0xx.o(.text))
<BR>[Address Reference Count : 1]<UL><LI> startup_stm32h7b0xx.o(RESET)
</UL>
<P><STRONG><a name="[68]"></a>SAI2_IRQHandler</STRONG> (Thumb, 0 bytes, Stack size 0 bytes, startup_stm32h7b0xx.o(.text))
<BR>[Address Reference Count : 1]<UL><LI> startup_stm32h7b0xx.o(RESET)
</UL>
<P><STRONG><a name="[40]"></a>SDMMC1_IRQHandler</STRONG> (Thumb, 0 bytes, Stack size 0 bytes, startup_stm32h7b0xx.o(.text))
<BR>[Address Reference Count : 1]<UL><LI> startup_stm32h7b0xx.o(RESET)
</UL>
<P><STRONG><a name="[7c]"></a>SDMMC2_IRQHandler</STRONG> (Thumb, 0 bytes, Stack size 0 bytes, startup_stm32h7b0xx.o(.text))
<BR>[Address Reference Count : 1]<UL><LI> startup_stm32h7b0xx.o(RESET)
</UL>
<P><STRONG><a name="[6e]"></a>SPDIF_RX_IRQHandler</STRONG> (Thumb, 0 bytes, Stack size 0 bytes, startup_stm32h7b0xx.o(.text))
<BR>[Address Reference Count : 1]<UL><LI> startup_stm32h7b0xx.o(RESET)
</UL>
<P><STRONG><a name="[32]"></a>SPI1_IRQHandler</STRONG> (Thumb, 0 bytes, Stack size 0 bytes, startup_stm32h7b0xx.o(.text))
<BR>[Address Reference Count : 1]<UL><LI> startup_stm32h7b0xx.o(RESET)
</UL>
<P><STRONG><a name="[33]"></a>SPI2_IRQHandler</STRONG> (Thumb, 0 bytes, Stack size 0 bytes, startup_stm32h7b0xx.o(.text))
<BR>[Address Reference Count : 1]<UL><LI> startup_stm32h7b0xx.o(RESET)
</UL>
<P><STRONG><a name="[42]"></a>SPI3_IRQHandler</STRONG> (Thumb, 0 bytes, Stack size 0 bytes, startup_stm32h7b0xx.o(.text))
<BR>[Address Reference Count : 1]<UL><LI> startup_stm32h7b0xx.o(RESET)
</UL>
<P><STRONG><a name="[61]"></a>SPI4_IRQHandler</STRONG> (Thumb, 0 bytes, Stack size 0 bytes, startup_stm32h7b0xx.o(.text))
<BR>[Address Reference Count : 1]<UL><LI> startup_stm32h7b0xx.o(RESET)
</UL>
<P><STRONG><a name="[62]"></a>SPI5_IRQHandler</STRONG> (Thumb, 0 bytes, Stack size 0 bytes, startup_stm32h7b0xx.o(.text))
<BR>[Address Reference Count : 1]<UL><LI> startup_stm32h7b0xx.o(RESET)
</UL>
<P><STRONG><a name="[63]"></a>SPI6_IRQHandler</STRONG> (Thumb, 0 bytes, Stack size 0 bytes, startup_stm32h7b0xx.o(.text))
<BR>[Address Reference Count : 1]<UL><LI> startup_stm32h7b0xx.o(RESET)
</UL>
<P><STRONG><a name="[74]"></a>SWPMI1_IRQHandler</STRONG> (Thumb, 0 bytes, Stack size 0 bytes, startup_stm32h7b0xx.o(.text))
<BR>[Address Reference Count : 1]<UL><LI> startup_stm32h7b0xx.o(RESET)
</UL>
<P><STRONG><a name="[75]"></a>TIM15_IRQHandler</STRONG> (Thumb, 0 bytes, Stack size 0 bytes, startup_stm32h7b0xx.o(.text))
<BR>[Address Reference Count : 1]<UL><LI> startup_stm32h7b0xx.o(RESET)
</UL>
<P><STRONG><a name="[27]"></a>TIM1_BRK_IRQHandler</STRONG> (Thumb, 0 bytes, Stack size 0 bytes, startup_stm32h7b0xx.o(.text))
<BR>[Address Reference Count : 1]<UL><LI> startup_stm32h7b0xx.o(RESET)
</UL>
<P><STRONG><a name="[2a]"></a>TIM1_CC_IRQHandler</STRONG> (Thumb, 0 bytes, Stack size 0 bytes, startup_stm32h7b0xx.o(.text))
<BR>[Address Reference Count : 1]<UL><LI> startup_stm32h7b0xx.o(RESET)
</UL>
<P><STRONG><a name="[29]"></a>TIM1_TRG_COM_IRQHandler</STRONG> (Thumb, 0 bytes, Stack size 0 bytes, startup_stm32h7b0xx.o(.text))
<BR>[Address Reference Count : 1]<UL><LI> startup_stm32h7b0xx.o(RESET)
</UL>
<P><STRONG><a name="[28]"></a>TIM1_UP_IRQHandler</STRONG> (Thumb, 0 bytes, Stack size 0 bytes, startup_stm32h7b0xx.o(.text))
<BR>[Address Reference Count : 1]<UL><LI> startup_stm32h7b0xx.o(RESET)
</UL>
<P><STRONG><a name="[2b]"></a>TIM2_IRQHandler</STRONG> (Thumb, 0 bytes, Stack size 0 bytes, startup_stm32h7b0xx.o(.text))
<BR>[Address Reference Count : 1]<UL><LI> startup_stm32h7b0xx.o(RESET)
</UL>
<P><STRONG><a name="[2c]"></a>TIM3_IRQHandler</STRONG> (Thumb, 0 bytes, Stack size 0 bytes, startup_stm32h7b0xx.o(.text))
<BR>[Address Reference Count : 1]<UL><LI> startup_stm32h7b0xx.o(RESET)
</UL>
<P><STRONG><a name="[2d]"></a>TIM4_IRQHandler</STRONG> (Thumb, 0 bytes, Stack size 0 bytes, startup_stm32h7b0xx.o(.text))
<BR>[Address Reference Count : 1]<UL><LI> startup_stm32h7b0xx.o(RESET)
</UL>
<P><STRONG><a name="[41]"></a>TIM5_IRQHandler</STRONG> (Thumb, 0 bytes, Stack size 0 bytes, startup_stm32h7b0xx.o(.text))
<BR>[Address Reference Count : 1]<UL><LI> startup_stm32h7b0xx.o(RESET)
</UL>
<P><STRONG><a name="[45]"></a>TIM6_DAC_IRQHandler</STRONG> (Thumb, 0 bytes, Stack size 0 bytes, startup_stm32h7b0xx.o(.text))
<BR>[Address Reference Count : 1]<UL><LI> startup_stm32h7b0xx.o(RESET)
</UL>
<P><STRONG><a name="[3a]"></a>TIM8_BRK_TIM12_IRQHandler</STRONG> (Thumb, 0 bytes, Stack size 0 bytes, startup_stm32h7b0xx.o(.text))
<BR>[Address Reference Count : 1]<UL><LI> startup_stm32h7b0xx.o(RESET)
</UL>
<P><STRONG><a name="[3d]"></a>TIM8_CC_IRQHandler</STRONG> (Thumb, 0 bytes, Stack size 0 bytes, startup_stm32h7b0xx.o(.text))
<BR>[Address Reference Count : 1]<UL><LI> startup_stm32h7b0xx.o(RESET)
</UL>
<P><STRONG><a name="[43]"></a>UART4_IRQHandler</STRONG> (Thumb, 0 bytes, Stack size 0 bytes, startup_stm32h7b0xx.o(.text))
<BR>[Address Reference Count : 1]<UL><LI> startup_stm32h7b0xx.o(RESET)
</UL>
<P><STRONG><a name="[44]"></a>UART5_IRQHandler</STRONG> (Thumb, 0 bytes, Stack size 0 bytes, startup_stm32h7b0xx.o(.text))
<BR>[Address Reference Count : 1]<UL><LI> startup_stm32h7b0xx.o(RESET)
</UL>
<P><STRONG><a name="[5f]"></a>UART7_IRQHandler</STRONG> (Thumb, 0 bytes, Stack size 0 bytes, startup_stm32h7b0xx.o(.text))
<BR>[Address Reference Count : 1]<UL><LI> startup_stm32h7b0xx.o(RESET)
</UL>
<P><STRONG><a name="[60]"></a>UART8_IRQHandler</STRONG> (Thumb, 0 bytes, Stack size 0 bytes, startup_stm32h7b0xx.o(.text))
<BR>[Address Reference Count : 1]<UL><LI> startup_stm32h7b0xx.o(RESET)
</UL>
<P><STRONG><a name="[8b]"></a>UART9_IRQHandler</STRONG> (Thumb, 0 bytes, Stack size 0 bytes, startup_stm32h7b0xx.o(.text))
<BR>[Address Reference Count : 1]<UL><LI> startup_stm32h7b0xx.o(RESET)
</UL>
<P><STRONG><a name="[8c]"></a>USART10_IRQHandler</STRONG> (Thumb, 0 bytes, Stack size 0 bytes, startup_stm32h7b0xx.o(.text))
<BR>[Address Reference Count : 1]<UL><LI> startup_stm32h7b0xx.o(RESET)
</UL>
<P><STRONG><a name="[34]"></a>USART1_IRQHandler</STRONG> (Thumb, 0 bytes, Stack size 0 bytes, startup_stm32h7b0xx.o(.text))
<BR>[Address Reference Count : 1]<UL><LI> startup_stm32h7b0xx.o(RESET)
</UL>
<P><STRONG><a name="[35]"></a>USART2_IRQHandler</STRONG> (Thumb, 0 bytes, Stack size 0 bytes, startup_stm32h7b0xx.o(.text))
<BR>[Address Reference Count : 1]<UL><LI> startup_stm32h7b0xx.o(RESET)
</UL>
<P><STRONG><a name="[36]"></a>USART3_IRQHandler</STRONG> (Thumb, 0 bytes, Stack size 0 bytes, startup_stm32h7b0xx.o(.text))
<BR>[Address Reference Count : 1]<UL><LI> startup_stm32h7b0xx.o(RESET)
</UL>
<P><STRONG><a name="[54]"></a>USART6_IRQHandler</STRONG> (Thumb, 0 bytes, Stack size 0 bytes, startup_stm32h7b0xx.o(.text))
<BR>[Address Reference Count : 1]<UL><LI> startup_stm32h7b0xx.o(RESET)
</UL>
<P><STRONG><a name="[91]"></a>WAKEUP_PIN_IRQHandler</STRONG> (Thumb, 0 bytes, Stack size 0 bytes, startup_stm32h7b0xx.o(.text))
<BR>[Address Reference Count : 1]<UL><LI> startup_stm32h7b0xx.o(RESET)
</UL>
<P><STRONG><a name="[f]"></a>WWDG_IRQHandler</STRONG> (Thumb, 0 bytes, Stack size 0 bytes, startup_stm32h7b0xx.o(.text))
<BR>[Address Reference Count : 1]<UL><LI> startup_stm32h7b0xx.o(RESET)
</UL>
<P><STRONG><a name="[c1]"></a>__aeabi_uldivmod</STRONG> (Thumb, 98 bytes, Stack size 40 bytes, uldiv.o(.text), UNUSED)
<BR><BR>[Calls]<UL><LI><a href="#[c2]">&gt;&gt;</a>&nbsp;&nbsp;&nbsp;__aeabi_llsr
<LI><a href="#[c3]">&gt;&gt;</a>&nbsp;&nbsp;&nbsp;__aeabi_llsl
</UL>
<BR>[Called By]<UL><LI><a href="#[1ba]">&gt;&gt;</a>&nbsp;&nbsp;&nbsp;_printf_core
<LI><a href="#[1bc]">&gt;&gt;</a>&nbsp;&nbsp;&nbsp;_fp_digits
</UL>

<P><STRONG><a name="[de]"></a>__aeabi_memcpy</STRONG> (Thumb, 36 bytes, Stack size 0 bytes, memcpya.o(.text))
<BR><BR>[Called By]<UL><LI><a href="#[14c]">&gt;&gt;</a>&nbsp;&nbsp;&nbsp;_LCD_ReadHZDot
<LI><a href="#[14b]">&gt;&gt;</a>&nbsp;&nbsp;&nbsp;_LCD_ReadAsciiDot
<LI><a href="#[dd]">&gt;&gt;</a>&nbsp;&nbsp;&nbsp;EventRecordData
</UL>

<P><STRONG><a name="[1c7]"></a>__aeabi_memcpy4</STRONG> (Thumb, 0 bytes, Stack size 0 bytes, memcpya.o(.text), UNUSED)

<P><STRONG><a name="[1c8]"></a>__aeabi_memcpy8</STRONG> (Thumb, 0 bytes, Stack size 0 bytes, memcpya.o(.text), UNUSED)

<P><STRONG><a name="[c5]"></a>__aeabi_memset</STRONG> (Thumb, 14 bytes, Stack size 0 bytes, memseta.o(.text))
<BR><BR>[Called By]<UL><LI><a href="#[14c]">&gt;&gt;</a>&nbsp;&nbsp;&nbsp;_LCD_ReadHZDot
<LI><a href="#[14b]">&gt;&gt;</a>&nbsp;&nbsp;&nbsp;_LCD_ReadAsciiDot
<LI><a href="#[c6]">&gt;&gt;</a>&nbsp;&nbsp;&nbsp;_memset$wrapper
<LI><a href="#[c4]">&gt;&gt;</a>&nbsp;&nbsp;&nbsp;__aeabi_memclr
</UL>

<P><STRONG><a name="[1c9]"></a>__aeabi_memset4</STRONG> (Thumb, 0 bytes, Stack size 0 bytes, memseta.o(.text), UNUSED)

<P><STRONG><a name="[1ca]"></a>__aeabi_memset8</STRONG> (Thumb, 0 bytes, Stack size 0 bytes, memseta.o(.text), UNUSED)

<P><STRONG><a name="[c4]"></a>__aeabi_memclr</STRONG> (Thumb, 4 bytes, Stack size 0 bytes, memseta.o(.text), UNUSED)
<BR><BR>[Calls]<UL><LI><a href="#[c5]">&gt;&gt;</a>&nbsp;&nbsp;&nbsp;__aeabi_memset
</UL>

<P><STRONG><a name="[e6]"></a>__aeabi_memclr4</STRONG> (Thumb, 0 bytes, Stack size 0 bytes, memseta.o(.text))
<BR><BR>[Called By]<UL><LI><a href="#[ba]">&gt;&gt;</a>&nbsp;&nbsp;&nbsp;bsps_sa_periph_init
<LI><a href="#[174]">&gt;&gt;</a>&nbsp;&nbsp;&nbsp;bsps_sa_dma_init
<LI><a href="#[101]">&gt;&gt;</a>&nbsp;&nbsp;&nbsp;HAL_I2C_MspInit
<LI><a href="#[e5]">&gt;&gt;</a>&nbsp;&nbsp;&nbsp;EventRecorderInitialize
<LI><a href="#[155]">&gt;&gt;</a>&nbsp;&nbsp;&nbsp;SystemClock_Config
<LI><a href="#[11a]">&gt;&gt;</a>&nbsp;&nbsp;&nbsp;HAL_LTDC_MspInit
<LI><a href="#[b3]">&gt;&gt;</a>&nbsp;&nbsp;&nbsp;bsp_lcd_init
</UL>

<P><STRONG><a name="[e8]"></a>__aeabi_memclr8</STRONG> (Thumb, 0 bytes, Stack size 0 bytes, memseta.o(.text))
<BR><BR>[Called By]<UL><LI><a href="#[e5]">&gt;&gt;</a>&nbsp;&nbsp;&nbsp;EventRecorderInitialize
<LI><a href="#[1b2]">&gt;&gt;</a>&nbsp;&nbsp;&nbsp;osc_dev_l2_enable
</UL>

<P><STRONG><a name="[c6]"></a>_memset$wrapper</STRONG> (Thumb, 18 bytes, Stack size 8 bytes, memseta.o(.text), UNUSED)
<BR><BR>[Calls]<UL><LI><a href="#[c5]">&gt;&gt;</a>&nbsp;&nbsp;&nbsp;__aeabi_memset
</UL>

<P><STRONG><a name="[1cb]"></a>__aeabi_uidiv</STRONG> (Thumb, 0 bytes, Stack size 12 bytes, uidiv.o(.text), UNUSED)

<P><STRONG><a name="[1c0]"></a>__aeabi_uidivmod</STRONG> (Thumb, 44 bytes, Stack size 12 bytes, uidiv.o(.text), UNUSED)
<BR><BR>[Called By]<UL><LI><a href="#[1ba]">&gt;&gt;</a>&nbsp;&nbsp;&nbsp;_printf_core
</UL>

<P><STRONG><a name="[c3]"></a>__aeabi_llsl</STRONG> (Thumb, 30 bytes, Stack size 0 bytes, llshl.o(.text), UNUSED)
<BR><BR>[Called By]<UL><LI><a href="#[c9]">&gt;&gt;</a>&nbsp;&nbsp;&nbsp;_double_epilogue
<LI><a href="#[c7]">&gt;&gt;</a>&nbsp;&nbsp;&nbsp;__aeabi_dadd
<LI><a href="#[cf]">&gt;&gt;</a>&nbsp;&nbsp;&nbsp;__aeabi_d2ulz
<LI><a href="#[c1]">&gt;&gt;</a>&nbsp;&nbsp;&nbsp;__aeabi_uldivmod
</UL>

<P><STRONG><a name="[1cc]"></a>_ll_shift_l</STRONG> (Thumb, 0 bytes, Stack size 0 bytes, llshl.o(.text), UNUSED)

<P><STRONG><a name="[c2]"></a>__aeabi_llsr</STRONG> (Thumb, 32 bytes, Stack size 0 bytes, llushr.o(.text), UNUSED)
<BR><BR>[Called By]<UL><LI><a href="#[c9]">&gt;&gt;</a>&nbsp;&nbsp;&nbsp;_double_epilogue
<LI><a href="#[cf]">&gt;&gt;</a>&nbsp;&nbsp;&nbsp;__aeabi_d2ulz
<LI><a href="#[c1]">&gt;&gt;</a>&nbsp;&nbsp;&nbsp;__aeabi_uldivmod
</UL>

<P><STRONG><a name="[1cd]"></a>_ll_ushift_r</STRONG> (Thumb, 0 bytes, Stack size 0 bytes, llushr.o(.text), UNUSED)

<P><STRONG><a name="[1ce]"></a>__I$use$fp</STRONG> (Thumb, 0 bytes, Stack size 48 bytes, iusefp.o(.text), UNUSED)

<P><STRONG><a name="[c7]"></a>__aeabi_dadd</STRONG> (Thumb, 322 bytes, Stack size 48 bytes, dadd.o(.text), UNUSED)
<BR><BR>[Calls]<UL><LI><a href="#[c8]">&gt;&gt;</a>&nbsp;&nbsp;&nbsp;__aeabi_lasr
<LI><a href="#[ca]">&gt;&gt;</a>&nbsp;&nbsp;&nbsp;_double_round
<LI><a href="#[c9]">&gt;&gt;</a>&nbsp;&nbsp;&nbsp;_double_epilogue
<LI><a href="#[c3]">&gt;&gt;</a>&nbsp;&nbsp;&nbsp;__aeabi_llsl
</UL>
<BR>[Called By]<UL><LI><a href="#[cc]">&gt;&gt;</a>&nbsp;&nbsp;&nbsp;__aeabi_drsub
<LI><a href="#[cb]">&gt;&gt;</a>&nbsp;&nbsp;&nbsp;__aeabi_dsub
<LI><a href="#[1bc]">&gt;&gt;</a>&nbsp;&nbsp;&nbsp;_fp_digits
</UL>

<P><STRONG><a name="[cb]"></a>__aeabi_dsub</STRONG> (Thumb, 6 bytes, Stack size 0 bytes, dadd.o(.text), UNUSED)
<BR><BR>[Calls]<UL><LI><a href="#[c7]">&gt;&gt;</a>&nbsp;&nbsp;&nbsp;__aeabi_dadd
</UL>

<P><STRONG><a name="[cc]"></a>__aeabi_drsub</STRONG> (Thumb, 6 bytes, Stack size 0 bytes, dadd.o(.text), UNUSED)
<BR><BR>[Calls]<UL><LI><a href="#[c7]">&gt;&gt;</a>&nbsp;&nbsp;&nbsp;__aeabi_dadd
</UL>

<P><STRONG><a name="[cd]"></a>__aeabi_dmul</STRONG> (Thumb, 228 bytes, Stack size 48 bytes, dmul.o(.text), UNUSED)
<BR><BR>[Calls]<UL><LI><a href="#[c9]">&gt;&gt;</a>&nbsp;&nbsp;&nbsp;_double_epilogue
</UL>
<BR>[Called By]<UL><LI><a href="#[1bc]">&gt;&gt;</a>&nbsp;&nbsp;&nbsp;_fp_digits
</UL>

<P><STRONG><a name="[ce]"></a>__aeabi_ddiv</STRONG> (Thumb, 222 bytes, Stack size 32 bytes, ddiv.o(.text), UNUSED)
<BR><BR>[Calls]<UL><LI><a href="#[ca]">&gt;&gt;</a>&nbsp;&nbsp;&nbsp;_double_round
</UL>
<BR>[Called By]<UL><LI><a href="#[1bc]">&gt;&gt;</a>&nbsp;&nbsp;&nbsp;_fp_digits
</UL>

<P><STRONG><a name="[cf]"></a>__aeabi_d2ulz</STRONG> (Thumb, 48 bytes, Stack size 0 bytes, dfixul.o(.text), UNUSED)
<BR><BR>[Calls]<UL><LI><a href="#[c2]">&gt;&gt;</a>&nbsp;&nbsp;&nbsp;__aeabi_llsr
<LI><a href="#[c3]">&gt;&gt;</a>&nbsp;&nbsp;&nbsp;__aeabi_llsl
</UL>
<BR>[Called By]<UL><LI><a href="#[1bc]">&gt;&gt;</a>&nbsp;&nbsp;&nbsp;_fp_digits
</UL>

<P><STRONG><a name="[1bd]"></a>__aeabi_cdrcmple</STRONG> (Thumb, 48 bytes, Stack size 0 bytes, cdrcmple.o(.text), UNUSED)
<BR><BR>[Called By]<UL><LI><a href="#[1bc]">&gt;&gt;</a>&nbsp;&nbsp;&nbsp;_fp_digits
</UL>

<P><STRONG><a name="[c0]"></a>__scatterload</STRONG> (Thumb, 28 bytes, Stack size 0 bytes, init.o(.text))
<BR><BR>[Calls]<UL><LI><a href="#[d0]">&gt;&gt;</a>&nbsp;&nbsp;&nbsp;__main_after_scatterload
</UL>
<BR>[Called By]<UL><LI><a href="#[bf]">&gt;&gt;</a>&nbsp;&nbsp;&nbsp;_main_scatterload
</UL>

<P><STRONG><a name="[1cf]"></a>__scatterload_rt2</STRONG> (Thumb, 0 bytes, Stack size 0 bytes, init.o(.text), UNUSED)

<P><STRONG><a name="[c8]"></a>__aeabi_lasr</STRONG> (Thumb, 36 bytes, Stack size 0 bytes, llsshr.o(.text), UNUSED)
<BR><BR>[Called By]<UL><LI><a href="#[c7]">&gt;&gt;</a>&nbsp;&nbsp;&nbsp;__aeabi_dadd
</UL>

<P><STRONG><a name="[1d0]"></a>_ll_sshift_r</STRONG> (Thumb, 0 bytes, Stack size 0 bytes, llsshr.o(.text), UNUSED)

<P><STRONG><a name="[ca]"></a>_double_round</STRONG> (Thumb, 30 bytes, Stack size 8 bytes, depilogue.o(.text), UNUSED)
<BR><BR>[Called By]<UL><LI><a href="#[c9]">&gt;&gt;</a>&nbsp;&nbsp;&nbsp;_double_epilogue
<LI><a href="#[ce]">&gt;&gt;</a>&nbsp;&nbsp;&nbsp;__aeabi_ddiv
<LI><a href="#[c7]">&gt;&gt;</a>&nbsp;&nbsp;&nbsp;__aeabi_dadd
</UL>

<P><STRONG><a name="[c9]"></a>_double_epilogue</STRONG> (Thumb, 156 bytes, Stack size 32 bytes, depilogue.o(.text), UNUSED)
<BR><BR>[Calls]<UL><LI><a href="#[ca]">&gt;&gt;</a>&nbsp;&nbsp;&nbsp;_double_round
<LI><a href="#[c2]">&gt;&gt;</a>&nbsp;&nbsp;&nbsp;__aeabi_llsr
<LI><a href="#[c3]">&gt;&gt;</a>&nbsp;&nbsp;&nbsp;__aeabi_llsl
</UL>
<BR>[Called By]<UL><LI><a href="#[cd]">&gt;&gt;</a>&nbsp;&nbsp;&nbsp;__aeabi_dmul
<LI><a href="#[c7]">&gt;&gt;</a>&nbsp;&nbsp;&nbsp;__aeabi_dadd
</UL>

<P><STRONG><a name="[1d1]"></a>__decompress</STRONG> (Thumb, 0 bytes, Stack size unknown bytes, __dczerorl2.o(.text), UNUSED)

<P><STRONG><a name="[1d2]"></a>__decompress1</STRONG> (Thumb, 86 bytes, Stack size unknown bytes, __dczerorl2.o(.text), UNUSED)

<P><STRONG><a name="[9]"></a>BusFault_Handler</STRONG> (Thumb, 4 bytes, Stack size 0 bytes, stm32h7xx_it.o(.text.BusFault_Handler))
<BR>[Address Reference Count : 1]<UL><LI> startup_stm32h7b0xx.o(RESET)
</UL>
<P><STRONG><a name="[1c]"></a>DMA1_Stream2_IRQHandler</STRONG> (Thumb, 238 bytes, Stack size 12 bytes, bsps_adc.o(.text.DMA1_Stream2_IRQHandler))
<BR><BR>[Stack]<UL><LI>Max Depth = 12<LI>Call Chain = DMA1_Stream2_IRQHandler
</UL>
<BR>[Address Reference Count : 1]<UL><LI> startup_stm32h7b0xx.o(RESET)
</UL>
<P><STRONG><a name="[47]"></a>DMA2_Stream0_IRQHandler</STRONG> (Thumb, 240 bytes, Stack size 24 bytes, bsps_ad9288.o(.text.DMA2_Stream0_IRQHandler))
<BR><BR>[Stack]<UL><LI>Max Depth = 60<LI>Call Chain = DMA2_Stream0_IRQHandler &rArr; bsps_sa_trig_exti_set &rArr; HAL_NVIC_DisableIRQ &rArr; __NVIC_DisableIRQ
</UL>
<BR>[Calls]<UL><LI><a href="#[d2]">&gt;&gt;</a>&nbsp;&nbsp;&nbsp;bsps_sa_trig_exti_set
<LI><a href="#[d1]">&gt;&gt;</a>&nbsp;&nbsp;&nbsp;OSC_DMA_SET_TC
</UL>
<BR>[Address Reference Count : 1]<UL><LI> startup_stm32h7b0xx.o(RESET)
</UL>
<P><STRONG><a name="[c]"></a>DebugMon_Handler</STRONG> (Thumb, 2 bytes, Stack size 0 bytes, stm32h7xx_it.o(.text.DebugMon_Handler))
<BR>[Address Reference Count : 1]<UL><LI> startup_stm32h7b0xx.o(RESET)
</UL>
<P><STRONG><a name="[15]"></a>EXTI0_IRQHandler</STRONG> (Thumb, 10 bytes, Stack size 8 bytes, bsps_encoder.o(.text.EXTI0_IRQHandler))
<BR><BR>[Stack]<UL><LI>Max Depth = 92<LI>Call Chain = EXTI0_IRQHandler &rArr; HAL_GPIO_EXTI_IRQHandler &rArr; HAL_GPIO_EXTI_Callback &rArr; bsps_sa_exti_callbcak_trig &rArr; bsps_sa_trig_exti_set &rArr; HAL_NVIC_DisableIRQ &rArr; __NVIC_DisableIRQ
</UL>
<BR>[Calls]<UL><LI><a href="#[d3]">&gt;&gt;</a>&nbsp;&nbsp;&nbsp;HAL_GPIO_EXTI_IRQHandler
</UL>
<BR>[Address Reference Count : 1]<UL><LI> startup_stm32h7b0xx.o(RESET)
</UL>
<P><STRONG><a name="[37]"></a>EXTI15_10_IRQHandler</STRONG> (Thumb, 12 bytes, Stack size 8 bytes, bsps_encoder.o(.text.EXTI15_10_IRQHandler))
<BR><BR>[Stack]<UL><LI>Max Depth = 92<LI>Call Chain = EXTI15_10_IRQHandler &rArr; HAL_GPIO_EXTI_IRQHandler &rArr; HAL_GPIO_EXTI_Callback &rArr; bsps_sa_exti_callbcak_trig &rArr; bsps_sa_trig_exti_set &rArr; HAL_NVIC_DisableIRQ &rArr; __NVIC_DisableIRQ
</UL>
<BR>[Calls]<UL><LI><a href="#[d3]">&gt;&gt;</a>&nbsp;&nbsp;&nbsp;HAL_GPIO_EXTI_IRQHandler
</UL>
<BR>[Address Reference Count : 1]<UL><LI> startup_stm32h7b0xx.o(RESET)
</UL>
<P><STRONG><a name="[18]"></a>EXTI3_IRQHandler</STRONG> (Thumb, 10 bytes, Stack size 8 bytes, bsps_encoder.o(.text.EXTI3_IRQHandler))
<BR><BR>[Stack]<UL><LI>Max Depth = 92<LI>Call Chain = EXTI3_IRQHandler &rArr; HAL_GPIO_EXTI_IRQHandler &rArr; HAL_GPIO_EXTI_Callback &rArr; bsps_sa_exti_callbcak_trig &rArr; bsps_sa_trig_exti_set &rArr; HAL_NVIC_DisableIRQ &rArr; __NVIC_DisableIRQ
</UL>
<BR>[Calls]<UL><LI><a href="#[d3]">&gt;&gt;</a>&nbsp;&nbsp;&nbsp;HAL_GPIO_EXTI_IRQHandler
</UL>
<BR>[Address Reference Count : 1]<UL><LI> startup_stm32h7b0xx.o(RESET)
</UL>
<P><STRONG><a name="[d4]"></a>Error_Handler</STRONG> (Thumb, 38 bytes, Stack size 16 bytes, bsp.o(.text.Error_Handler))
<BR><BR>[Stack]<UL><LI>Max Depth = 40<LI>Call Chain = Error_Handler &rArr; printf
</UL>
<BR>[Calls]<UL><LI><a href="#[d5]">&gt;&gt;</a>&nbsp;&nbsp;&nbsp;printf
</UL>
<BR>[Called By]<UL><LI><a href="#[155]">&gt;&gt;</a>&nbsp;&nbsp;&nbsp;SystemClock_Config
<LI><a href="#[15f]">&gt;&gt;</a>&nbsp;&nbsp;&nbsp;bsp_lcd_dma2d_init
<LI><a href="#[11a]">&gt;&gt;</a>&nbsp;&nbsp;&nbsp;HAL_LTDC_MspInit
<LI><a href="#[b3]">&gt;&gt;</a>&nbsp;&nbsp;&nbsp;bsp_lcd_init
<LI><a href="#[1ae]">&gt;&gt;</a>&nbsp;&nbsp;&nbsp;mx_time7_init
<LI><a href="#[1ad]">&gt;&gt;</a>&nbsp;&nbsp;&nbsp;mx_time17_init
<LI><a href="#[1ac]">&gt;&gt;</a>&nbsp;&nbsp;&nbsp;mx_time16_init
<LI><a href="#[1ab]">&gt;&gt;</a>&nbsp;&nbsp;&nbsp;mx_time14_init
<LI><a href="#[1a9]">&gt;&gt;</a>&nbsp;&nbsp;&nbsp;mx_time13_init
</UL>

<P><STRONG><a name="[da]"></a>EventRecord2</STRONG> (Thumb, 90 bytes, Stack size 40 bytes, eventrecorder.o(.text.EventRecord2))
<BR><BR>[Stack]<UL><LI>Max Depth = 124<LI>Call Chain = EventRecord2 &rArr; EventRecordItem &rArr; UnlockRecord
</UL>
<BR>[Calls]<UL><LI><a href="#[dc]">&gt;&gt;</a>&nbsp;&nbsp;&nbsp;EventRecordItem
<LI><a href="#[d6]">&gt;&gt;</a>&nbsp;&nbsp;&nbsp;EventGetTS
<LI><a href="#[db]">&gt;&gt;</a>&nbsp;&nbsp;&nbsp;EventCheckFilter
</UL>
<BR>[Called By]<UL><LI><a href="#[97]">&gt;&gt;</a>&nbsp;&nbsp;&nbsp;main
</UL>

<P><STRONG><a name="[dd]"></a>EventRecordData</STRONG> (Thumb, 390 bytes, Stack size 56 bytes, eventrecorder.o(.text.EventRecordData))
<BR><BR>[Stack]<UL><LI>Max Depth = 140<LI>Call Chain = EventRecordData &rArr; EventRecordItem &rArr; UnlockRecord
</UL>
<BR>[Calls]<UL><LI><a href="#[df]">&gt;&gt;</a>&nbsp;&nbsp;&nbsp;GetContext
<LI><a href="#[dc]">&gt;&gt;</a>&nbsp;&nbsp;&nbsp;EventRecordItem
<LI><a href="#[d6]">&gt;&gt;</a>&nbsp;&nbsp;&nbsp;EventGetTS
<LI><a href="#[db]">&gt;&gt;</a>&nbsp;&nbsp;&nbsp;EventCheckFilter
<LI><a href="#[de]">&gt;&gt;</a>&nbsp;&nbsp;&nbsp;__aeabi_memcpy
</UL>
<BR>[Called By]<UL><LI><a href="#[1a5]">&gt;&gt;</a>&nbsp;&nbsp;&nbsp;stdout_putchar
</UL>

<P><STRONG><a name="[eb]"></a>EventRecorderEnable</STRONG> (Thumb, 146 bytes, Stack size 28 bytes, eventrecorder.o(.text.EventRecorderEnable))
<BR><BR>[Stack]<UL><LI>Max Depth = 28<LI>Call Chain = EventRecorderEnable
</UL>
<BR>[Called By]<UL><LI><a href="#[e5]">&gt;&gt;</a>&nbsp;&nbsp;&nbsp;EventRecorderInitialize
</UL>

<P><STRONG><a name="[e5]"></a>EventRecorderInitialize</STRONG> (Thumb, 446 bytes, Stack size 56 bytes, eventrecorder.o(.text.EventRecorderInitialize))
<BR><BR>[Stack]<UL><LI>Max Depth = 164<LI>Call Chain = EventRecorderInitialize &rArr; EventRecorderStart &rArr; EventRecordItem &rArr; UnlockRecord
</UL>
<BR>[Calls]<UL><LI><a href="#[ec]">&gt;&gt;</a>&nbsp;&nbsp;&nbsp;EventRecorderStart
<LI><a href="#[e7]">&gt;&gt;</a>&nbsp;&nbsp;&nbsp;crc16_ccitt
<LI><a href="#[dc]">&gt;&gt;</a>&nbsp;&nbsp;&nbsp;EventRecordItem
<LI><a href="#[d6]">&gt;&gt;</a>&nbsp;&nbsp;&nbsp;EventGetTS
<LI><a href="#[e8]">&gt;&gt;</a>&nbsp;&nbsp;&nbsp;__aeabi_memclr8
<LI><a href="#[e6]">&gt;&gt;</a>&nbsp;&nbsp;&nbsp;__aeabi_memclr4
<LI><a href="#[e9]">&gt;&gt;</a>&nbsp;&nbsp;&nbsp;EventRecorderTimerSetup
<LI><a href="#[ea]">&gt;&gt;</a>&nbsp;&nbsp;&nbsp;EventRecorderTimerGetFreq
<LI><a href="#[eb]">&gt;&gt;</a>&nbsp;&nbsp;&nbsp;EventRecorderEnable
</UL>
<BR>[Called By]<UL><LI><a href="#[15c]">&gt;&gt;</a>&nbsp;&nbsp;&nbsp;bsp_Init
</UL>

<P><STRONG><a name="[ec]"></a>EventRecorderStart</STRONG> (Thumb, 74 bytes, Stack size 24 bytes, eventrecorder.o(.text.EventRecorderStart))
<BR><BR>[Stack]<UL><LI>Max Depth = 108<LI>Call Chain = EventRecorderStart &rArr; EventRecordItem &rArr; UnlockRecord
</UL>
<BR>[Calls]<UL><LI><a href="#[dc]">&gt;&gt;</a>&nbsp;&nbsp;&nbsp;EventRecordItem
<LI><a href="#[d6]">&gt;&gt;</a>&nbsp;&nbsp;&nbsp;EventGetTS
</UL>
<BR>[Called By]<UL><LI><a href="#[e5]">&gt;&gt;</a>&nbsp;&nbsp;&nbsp;EventRecorderInitialize
<LI><a href="#[15c]">&gt;&gt;</a>&nbsp;&nbsp;&nbsp;bsp_Init
</UL>

<P><STRONG><a name="[d7]"></a>EventRecorderTimerGetCount</STRONG> (Thumb, 12 bytes, Stack size 0 bytes, eventrecorder.o(.text.EventRecorderTimerGetCount))
<BR><BR>[Called By]<UL><LI><a href="#[d6]">&gt;&gt;</a>&nbsp;&nbsp;&nbsp;EventGetTS
</UL>

<P><STRONG><a name="[ea]"></a>EventRecorderTimerGetFreq</STRONG> (Thumb, 12 bytes, Stack size 0 bytes, eventrecorder.o(.text.EventRecorderTimerGetFreq))
<BR><BR>[Called By]<UL><LI><a href="#[e5]">&gt;&gt;</a>&nbsp;&nbsp;&nbsp;EventRecorderInitialize
</UL>

<P><STRONG><a name="[e9]"></a>EventRecorderTimerSetup</STRONG> (Thumb, 36 bytes, Stack size 0 bytes, eventrecorder.o(.text.EventRecorderTimerSetup))
<BR><BR>[Called By]<UL><LI><a href="#[e5]">&gt;&gt;</a>&nbsp;&nbsp;&nbsp;EventRecorderInitialize
</UL>

<P><STRONG><a name="[ef]"></a>HAL_DAC_ConfigChannel</STRONG> (Thumb, 638 bytes, Stack size 40 bytes, stm32h7xx_hal_dac.o(.text.HAL_DAC_ConfigChannel))
<BR><BR>[Stack]<UL><LI>Max Depth = 64<LI>Call Chain = HAL_DAC_ConfigChannel &rArr; HAL_Delay
</UL>
<BR>[Calls]<UL><LI><a href="#[f0]">&gt;&gt;</a>&nbsp;&nbsp;&nbsp;HAL_GetTick
<LI><a href="#[f1]">&gt;&gt;</a>&nbsp;&nbsp;&nbsp;HAL_Delay
</UL>
<BR>[Called By]<UL><LI><a href="#[ba]">&gt;&gt;</a>&nbsp;&nbsp;&nbsp;bsps_sa_periph_init
</UL>

<P><STRONG><a name="[f2]"></a>HAL_DAC_Init</STRONG> (Thumb, 74 bytes, Stack size 16 bytes, stm32h7xx_hal_dac.o(.text.HAL_DAC_Init))
<BR><BR>[Stack]<UL><LI>Max Depth = 20<LI>Call Chain = HAL_DAC_Init &rArr; HAL_DAC_MspInit
</UL>
<BR>[Calls]<UL><LI><a href="#[f3]">&gt;&gt;</a>&nbsp;&nbsp;&nbsp;HAL_DAC_MspInit
</UL>
<BR>[Called By]<UL><LI><a href="#[ba]">&gt;&gt;</a>&nbsp;&nbsp;&nbsp;bsps_sa_periph_init
</UL>

<P><STRONG><a name="[f3]"></a>HAL_DAC_MspInit</STRONG> (Thumb, 8 bytes, Stack size 4 bytes, stm32h7xx_hal_dac.o(.text.HAL_DAC_MspInit))
<BR><BR>[Stack]<UL><LI>Max Depth = 4<LI>Call Chain = HAL_DAC_MspInit
</UL>
<BR>[Called By]<UL><LI><a href="#[f2]">&gt;&gt;</a>&nbsp;&nbsp;&nbsp;HAL_DAC_Init
</UL>

<P><STRONG><a name="[17d]"></a>HAL_DAC_SetValue</STRONG> (Thumb, 62 bytes, Stack size 20 bytes, stm32h7xx_hal_dac.o(.text.HAL_DAC_SetValue))
<BR><BR>[Stack]<UL><LI>Max Depth = 20<LI>Call Chain = HAL_DAC_SetValue
</UL>
<BR>[Called By]<UL><LI><a href="#[17f]">&gt;&gt;</a>&nbsp;&nbsp;&nbsp;bsps_sa_set_trig_vol
<LI><a href="#[ba]">&gt;&gt;</a>&nbsp;&nbsp;&nbsp;bsps_sa_periph_init
</UL>

<P><STRONG><a name="[17e]"></a>HAL_DAC_Start</STRONG> (Thumb, 176 bytes, Stack size 12 bytes, stm32h7xx_hal_dac.o(.text.HAL_DAC_Start))
<BR><BR>[Stack]<UL><LI>Max Depth = 12<LI>Call Chain = HAL_DAC_Start
</UL>
<BR>[Called By]<UL><LI><a href="#[ba]">&gt;&gt;</a>&nbsp;&nbsp;&nbsp;bsps_sa_periph_init
</UL>

<P><STRONG><a name="[f4]"></a>HAL_DMA2D_Init</STRONG> (Thumb, 188 bytes, Stack size 16 bytes, stm32h7xx_hal_dma2d.o(.text.HAL_DMA2D_Init))
<BR><BR>[Stack]<UL><LI>Max Depth = 20<LI>Call Chain = HAL_DMA2D_Init &rArr; HAL_DMA2D_MspInit
</UL>
<BR>[Calls]<UL><LI><a href="#[f5]">&gt;&gt;</a>&nbsp;&nbsp;&nbsp;HAL_DMA2D_MspInit
</UL>
<BR>[Called By]<UL><LI><a href="#[15f]">&gt;&gt;</a>&nbsp;&nbsp;&nbsp;bsp_lcd_dma2d_init
</UL>

<P><STRONG><a name="[f5]"></a>HAL_DMA2D_MspInit</STRONG> (Thumb, 8 bytes, Stack size 4 bytes, stm32h7xx_hal_dma2d.o(.text.HAL_DMA2D_MspInit))
<BR><BR>[Stack]<UL><LI>Max Depth = 4<LI>Call Chain = HAL_DMA2D_MspInit
</UL>
<BR>[Called By]<UL><LI><a href="#[f4]">&gt;&gt;</a>&nbsp;&nbsp;&nbsp;HAL_DMA2D_Init
</UL>

<P><STRONG><a name="[f6]"></a>HAL_DMA_Init</STRONG> (Thumb, 2586 bytes, Stack size 64 bytes, stm32h7xx_hal_dma.o(.text.HAL_DMA_Init))
<BR><BR>[Stack]<UL><LI>Max Depth = 84<LI>Call Chain = HAL_DMA_Init &rArr; DMA_CheckFifoParam
</UL>
<BR>[Calls]<UL><LI><a href="#[f0]">&gt;&gt;</a>&nbsp;&nbsp;&nbsp;HAL_GetTick
<LI><a href="#[f7]">&gt;&gt;</a>&nbsp;&nbsp;&nbsp;DMA_CheckFifoParam
<LI><a href="#[fa]">&gt;&gt;</a>&nbsp;&nbsp;&nbsp;DMA_CalcDMAMUXRequestGenBaseAndMask
<LI><a href="#[f9]">&gt;&gt;</a>&nbsp;&nbsp;&nbsp;DMA_CalcDMAMUXChannelBaseAndMask
<LI><a href="#[f8]">&gt;&gt;</a>&nbsp;&nbsp;&nbsp;DMA_CalcBaseAndBitshift
</UL>
<BR>[Called By]<UL><LI><a href="#[174]">&gt;&gt;</a>&nbsp;&nbsp;&nbsp;bsps_sa_dma_init
</UL>

<P><STRONG><a name="[fb]"></a>HAL_DMA_Start_IT</STRONG> (Thumb, 1794 bytes, Stack size 40 bytes, stm32h7xx_hal_dma.o(.text.HAL_DMA_Start_IT))
<BR><BR>[Stack]<UL><LI>Max Depth = 76<LI>Call Chain = HAL_DMA_Start_IT &rArr; DMA_SetConfig
</UL>
<BR>[Calls]<UL><LI><a href="#[fc]">&gt;&gt;</a>&nbsp;&nbsp;&nbsp;DMA_SetConfig
</UL>
<BR>[Called By]<UL><LI><a href="#[174]">&gt;&gt;</a>&nbsp;&nbsp;&nbsp;bsps_sa_dma_init
</UL>

<P><STRONG><a name="[f1]"></a>HAL_Delay</STRONG> (Thumb, 66 bytes, Stack size 24 bytes, stm32h7xx_hal.o(.text.HAL_Delay))
<BR><BR>[Stack]<UL><LI>Max Depth = 24<LI>Call Chain = HAL_Delay
</UL>
<BR>[Calls]<UL><LI><a href="#[f0]">&gt;&gt;</a>&nbsp;&nbsp;&nbsp;HAL_GetTick
</UL>
<BR>[Called By]<UL><LI><a href="#[ef]">&gt;&gt;</a>&nbsp;&nbsp;&nbsp;HAL_DAC_ConfigChannel
<LI><a href="#[b7]">&gt;&gt;</a>&nbsp;&nbsp;&nbsp;bsps_sa_init
<LI><a href="#[b6]">&gt;&gt;</a>&nbsp;&nbsp;&nbsp;bsps_gt911_init
</UL>

<P><STRONG><a name="[fd]"></a>HAL_GPIO_EXTI_Callback</STRONG> (Thumb, 144 bytes, Stack size 24 bytes, bsps_encoder.o(.text.HAL_GPIO_EXTI_Callback))
<BR><BR>[Stack]<UL><LI>Max Depth = 68<LI>Call Chain = HAL_GPIO_EXTI_Callback &rArr; bsps_sa_exti_callbcak_trig &rArr; bsps_sa_trig_exti_set &rArr; HAL_NVIC_DisableIRQ &rArr; __NVIC_DisableIRQ
</UL>
<BR>[Calls]<UL><LI><a href="#[fe]">&gt;&gt;</a>&nbsp;&nbsp;&nbsp;bsps_enc_callback
<LI><a href="#[ff]">&gt;&gt;</a>&nbsp;&nbsp;&nbsp;bsps_sa_exti_callbcak_trig
</UL>
<BR>[Called By]<UL><LI><a href="#[d3]">&gt;&gt;</a>&nbsp;&nbsp;&nbsp;HAL_GPIO_EXTI_IRQHandler
</UL>

<P><STRONG><a name="[d3]"></a>HAL_GPIO_EXTI_IRQHandler</STRONG> (Thumb, 52 bytes, Stack size 16 bytes, stm32h7xx_hal_gpio.o(.text.HAL_GPIO_EXTI_IRQHandler))
<BR><BR>[Stack]<UL><LI>Max Depth = 84<LI>Call Chain = HAL_GPIO_EXTI_IRQHandler &rArr; HAL_GPIO_EXTI_Callback &rArr; bsps_sa_exti_callbcak_trig &rArr; bsps_sa_trig_exti_set &rArr; HAL_NVIC_DisableIRQ &rArr; __NVIC_DisableIRQ
</UL>
<BR>[Calls]<UL><LI><a href="#[fd]">&gt;&gt;</a>&nbsp;&nbsp;&nbsp;HAL_GPIO_EXTI_Callback
</UL>
<BR>[Called By]<UL><LI><a href="#[18]">&gt;&gt;</a>&nbsp;&nbsp;&nbsp;EXTI3_IRQHandler
<LI><a href="#[37]">&gt;&gt;</a>&nbsp;&nbsp;&nbsp;EXTI15_10_IRQHandler
<LI><a href="#[15]">&gt;&gt;</a>&nbsp;&nbsp;&nbsp;EXTI0_IRQHandler
</UL>

<P><STRONG><a name="[10b]"></a>HAL_GPIO_Init</STRONG> (Thumb, 964 bytes, Stack size 64 bytes, stm32h7xx_hal_gpio.o(.text.HAL_GPIO_Init))
<BR><BR>[Stack]<UL><LI>Max Depth = 64<LI>Call Chain = HAL_GPIO_Init
</UL>
<BR>[Called By]<UL><LI><a href="#[ba]">&gt;&gt;</a>&nbsp;&nbsp;&nbsp;bsps_sa_periph_init
<LI><a href="#[b9]">&gt;&gt;</a>&nbsp;&nbsp;&nbsp;bsps_enc_gpio_init
<LI><a href="#[b7]">&gt;&gt;</a>&nbsp;&nbsp;&nbsp;bsps_sa_init
<LI><a href="#[101]">&gt;&gt;</a>&nbsp;&nbsp;&nbsp;HAL_I2C_MspInit
<LI><a href="#[11a]">&gt;&gt;</a>&nbsp;&nbsp;&nbsp;HAL_LTDC_MspInit
</UL>

<P><STRONG><a name="[169]"></a>HAL_GPIO_ReadPin</STRONG> (Thumb, 46 bytes, Stack size 8 bytes, stm32h7xx_hal_gpio.o(.text.HAL_GPIO_ReadPin))
<BR><BR>[Stack]<UL><LI>Max Depth = 8<LI>Call Chain = HAL_GPIO_ReadPin
</UL>
<BR>[Called By]<UL><LI><a href="#[fe]">&gt;&gt;</a>&nbsp;&nbsp;&nbsp;bsps_enc_callback
</UL>

<P><STRONG><a name="[11b]"></a>HAL_GPIO_WritePin</STRONG> (Thumb, 46 bytes, Stack size 8 bytes, stm32h7xx_hal_gpio.o(.text.HAL_GPIO_WritePin))
<BR><BR>[Stack]<UL><LI>Max Depth = 8<LI>Call Chain = HAL_GPIO_WritePin
</UL>
<BR>[Called By]<UL><LI><a href="#[17c]">&gt;&gt;</a>&nbsp;&nbsp;&nbsp;bsps_sa_sw_only_ch2
<LI><a href="#[182]">&gt;&gt;</a>&nbsp;&nbsp;&nbsp;bsps_sa_rly_att_sel_ch2
<LI><a href="#[17b]">&gt;&gt;</a>&nbsp;&nbsp;&nbsp;bsps_sa_rly_att_ch2
<LI><a href="#[17a]">&gt;&gt;</a>&nbsp;&nbsp;&nbsp;bsps_sa_rly_att_ch1
<LI><a href="#[177]">&gt;&gt;</a>&nbsp;&nbsp;&nbsp;bsps_sa_oh_ac_ch1
<LI><a href="#[173]">&gt;&gt;</a>&nbsp;&nbsp;&nbsp;bsps_sa_att_sel_ch2
<LI><a href="#[172]">&gt;&gt;</a>&nbsp;&nbsp;&nbsp;bsps_sa_att_sel_ch1
<LI><a href="#[171]">&gt;&gt;</a>&nbsp;&nbsp;&nbsp;bsps_sa_adc_mode_ch1_ch2_align
<LI><a href="#[179]">&gt;&gt;</a>&nbsp;&nbsp;&nbsp;bsps_sa_oh_dc_ch2
<LI><a href="#[178]">&gt;&gt;</a>&nbsp;&nbsp;&nbsp;bsps_sa_oh_ac_ch2
<LI><a href="#[168]">&gt;&gt;</a>&nbsp;&nbsp;&nbsp;bsps_bsps_hard_reset_stop
<LI><a href="#[167]">&gt;&gt;</a>&nbsp;&nbsp;&nbsp;bsps_bsps_hard_reset
<LI><a href="#[11a]">&gt;&gt;</a>&nbsp;&nbsp;&nbsp;HAL_LTDC_MspInit
<LI><a href="#[b4]">&gt;&gt;</a>&nbsp;&nbsp;&nbsp;bsp_lcd_bcl_on
</UL>

<P><STRONG><a name="[f0]"></a>HAL_GetTick</STRONG> (Thumb, 12 bytes, Stack size 0 bytes, stm32h7xx_hal.o(.text.HAL_GetTick))
<BR><BR>[Called By]<UL><LI><a href="#[ef]">&gt;&gt;</a>&nbsp;&nbsp;&nbsp;HAL_DAC_ConfigChannel
<LI><a href="#[107]">&gt;&gt;</a>&nbsp;&nbsp;&nbsp;HAL_I2C_Mem_Write
<LI><a href="#[102]">&gt;&gt;</a>&nbsp;&nbsp;&nbsp;HAL_I2C_Mem_Read
<LI><a href="#[f6]">&gt;&gt;</a>&nbsp;&nbsp;&nbsp;HAL_DMA_Init
<LI><a href="#[12b]">&gt;&gt;</a>&nbsp;&nbsp;&nbsp;HAL_RCC_OscConfig
<LI><a href="#[12a]">&gt;&gt;</a>&nbsp;&nbsp;&nbsp;HAL_RCC_ClockConfig
<LI><a href="#[127]">&gt;&gt;</a>&nbsp;&nbsp;&nbsp;HAL_PWREx_ConfigSupply
<LI><a href="#[10a]">&gt;&gt;</a>&nbsp;&nbsp;&nbsp;HAL_RCCEx_PeriphCLKConfig
<LI><a href="#[f1]">&gt;&gt;</a>&nbsp;&nbsp;&nbsp;HAL_Delay
<LI><a href="#[129]">&gt;&gt;</a>&nbsp;&nbsp;&nbsp;RCCEx_PLL3_Config
<LI><a href="#[128]">&gt;&gt;</a>&nbsp;&nbsp;&nbsp;RCCEx_PLL2_Config
<LI><a href="#[109]">&gt;&gt;</a>&nbsp;&nbsp;&nbsp;I2C_WaitOnTXISFlagUntilTimeout
<LI><a href="#[106]">&gt;&gt;</a>&nbsp;&nbsp;&nbsp;I2C_WaitOnSTOPFlagUntilTimeout
<LI><a href="#[103]">&gt;&gt;</a>&nbsp;&nbsp;&nbsp;I2C_WaitOnFlagUntilTimeout
<LI><a href="#[144]">&gt;&gt;</a>&nbsp;&nbsp;&nbsp;I2C_IsErrorOccurred
</UL>

<P><STRONG><a name="[16f]"></a>HAL_I2CEx_ConfigAnalogFilter</STRONG> (Thumb, 152 bytes, Stack size 12 bytes, stm32h7xx_hal_i2c_ex.o(.text.HAL_I2CEx_ConfigAnalogFilter))
<BR><BR>[Stack]<UL><LI>Max Depth = 12<LI>Call Chain = HAL_I2CEx_ConfigAnalogFilter
</UL>
<BR>[Called By]<UL><LI><a href="#[16a]">&gt;&gt;</a>&nbsp;&nbsp;&nbsp;bsps_iic_init
</UL>

<P><STRONG><a name="[170]"></a>HAL_I2CEx_ConfigDigitalFilter</STRONG> (Thumb, 162 bytes, Stack size 16 bytes, stm32h7xx_hal_i2c_ex.o(.text.HAL_I2CEx_ConfigDigitalFilter))
<BR><BR>[Stack]<UL><LI>Max Depth = 16<LI>Call Chain = HAL_I2CEx_ConfigDigitalFilter
</UL>
<BR>[Called By]<UL><LI><a href="#[16a]">&gt;&gt;</a>&nbsp;&nbsp;&nbsp;bsps_iic_init
</UL>

<P><STRONG><a name="[100]"></a>HAL_I2C_Init</STRONG> (Thumb, 260 bytes, Stack size 16 bytes, stm32h7xx_hal_i2c.o(.text.HAL_I2C_Init))
<BR><BR>[Stack]<UL><LI>Max Depth = 416<LI>Call Chain = HAL_I2C_Init &rArr; HAL_I2C_MspInit &rArr; HAL_RCCEx_PeriphCLKConfig &rArr; RCCEx_PLL3_Config
</UL>
<BR>[Calls]<UL><LI><a href="#[101]">&gt;&gt;</a>&nbsp;&nbsp;&nbsp;HAL_I2C_MspInit
</UL>
<BR>[Called By]<UL><LI><a href="#[16a]">&gt;&gt;</a>&nbsp;&nbsp;&nbsp;bsps_iic_init
</UL>

<P><STRONG><a name="[102]"></a>HAL_I2C_Mem_Read</STRONG> (Thumb, 650 bytes, Stack size 40 bytes, stm32h7xx_hal_i2c.o(.text.HAL_I2C_Mem_Read))
<BR><BR>[Stack]<UL><LI>Max Depth = 148<LI>Call Chain = HAL_I2C_Mem_Read &rArr; I2C_RequestMemoryRead &rArr; I2C_WaitOnTXISFlagUntilTimeout &rArr; I2C_IsErrorOccurred &rArr; I2C_Flush_TXDR
</UL>
<BR>[Calls]<UL><LI><a href="#[f0]">&gt;&gt;</a>&nbsp;&nbsp;&nbsp;HAL_GetTick
<LI><a href="#[106]">&gt;&gt;</a>&nbsp;&nbsp;&nbsp;I2C_WaitOnSTOPFlagUntilTimeout
[...]
<BR><BR>[Stack]<UL><LI>Max Depth = 20<LI>Call Chain = TIM_OC5_SetConfig
</UL>
<BR>[Called By]<UL><LI><a href="#[139]">&gt;&gt;</a>&nbsp;&nbsp;&nbsp;HAL_TIM_PWM_ConfigChannel
</UL>

<P><STRONG><a name="[13f]"></a>TIM_OC6_SetConfig</STRONG> (Thumb, 210 bytes, Stack size 20 bytes, stm32h7xx_hal_tim.o(.text.TIM_OC6_SetConfig))
<BR><BR>[Stack]<UL><LI>Max Depth = 20<LI>Call Chain = TIM_OC6_SetConfig
</UL>
<BR>[Called By]<UL><LI><a href="#[139]">&gt;&gt;</a>&nbsp;&nbsp;&nbsp;HAL_TIM_PWM_ConfigChannel
</UL>

<P><STRONG><a name="[145]"></a>I2C_Flush_TXDR</STRONG> (Thumb, 64 bytes, Stack size 4 bytes, stm32h7xx_hal_i2c.o(.text.I2C_Flush_TXDR))
<BR><BR>[Stack]<UL><LI>Max Depth = 4<LI>Call Chain = I2C_Flush_TXDR
</UL>
<BR>[Called By]<UL><LI><a href="#[144]">&gt;&gt;</a>&nbsp;&nbsp;&nbsp;I2C_IsErrorOccurred
</UL>

<P><STRONG><a name="[144]"></a>I2C_IsErrorOccurred</STRONG> (Thumb, 540 bytes, Stack size 48 bytes, stm32h7xx_hal_i2c.o(.text.I2C_IsErrorOccurred))
<BR><BR>[Stack]<UL><LI>Max Depth = 52<LI>Call Chain = I2C_IsErrorOccurred &rArr; I2C_Flush_TXDR
</UL>
<BR>[Calls]<UL><LI><a href="#[f0]">&gt;&gt;</a>&nbsp;&nbsp;&nbsp;HAL_GetTick
<LI><a href="#[145]">&gt;&gt;</a>&nbsp;&nbsp;&nbsp;I2C_Flush_TXDR
</UL>
<BR>[Called By]<UL><LI><a href="#[109]">&gt;&gt;</a>&nbsp;&nbsp;&nbsp;I2C_WaitOnTXISFlagUntilTimeout
<LI><a href="#[106]">&gt;&gt;</a>&nbsp;&nbsp;&nbsp;I2C_WaitOnSTOPFlagUntilTimeout
</UL>

<P><STRONG><a name="[104]"></a>I2C_RequestMemoryRead</STRONG> (Thumb, 190 bytes, Stack size 32 bytes, stm32h7xx_hal_i2c.o(.text.I2C_RequestMemoryRead))
<BR><BR>[Stack]<UL><LI>Max Depth = 108<LI>Call Chain = I2C_RequestMemoryRead &rArr; I2C_WaitOnTXISFlagUntilTimeout &rArr; I2C_IsErrorOccurred &rArr; I2C_Flush_TXDR
</UL>
<BR>[Calls]<UL><LI><a href="#[109]">&gt;&gt;</a>&nbsp;&nbsp;&nbsp;I2C_WaitOnTXISFlagUntilTimeout
<LI><a href="#[103]">&gt;&gt;</a>&nbsp;&nbsp;&nbsp;I2C_WaitOnFlagUntilTimeout
<LI><a href="#[105]">&gt;&gt;</a>&nbsp;&nbsp;&nbsp;I2C_TransferConfig
</UL>
<BR>[Called By]<UL><LI><a href="#[102]">&gt;&gt;</a>&nbsp;&nbsp;&nbsp;HAL_I2C_Mem_Read
</UL>

<P><STRONG><a name="[108]"></a>I2C_RequestMemoryWrite</STRONG> (Thumb, 192 bytes, Stack size 32 bytes, stm32h7xx_hal_i2c.o(.text.I2C_RequestMemoryWrite))
<BR><BR>[Stack]<UL><LI>Max Depth = 108<LI>Call Chain = I2C_RequestMemoryWrite &rArr; I2C_WaitOnTXISFlagUntilTimeout &rArr; I2C_IsErrorOccurred &rArr; I2C_Flush_TXDR
</UL>
<BR>[Calls]<UL><LI><a href="#[109]">&gt;&gt;</a>&nbsp;&nbsp;&nbsp;I2C_WaitOnTXISFlagUntilTimeout
<LI><a href="#[103]">&gt;&gt;</a>&nbsp;&nbsp;&nbsp;I2C_WaitOnFlagUntilTimeout
<LI><a href="#[105]">&gt;&gt;</a>&nbsp;&nbsp;&nbsp;I2C_TransferConfig
</UL>
<BR>[Called By]<UL><LI><a href="#[107]">&gt;&gt;</a>&nbsp;&nbsp;&nbsp;HAL_I2C_Mem_Write
</UL>

<P><STRONG><a name="[105]"></a>I2C_TransferConfig</STRONG> (Thumb, 84 bytes, Stack size 16 bytes, stm32h7xx_hal_i2c.o(.text.I2C_TransferConfig))
<BR><BR>[Stack]<UL><LI>Max Depth = 16<LI>Call Chain = I2C_TransferConfig
</UL>
<BR>[Called By]<UL><LI><a href="#[107]">&gt;&gt;</a>&nbsp;&nbsp;&nbsp;HAL_I2C_Mem_Write
<LI><a href="#[102]">&gt;&gt;</a>&nbsp;&nbsp;&nbsp;HAL_I2C_Mem_Read
<LI><a href="#[108]">&gt;&gt;</a>&nbsp;&nbsp;&nbsp;I2C_RequestMemoryWrite
<LI><a href="#[104]">&gt;&gt;</a>&nbsp;&nbsp;&nbsp;I2C_RequestMemoryRead
</UL>

<P><STRONG><a name="[103]"></a>I2C_WaitOnFlagUntilTimeout</STRONG> (Thumb, 144 bytes, Stack size 32 bytes, stm32h7xx_hal_i2c.o(.text.I2C_WaitOnFlagUntilTimeout))
<BR><BR>[Stack]<UL><LI>Max Depth = 32<LI>Call Chain = I2C_WaitOnFlagUntilTimeout
</UL>
<BR>[Calls]<UL><LI><a href="#[f0]">&gt;&gt;</a>&nbsp;&nbsp;&nbsp;HAL_GetTick
</UL>
<BR>[Called By]<UL><LI><a href="#[107]">&gt;&gt;</a>&nbsp;&nbsp;&nbsp;HAL_I2C_Mem_Write
<LI><a href="#[102]">&gt;&gt;</a>&nbsp;&nbsp;&nbsp;HAL_I2C_Mem_Read
<LI><a href="#[108]">&gt;&gt;</a>&nbsp;&nbsp;&nbsp;I2C_RequestMemoryWrite
<LI><a href="#[104]">&gt;&gt;</a>&nbsp;&nbsp;&nbsp;I2C_RequestMemoryRead
</UL>

<P><STRONG><a name="[106]"></a>I2C_WaitOnSTOPFlagUntilTimeout</STRONG> (Thumb, 140 bytes, Stack size 24 bytes, stm32h7xx_hal_i2c.o(.text.I2C_WaitOnSTOPFlagUntilTimeout))
<BR><BR>[Stack]<UL><LI>Max Depth = 76<LI>Call Chain = I2C_WaitOnSTOPFlagUntilTimeout &rArr; I2C_IsErrorOccurred &rArr; I2C_Flush_TXDR
</UL>
<BR>[Calls]<UL><LI><a href="#[f0]">&gt;&gt;</a>&nbsp;&nbsp;&nbsp;HAL_GetTick
<LI><a href="#[144]">&gt;&gt;</a>&nbsp;&nbsp;&nbsp;I2C_IsErrorOccurred
</UL>
<BR>[Called By]<UL><LI><a href="#[107]">&gt;&gt;</a>&nbsp;&nbsp;&nbsp;HAL_I2C_Mem_Write
<LI><a href="#[102]">&gt;&gt;</a>&nbsp;&nbsp;&nbsp;HAL_I2C_Mem_Read
</UL>

<P><STRONG><a name="[109]"></a>I2C_WaitOnTXISFlagUntilTimeout</STRONG> (Thumb, 150 bytes, Stack size 24 bytes, stm32h7xx_hal_i2c.o(.text.I2C_WaitOnTXISFlagUntilTimeout))
<BR><BR>[Stack]<UL><LI>Max Depth = 76<LI>Call Chain = I2C_WaitOnTXISFlagUntilTimeout &rArr; I2C_IsErrorOccurred &rArr; I2C_Flush_TXDR
</UL>
<BR>[Calls]<UL><LI><a href="#[f0]">&gt;&gt;</a>&nbsp;&nbsp;&nbsp;HAL_GetTick
<LI><a href="#[144]">&gt;&gt;</a>&nbsp;&nbsp;&nbsp;I2C_IsErrorOccurred
</UL>
<BR>[Called By]<UL><LI><a href="#[107]">&gt;&gt;</a>&nbsp;&nbsp;&nbsp;HAL_I2C_Mem_Write
<LI><a href="#[108]">&gt;&gt;</a>&nbsp;&nbsp;&nbsp;I2C_RequestMemoryWrite
<LI><a href="#[104]">&gt;&gt;</a>&nbsp;&nbsp;&nbsp;I2C_RequestMemoryRead
</UL>

<P><STRONG><a name="[1a9]"></a>mx_time13_init</STRONG> (Thumb, 80 bytes, Stack size 8 bytes, os.o(.text.mx_time13_init))
<BR><BR>[Stack]<UL><LI>Max Depth = 128<LI>Call Chain = mx_time13_init &rArr; HAL_TIM_Base_Init &rArr; HAL_TIM_Base_MspInit &rArr; HAL_NVIC_SetPriority &rArr; NVIC_EncodePriority
</UL>
<BR>[Calls]<UL><LI><a href="#[12d]">&gt;&gt;</a>&nbsp;&nbsp;&nbsp;HAL_TIM_Base_Init
<LI><a href="#[d4]">&gt;&gt;</a>&nbsp;&nbsp;&nbsp;Error_Handler
<LI><a href="#[1aa]">&gt;&gt;</a>&nbsp;&nbsp;&nbsp;HAL_TIM_Base_Start_IT
</UL>
<BR>[Called By]<UL><LI><a href="#[bb]">&gt;&gt;</a>&nbsp;&nbsp;&nbsp;thread_timer_init
</UL>

<P><STRONG><a name="[1ab]"></a>mx_time14_init</STRONG> (Thumb, 82 bytes, Stack size 8 bytes, os.o(.text.mx_time14_init))
<BR><BR>[Stack]<UL><LI>Max Depth = 128<LI>Call Chain = mx_time14_init &rArr; HAL_TIM_Base_Init &rArr; HAL_TIM_Base_MspInit &rArr; HAL_NVIC_SetPriority &rArr; NVIC_EncodePriority
</UL>
<BR>[Calls]<UL><LI><a href="#[12d]">&gt;&gt;</a>&nbsp;&nbsp;&nbsp;HAL_TIM_Base_Init
<LI><a href="#[d4]">&gt;&gt;</a>&nbsp;&nbsp;&nbsp;Error_Handler
<LI><a href="#[1aa]">&gt;&gt;</a>&nbsp;&nbsp;&nbsp;HAL_TIM_Base_Start_IT
</UL>
<BR>[Called By]<UL><LI><a href="#[bb]">&gt;&gt;</a>&nbsp;&nbsp;&nbsp;thread_timer_init
</UL>

<P><STRONG><a name="[1ac]"></a>mx_time16_init</STRONG> (Thumb, 82 bytes, Stack size 8 bytes, os.o(.text.mx_time16_init))
<BR><BR>[Stack]<UL><LI>Max Depth = 128<LI>Call Chain = mx_time16_init &rArr; HAL_TIM_Base_Init &rArr; HAL_TIM_Base_MspInit &rArr; HAL_NVIC_SetPriority &rArr; NVIC_EncodePriority
</UL>
<BR>[Calls]<UL><LI><a href="#[12d]">&gt;&gt;</a>&nbsp;&nbsp;&nbsp;HAL_TIM_Base_Init
<LI><a href="#[d4]">&gt;&gt;</a>&nbsp;&nbsp;&nbsp;Error_Handler
<LI><a href="#[1aa]">&gt;&gt;</a>&nbsp;&nbsp;&nbsp;HAL_TIM_Base_Start_IT
</UL>
<BR>[Called By]<UL><LI><a href="#[bb]">&gt;&gt;</a>&nbsp;&nbsp;&nbsp;thread_timer_init
</UL>

<P><STRONG><a name="[1ad]"></a>mx_time17_init</STRONG> (Thumb, 82 bytes, Stack size 8 bytes, os.o(.text.mx_time17_init))
<BR><BR>[Stack]<UL><LI>Max Depth = 128<LI>Call Chain = mx_time17_init &rArr; HAL_TIM_Base_Init &rArr; HAL_TIM_Base_MspInit &rArr; HAL_NVIC_SetPriority &rArr; NVIC_EncodePriority
</UL>
<BR>[Calls]<UL><LI><a href="#[12d]">&gt;&gt;</a>&nbsp;&nbsp;&nbsp;HAL_TIM_Base_Init
<LI><a href="#[d4]">&gt;&gt;</a>&nbsp;&nbsp;&nbsp;Error_Handler
<LI><a href="#[1aa]">&gt;&gt;</a>&nbsp;&nbsp;&nbsp;HAL_TIM_Base_Start_IT
</UL>
<BR>[Called By]<UL><LI><a href="#[bb]">&gt;&gt;</a>&nbsp;&nbsp;&nbsp;thread_timer_init
</UL>

<P><STRONG><a name="[1ae]"></a>mx_time7_init</STRONG> (Thumb, 128 bytes, Stack size 24 bytes, os.o(.text.mx_time7_init))
<BR><BR>[Stack]<UL><LI>Max Depth = 144<LI>Call Chain = mx_time7_init &rArr; HAL_TIM_Base_Init &rArr; HAL_TIM_Base_MspInit &rArr; HAL_NVIC_SetPriority &rArr; NVIC_EncodePriority
</UL>
<BR>[Calls]<UL><LI><a href="#[12d]">&gt;&gt;</a>&nbsp;&nbsp;&nbsp;HAL_TIM_Base_Init
<LI><a href="#[175]">&gt;&gt;</a>&nbsp;&nbsp;&nbsp;HAL_TIMEx_MasterConfigSynchronization
<LI><a href="#[d4]">&gt;&gt;</a>&nbsp;&nbsp;&nbsp;Error_Handler
<LI><a href="#[1aa]">&gt;&gt;</a>&nbsp;&nbsp;&nbsp;HAL_TIM_Base_Start_IT
</UL>
<BR>[Called By]<UL><LI><a href="#[bb]">&gt;&gt;</a>&nbsp;&nbsp;&nbsp;thread_timer_init
</UL>

<P><STRONG><a name="[1b8]"></a>os_tsk_init</STRONG> (Thumb, 118 bytes, Stack size 4 bytes, os.o(.text.os_tsk_init))
<BR><BR>[Stack]<UL><LI>Max Depth = 4<LI>Call Chain = os_tsk_init
</UL>
<BR>[Called By]<UL><LI><a href="#[bb]">&gt;&gt;</a>&nbsp;&nbsp;&nbsp;thread_timer_init
</UL>

<P><STRONG><a name="[158]"></a>run_thead_priority_0</STRONG> (Thumb, 94 bytes, Stack size 16 bytes, os.o(.text.run_thead_priority_0))
<BR><BR>[Stack]<UL><LI>Max Depth = 16<LI>Call Chain = run_thead_priority_0
</UL>
<BR>[Called By]<UL><LI><a href="#[46]">&gt;&gt;</a>&nbsp;&nbsp;&nbsp;TIM7_IRQHandler
</UL>

<P><STRONG><a name="[15a]"></a>run_thead_priority_1</STRONG> (Thumb, 94 bytes, Stack size 16 bytes, os.o(.text.run_thead_priority_1))
<BR><BR>[Stack]<UL><LI>Max Depth = 16<LI>Call Chain = run_thead_priority_1
</UL>
<BR>[Called By]<UL><LI><a href="#[3b]">&gt;&gt;</a>&nbsp;&nbsp;&nbsp;TIM8_UP_TIM13_IRQHandler
</UL>

<P><STRONG><a name="[159]"></a>run_thead_priority_2</STRONG> (Thumb, 94 bytes, Stack size 16 bytes, os.o(.text.run_thead_priority_2))
<BR><BR>[Stack]<UL><LI>Max Depth = 16<LI>Call Chain = run_thead_priority_2
</UL>
<BR>[Called By]<UL><LI><a href="#[3c]">&gt;&gt;</a>&nbsp;&nbsp;&nbsp;TIM8_TRG_COM_TIM14_IRQHandler
</UL>

<P><STRONG><a name="[156]"></a>run_thead_priority_3</STRONG> (Thumb, 94 bytes, Stack size 16 bytes, os.o(.text.run_thead_priority_3))
<BR><BR>[Stack]<UL><LI>Max Depth = 16<LI>Call Chain = run_thead_priority_3
</UL>
<BR>[Called By]<UL><LI><a href="#[76]">&gt;&gt;</a>&nbsp;&nbsp;&nbsp;TIM16_IRQHandler
</UL>

<P><STRONG><a name="[157]"></a>run_thead_priority_4</STRONG> (Thumb, 94 bytes, Stack size 16 bytes, os.o(.text.run_thead_priority_4))
<BR><BR>[Stack]<UL><LI>Max Depth = 16<LI>Call Chain = run_thead_priority_4
</UL>
<BR>[Called By]<UL><LI><a href="#[77]">&gt;&gt;</a>&nbsp;&nbsp;&nbsp;TIM17_IRQHandler
</UL>

<P><STRONG><a name="[be]"></a>gui_draw_task</STRONG> (Thumb, 322 bytes, Stack size 24 bytes, gui.o(.text.gui_draw_task))
<BR><BR>[Stack]<UL><LI>Max Depth = 24<LI>Call Chain = gui_draw_task
</UL>
<BR>[Called By]<UL><LI><a href="#[4]">&gt;&gt;</a>&nbsp;&nbsp;&nbsp;gui_thread
</UL>
<BR>[Address Reference Count : 1]<UL><LI> gui.o(os_init_ram)
</UL>
<P><STRONG><a name="[4]"></a>gui_thread</STRONG> (Thumb, 76 bytes, Stack size 16 bytes, gui.o(.text.gui_thread))
<BR><BR>[Stack]<UL><LI>Max Depth = 40<LI>Call Chain = gui_thread &rArr; gui_draw_task
</UL>
<BR>[Calls]<UL><LI><a href="#[be]">&gt;&gt;</a>&nbsp;&nbsp;&nbsp;gui_draw_task
</UL>
<BR>[Address Reference Count : 1]<UL><LI> gui.o(os_tsk_ram)
</UL>
<P><STRONG><a name="[db]"></a>EventCheckFilter</STRONG> (Thumb, 60 bytes, Stack size 8 bytes, eventrecorder.o(.text.EventCheckFilter))
<BR><BR>[Stack]<UL><LI>Max Depth = 8<LI>Call Chain = EventCheckFilter
</UL>
<BR>[Called By]<UL><LI><a href="#[da]">&gt;&gt;</a>&nbsp;&nbsp;&nbsp;EventRecord2
<LI><a href="#[dd]">&gt;&gt;</a>&nbsp;&nbsp;&nbsp;EventRecordData
</UL>

<P><STRONG><a name="[d6]"></a>EventGetTS</STRONG> (Thumb, 66 bytes, Stack size 24 bytes, eventrecorder.o(.text.EventGetTS))
<BR><BR>[Stack]<UL><LI>Max Depth = 56<LI>Call Chain = EventGetTS &rArr; UpdateTS &rArr; atomic_xch32
</UL>
<BR>[Calls]<UL><LI><a href="#[d8]">&gt;&gt;</a>&nbsp;&nbsp;&nbsp;UpdateTS
<LI><a href="#[d9]">&gt;&gt;</a>&nbsp;&nbsp;&nbsp;IncrementOverflowTS
<LI><a href="#[d7]">&gt;&gt;</a>&nbsp;&nbsp;&nbsp;EventRecorderTimerGetCount
</UL>
<BR>[Called By]<UL><LI><a href="#[ec]">&gt;&gt;</a>&nbsp;&nbsp;&nbsp;EventRecorderStart
<LI><a href="#[e5]">&gt;&gt;</a>&nbsp;&nbsp;&nbsp;EventRecorderInitialize
<LI><a href="#[da]">&gt;&gt;</a>&nbsp;&nbsp;&nbsp;EventRecord2
<LI><a href="#[dd]">&gt;&gt;</a>&nbsp;&nbsp;&nbsp;EventRecordData
</UL>

<P><STRONG><a name="[dc]"></a>EventRecordItem</STRONG> (Thumb, 254 bytes, Stack size 56 bytes, eventrecorder.o(.text.EventRecordItem))
<BR><BR>[Stack]<UL><LI>Max Depth = 84<LI>Call Chain = EventRecordItem &rArr; UnlockRecord
</UL>
<BR>[Calls]<UL><LI><a href="#[e2]">&gt;&gt;</a>&nbsp;&nbsp;&nbsp;UnlockRecord
<LI><a href="#[e1]">&gt;&gt;</a>&nbsp;&nbsp;&nbsp;LockRecord
<LI><a href="#[e3]">&gt;&gt;</a>&nbsp;&nbsp;&nbsp;IncrementRecordsWritten
<LI><a href="#[e4]">&gt;&gt;</a>&nbsp;&nbsp;&nbsp;IncrementRecordsDumped
<LI><a href="#[e0]">&gt;&gt;</a>&nbsp;&nbsp;&nbsp;GetRecordIndex
</UL>
<BR>[Called By]<UL><LI><a href="#[ec]">&gt;&gt;</a>&nbsp;&nbsp;&nbsp;EventRecorderStart
<LI><a href="#[e5]">&gt;&gt;</a>&nbsp;&nbsp;&nbsp;EventRecorderInitialize
<LI><a href="#[da]">&gt;&gt;</a>&nbsp;&nbsp;&nbsp;EventRecord2
<LI><a href="#[dd]">&gt;&gt;</a>&nbsp;&nbsp;&nbsp;EventRecordData
</UL>

<P><STRONG><a name="[df]"></a>GetContext</STRONG> (Thumb, 18 bytes, Stack size 8 bytes, eventrecorder.o(.text.GetContext))
<BR><BR>[Stack]<UL><LI>Max Depth = 24<LI>Call Chain = GetContext &rArr; atomic_inc8
</UL>
<BR>[Calls]<UL><LI><a href="#[ed]">&gt;&gt;</a>&nbsp;&nbsp;&nbsp;atomic_inc8
</UL>
<BR>[Called By]<UL><LI><a href="#[dd]">&gt;&gt;</a>&nbsp;&nbsp;&nbsp;EventRecordData
</UL>

<P><STRONG><a name="[e0]"></a>GetRecordIndex</STRONG> (Thumb, 18 bytes, Stack size 8 bytes, eventrecorder.o(.text.GetRecordIndex))
<BR><BR>[Stack]<UL><LI>Max Depth = 24<LI>Call Chain = GetRecordIndex &rArr; atomic_inc32
</UL>
<BR>[Calls]<UL><LI><a href="#[ee]">&gt;&gt;</a>&nbsp;&nbsp;&nbsp;atomic_inc32
</UL>
<BR>[Called By]<UL><LI><a href="#[dc]">&gt;&gt;</a>&nbsp;&nbsp;&nbsp;EventRecordItem
</UL>

<P><STRONG><a name="[d9]"></a>IncrementOverflowTS</STRONG> (Thumb, 18 bytes, Stack size 8 bytes, eventrecorder.o(.text.IncrementOverflowTS))
<BR><BR>[Stack]<UL><LI>Max Depth = 24<LI>Call Chain = IncrementOverflowTS &rArr; atomic_inc32
</UL>
<BR>[Calls]<UL><LI><a href="#[ee]">&gt;&gt;</a>&nbsp;&nbsp;&nbsp;atomic_inc32
</UL>
<BR>[Called By]<UL><LI><a href="#[d6]">&gt;&gt;</a>&nbsp;&nbsp;&nbsp;EventGetTS
</UL>

<P><STRONG><a name="[e4]"></a>IncrementRecordsDumped</STRONG> (Thumb, 18 bytes, Stack size 8 bytes, eventrecorder.o(.text.IncrementRecordsDumped))
<BR><BR>[Stack]<UL><LI>Max Depth = 24<LI>Call Chain = IncrementRecordsDumped &rArr; atomic_inc32
</UL>
<BR>[Calls]<UL><LI><a href="#[ee]">&gt;&gt;</a>&nbsp;&nbsp;&nbsp;atomic_inc32
</UL>
<BR>[Called By]<UL><LI><a href="#[dc]">&gt;&gt;</a>&nbsp;&nbsp;&nbsp;EventRecordItem
</UL>

<P><STRONG><a name="[e3]"></a>IncrementRecordsWritten</STRONG> (Thumb, 18 bytes, Stack size 8 bytes, eventrecorder.o(.text.IncrementRecordsWritten))
<BR><BR>[Stack]<UL><LI>Max Depth = 24<LI>Call Chain = IncrementRecordsWritten &rArr; atomic_inc32
</UL>
<BR>[Calls]<UL><LI><a href="#[ee]">&gt;&gt;</a>&nbsp;&nbsp;&nbsp;atomic_inc32
</UL>
<BR>[Called By]<UL><LI><a href="#[dc]">&gt;&gt;</a>&nbsp;&nbsp;&nbsp;EventRecordItem
</UL>

<P><STRONG><a name="[e1]"></a>LockRecord</STRONG> (Thumb, 54 bytes, Stack size 28 bytes, eventrecorder.o(.text.LockRecord))
<BR><BR>[Stack]<UL><LI>Max Depth = 28<LI>Call Chain = LockRecord
</UL>
<BR>[Called By]<UL><LI><a href="#[dc]">&gt;&gt;</a>&nbsp;&nbsp;&nbsp;EventRecordItem
</UL>

<P><STRONG><a name="[e2]"></a>UnlockRecord</STRONG> (Thumb, 50 bytes, Stack size 28 bytes, eventrecorder.o(.text.UnlockRecord))
<BR><BR>[Stack]<UL><LI>Max Depth = 28<LI>Call Chain = UnlockRecord
</UL>
<BR>[Called By]<UL><LI><a href="#[dc]">&gt;&gt;</a>&nbsp;&nbsp;&nbsp;EventRecordItem
</UL>

<P><STRONG><a name="[d8]"></a>UpdateTS</STRONG> (Thumb, 26 bytes, Stack size 16 bytes, eventrecorder.o(.text.UpdateTS))
<BR><BR>[Stack]<UL><LI>Max Depth = 32<LI>Call Chain = UpdateTS &rArr; atomic_xch32
</UL>
<BR>[Calls]<UL><LI><a href="#[15b]">&gt;&gt;</a>&nbsp;&nbsp;&nbsp;atomic_xch32
</UL>
<BR>[Called By]<UL><LI><a href="#[d6]">&gt;&gt;</a>&nbsp;&nbsp;&nbsp;EventGetTS
</UL>

<P><STRONG><a name="[ee]"></a>atomic_inc32</STRONG> (Thumb, 32 bytes, Stack size 16 bytes, eventrecorder.o(.text.atomic_inc32))
<BR><BR>[Stack]<UL><LI>Max Depth = 16<LI>Call Chain = atomic_inc32
</UL>
<BR>[Called By]<UL><LI><a href="#[e3]">&gt;&gt;</a>&nbsp;&nbsp;&nbsp;IncrementRecordsWritten
<LI><a href="#[e4]">&gt;&gt;</a>&nbsp;&nbsp;&nbsp;IncrementRecordsDumped
<LI><a href="#[d9]">&gt;&gt;</a>&nbsp;&nbsp;&nbsp;IncrementOverflowTS
<LI><a href="#[e0]">&gt;&gt;</a>&nbsp;&nbsp;&nbsp;GetRecordIndex
</UL>

<P><STRONG><a name="[ed]"></a>atomic_inc8</STRONG> (Thumb, 36 bytes, Stack size 16 bytes, eventrecorder.o(.text.atomic_inc8))
<BR><BR>[Stack]<UL><LI>Max Depth = 16<LI>Call Chain = atomic_inc8
</UL>
<BR>[Called By]<UL><LI><a href="#[df]">&gt;&gt;</a>&nbsp;&nbsp;&nbsp;GetContext
</UL>

<P><STRONG><a name="[15b]"></a>atomic_xch32</STRONG> (Thumb, 32 bytes, Stack size 16 bytes, eventrecorder.o(.text.atomic_xch32))
<BR><BR>[Stack]<UL><LI>Max Depth = 16<LI>Call Chain = atomic_xch32
</UL>
<BR>[Called By]<UL><LI><a href="#[d8]">&gt;&gt;</a>&nbsp;&nbsp;&nbsp;UpdateTS
</UL>

<P><STRONG><a name="[e7]"></a>crc16_ccitt</STRONG> (Thumb, 130 bytes, Stack size 16 bytes, eventrecorder.o(.text.crc16_ccitt))
<BR><BR>[Stack]<UL><LI>Max Depth = 16<LI>Call Chain = crc16_ccitt
</UL>
<BR>[Called By]<UL><LI><a href="#[e5]">&gt;&gt;</a>&nbsp;&nbsp;&nbsp;EventRecorderInitialize
</UL>

<P><STRONG><a name="[1a5]"></a>stdout_putchar</STRONG> (Thumb, 124 bytes, Stack size 24 bytes, retarget_io.o(.text.stdout_putchar))
<BR><BR>[Stack]<UL><LI>Max Depth = 164<LI>Call Chain = stdout_putchar &rArr; EventRecordData &rArr; EventRecordItem &rArr; UnlockRecord
</UL>
<BR>[Calls]<UL><LI><a href="#[dd]">&gt;&gt;</a>&nbsp;&nbsp;&nbsp;EventRecordData
</UL>
<BR>[Called By]<UL><LI><a href="#[b1]">&gt;&gt;</a>&nbsp;&nbsp;&nbsp;fputc
</UL>

<P><STRONG><a name="[1bc]"></a>_fp_digits</STRONG> (Thumb, 366 bytes, Stack size 64 bytes, printfa.o(i._fp_digits), UNUSED)
<BR><BR>[Calls]<UL><LI><a href="#[cd]">&gt;&gt;</a>&nbsp;&nbsp;&nbsp;__aeabi_dmul
<LI><a href="#[ce]">&gt;&gt;</a>&nbsp;&nbsp;&nbsp;__aeabi_ddiv
<LI><a href="#[c7]">&gt;&gt;</a>&nbsp;&nbsp;&nbsp;__aeabi_dadd
<LI><a href="#[cf]">&gt;&gt;</a>&nbsp;&nbsp;&nbsp;__aeabi_d2ulz
<LI><a href="#[1bd]">&gt;&gt;</a>&nbsp;&nbsp;&nbsp;__aeabi_cdrcmple
<LI><a href="#[c1]">&gt;&gt;</a>&nbsp;&nbsp;&nbsp;__aeabi_uldivmod
</UL>
<BR>[Called By]<UL><LI><a href="#[1ba]">&gt;&gt;</a>&nbsp;&nbsp;&nbsp;_printf_core
</UL>

<P><STRONG><a name="[1ba]"></a>_printf_core</STRONG> (Thumb, 1744 bytes, Stack size 136 bytes, printfa.o(i._printf_core), UNUSED)
<BR><BR>[Calls]<UL><LI><a href="#[1c0]">&gt;&gt;</a>&nbsp;&nbsp;&nbsp;__aeabi_uidivmod
<LI><a href="#[1be]">&gt;&gt;</a>&nbsp;&nbsp;&nbsp;_printf_pre_padding
<LI><a href="#[1bf]">&gt;&gt;</a>&nbsp;&nbsp;&nbsp;_printf_post_padding
<LI><a href="#[1bc]">&gt;&gt;</a>&nbsp;&nbsp;&nbsp;_fp_digits
<LI><a href="#[c1]">&gt;&gt;</a>&nbsp;&nbsp;&nbsp;__aeabi_uldivmod
</UL>
<BR>[Called By]<UL><LI><a href="#[1bb]">&gt;&gt;</a>&nbsp;&nbsp;&nbsp;__0sprintf
<LI><a href="#[1b9]">&gt;&gt;</a>&nbsp;&nbsp;&nbsp;__0printf
</UL>

<P><STRONG><a name="[1bf]"></a>_printf_post_padding</STRONG> (Thumb, 36 bytes, Stack size 24 bytes, printfa.o(i._printf_post_padding), UNUSED)
<BR><BR>[Called By]<UL><LI><a href="#[1ba]">&gt;&gt;</a>&nbsp;&nbsp;&nbsp;_printf_core
</UL>

<P><STRONG><a name="[1be]"></a>_printf_pre_padding</STRONG> (Thumb, 46 bytes, Stack size 24 bytes, printfa.o(i._printf_pre_padding), UNUSED)
<BR><BR>[Called By]<UL><LI><a href="#[1ba]">&gt;&gt;</a>&nbsp;&nbsp;&nbsp;_printf_core
</UL>

<P><STRONG><a name="[b2]"></a>_sputc</STRONG> (Thumb, 10 bytes, Stack size 0 bytes, printfa.o(i._sputc))
<BR><BR>[Called By]<UL><LI><a href="#[1bb]">&gt;&gt;</a>&nbsp;&nbsp;&nbsp;__0sprintf
</UL>
<BR>[Address Reference Count : 1]<UL><LI> printfa.o(i.__0sprintf)
</UL><P>
<H3>
Undefined Global Symbols
</H3><HR></body></html>
