Component: ARM Compiler 6.16 Tool: armlink [5dfeaa00]

==============================================================================

Section Cross References

    main.o(.text.main) refers to bsp.o(.text.bsp_Init) for bsp_Init
    main.o(.text.main) refers to main.o(.rodata.str1.1) for .L.str
    main.o(.text.main) refers to eventrecorder.o(.text.EventRecord2) for EventRecord2
    main.o(.text.main) refers to os.o(.text.run_thead_priority_idle) for run_thead_priority_idle
    main.o(.ARM.exidx.text.main) refers to main.o(.text.main) for [Anonymous Symbol]
    stm32h7xx_it.o(.ARM.exidx.text.NMI_Handler) refers to stm32h7xx_it.o(.text.NMI_Handler) for [Anonymous Symbol]
    stm32h7xx_it.o(.ARM.exidx.text.HardFault_Handler) refers to stm32h7xx_it.o(.text.HardFault_Handler) for [Anonymous Symbol]
    stm32h7xx_it.o(.ARM.exidx.text.MemManage_Handler) refers to stm32h7xx_it.o(.text.MemManage_Handler) for [Anonymous Symbol]
    stm32h7xx_it.o(.ARM.exidx.text.BusFault_Handler) refers to stm32h7xx_it.o(.text.BusFault_Handler) for [Anonymous Symbol]
    stm32h7xx_it.o(.ARM.exidx.text.UsageFault_Handler) refers to stm32h7xx_it.o(.text.UsageFault_Handler) for [Anonymous Symbol]
    stm32h7xx_it.o(.ARM.exidx.text.SVC_Handler) refers to stm32h7xx_it.o(.text.SVC_Handler) for [Anonymous Symbol]
    stm32h7xx_it.o(.ARM.exidx.text.DebugMon_Handler) refers to stm32h7xx_it.o(.text.DebugMon_Handler) for [Anonymous Symbol]
    stm32h7xx_it.o(.ARM.exidx.text.PendSV_Handler) refers to stm32h7xx_it.o(.text.PendSV_Handler) for [Anonymous Symbol]
    stm32h7xx_it.o(.text.SysTick_Handler) refers to stm32h7xx_hal.o(.text.HAL_IncTick) for HAL_IncTick
    stm32h7xx_it.o(.ARM.exidx.text.SysTick_Handler) refers to stm32h7xx_it.o(.text.SysTick_Handler) for [Anonymous Symbol]
    bsp_lcd.o(.text.bsp_lcd_init) refers to memseta.o(.text) for __aeabi_memclr4
    bsp_lcd.o(.text.bsp_lcd_init) refers to stm32h7xx_hal_rcc_ex.o(.text.HAL_RCCEx_PeriphCLKConfig) for HAL_RCCEx_PeriphCLKConfig
    bsp_lcd.o(.text.bsp_lcd_init) refers to bsp_lcd.o(.bss.hltdc) for hltdc
    bsp_lcd.o(.text.bsp_lcd_init) refers to stm32h7xx_hal_ltdc.o(.text.HAL_LTDC_Init) for HAL_LTDC_Init
    bsp_lcd.o(.text.bsp_lcd_init) refers to bsp_lcd.o(.rodata.str1.1) for .L.str.1
    bsp_lcd.o(.text.bsp_lcd_init) refers to bsp.o(.text.Error_Handler) for Error_Handler
    bsp_lcd.o(.text.bsp_lcd_init) refers to bsp_lcd.o(.RAM_D1) for gram
    bsp_lcd.o(.text.bsp_lcd_init) refers to stm32h7xx_hal_ltdc.o(.text.HAL_LTDC_ConfigLayer) for HAL_LTDC_ConfigLayer
    bsp_lcd.o(.text.bsp_lcd_init) refers to bsp_lcd.o(.text.bsp_lcd_dma2d_init) for bsp_lcd_dma2d_init
    bsp_lcd.o(.ARM.exidx.text.bsp_lcd_init) refers to bsp_lcd.o(.text.bsp_lcd_init) for [Anonymous Symbol]
    bsp_lcd.o(.text.bsp_lcd_bcl_on) refers to stm32h7xx_hal_gpio.o(.text.HAL_GPIO_WritePin) for HAL_GPIO_WritePin
    bsp_lcd.o(.ARM.exidx.text.bsp_lcd_bcl_on) refers to bsp_lcd.o(.text.bsp_lcd_bcl_on) for [Anonymous Symbol]
    bsp_lcd.o(.text.bsp_lcd_ram_init) refers to bsp_lcd.o(.RAM_D1) for gram
    bsp_lcd.o(.ARM.exidx.text.bsp_lcd_ram_init) refers to bsp_lcd.o(.text.bsp_lcd_ram_init) for [Anonymous Symbol]
    bsp_lcd.o(.text.bsp_lcd_set_pixel) refers to bsp_lcd.o(.RAM_D1) for gram
    bsp_lcd.o(.ARM.exidx.text.bsp_lcd_set_pixel) refers to bsp_lcd.o(.text.bsp_lcd_set_pixel) for [Anonymous Symbol]
    bsp_lcd.o(.text.bsp_lcd_get_pixel) refers to bsp_lcd.o(.RAM_D1) for gram
    bsp_lcd.o(.ARM.exidx.text.bsp_lcd_get_pixel) refers to bsp_lcd.o(.text.bsp_lcd_get_pixel) for [Anonymous Symbol]
    bsp_lcd.o(.text.bsp_lcd_set_pixel_l2) refers to bsp_lcd.o(.RAM_D1) for gram2
    bsp_lcd.o(.ARM.exidx.text.bsp_lcd_set_pixel_l2) refers to bsp_lcd.o(.text.bsp_lcd_set_pixel_l2) for [Anonymous Symbol]
    bsp_lcd.o(.text.bsp_lcd_get_pixel_l2) refers to bsp_lcd.o(.RAM_D1) for gram2
    bsp_lcd.o(.ARM.exidx.text.bsp_lcd_get_pixel_l2) refers to bsp_lcd.o(.text.bsp_lcd_get_pixel_l2) for [Anonymous Symbol]
    bsp_lcd.o(.text.bsp_lcd_color_test) refers to bsp_lcd.o(.text.bsp_lcd_clr_scr) for bsp_lcd_clr_scr
    bsp_lcd.o(.text.bsp_lcd_color_test) refers to stm32h7xx_hal.o(.text.HAL_Delay) for HAL_Delay
    bsp_lcd.o(.ARM.exidx.text.bsp_lcd_color_test) refers to bsp_lcd.o(.text.bsp_lcd_color_test) for [Anonymous Symbol]
    bsp_lcd.o(.text.bsp_lcd_clr_scr) refers to bsp_lcd.o(.text.bsp_lcd_fill_rect) for bsp_lcd_fill_rect
    bsp_lcd.o(.ARM.exidx.text.bsp_lcd_clr_scr) refers to bsp_lcd.o(.text.bsp_lcd_clr_scr) for [Anonymous Symbol]
    bsp_lcd.o(.text.bsp_lcd_set_tran) refers to bsp_lcd.o(.bss.hltdc) for hltdc
    bsp_lcd.o(.text.bsp_lcd_set_tran) refers to stm32h7xx_hal_ltdc.o(.text.HAL_LTDC_SetAlpha) for HAL_LTDC_SetAlpha
    bsp_lcd.o(.ARM.exidx.text.bsp_lcd_set_tran) refers to bsp_lcd.o(.text.bsp_lcd_set_tran) for [Anonymous Symbol]
    bsp_lcd.o(.text.bsp_lcd_enter_win) refers to bsp_lcd.o(.bss.hltdc) for hltdc
[...]
    bsps_sa_att_sel_ch2                      0x0800ac21   Thumb Code   338  bsps_periph.o(.text.bsps_sa_att_sel_ch2)
    bsps_sa_exti_callbcak_trig               0x0800ae29   Thumb Code    60  bsps_ad9288.o(.text.bsps_sa_exti_callbcak_trig)
    bsps_sa_oh_ac_ch1                        0x0800b001   Thumb Code    22  bsps_periph.o(.text.bsps_sa_oh_ac_ch1)
    bsps_sa_oh_ac_ch2                        0x0800b019   Thumb Code    22  bsps_periph.o(.text.bsps_sa_oh_ac_ch2)
    bsps_sa_oh_dc_ch1                        0x0800b031   Thumb Code    22  bsps_periph.o(.text.bsps_sa_oh_dc_ch1)
    bsps_sa_oh_dc_ch2                        0x0800b049   Thumb Code    22  bsps_periph.o(.text.bsps_sa_oh_dc_ch2)
    bsps_sa_periph_init                      0x0800b061   Thumb Code   900  bsps_periph.o(.text.bsps_sa_periph_init)
    bsps_sa_rly_att_ch1                      0x0800b3e9   Thumb Code    22  bsps_periph.o(.text.bsps_sa_rly_att_ch1)
    bsps_sa_rly_att_ch2                      0x0800b401   Thumb Code    22  bsps_periph.o(.text.bsps_sa_rly_att_ch2)
    bsps_sa_rly_att_sel_ch1                  0x0800b419   Thumb Code    32  bsps_periph.o(.text.bsps_sa_rly_att_sel_ch1)
    bsps_sa_rly_att_sel_ch2                  0x0800b439   Thumb Code    32  bsps_periph.o(.text.bsps_sa_rly_att_sel_ch2)
    bsps_sa_set_psc                          0x0800b459   Thumb Code    18  bsps_ad9288.o(.text.bsps_sa_set_psc)
    bsps_sa_set_pwm_pulse_ch1                0x0800b471   Thumb Code    24  bsps_periph.o(.text.bsps_sa_set_pwm_pulse_ch1)
    bsps_sa_set_pwm_pulse_ch2                0x0800b489   Thumb Code    24  bsps_periph.o(.text.bsps_sa_set_pwm_pulse_ch2)
    bsps_sa_set_trig_vol                     0x0800b4a1   Thumb Code    80  bsps_periph.o(.text.bsps_sa_set_trig_vol)
    bsps_sa_sw_ch1_ch2                       0x0800b4f1   Thumb Code    38  bsps_periph.o(.text.bsps_sa_sw_ch1_ch2)
    bsps_sa_trig_edge_set                    0x0800b519   Thumb Code   126  bsps_ad9288.o(.text.bsps_sa_trig_edge_set)
    bsps_sa_trig_exti_set                    0x0800b599   Thumb Code    36  bsps_ad9288.o(.text.bsps_sa_trig_exti_set)
    bsps_sa_trig_read                        0x0800b5c1   Thumb Code   768  bsps_ad9288.o(.text.bsps_sa_trig_read)
    bsps_thread                              0x0800b8c1   Thumb Code   402  bsps_thread.o(.text.bsps_thread)
    bsps_thread_init                         0x0800ba59   Thumb Code    92  bsps_thread.o(.text.bsps_thread_init)
    bsps_time_dec                            0x0800bab9   Thumb Code    52  bsps_periph.o(.text.bsps_time_dec)
    bsps_time_inc                            0x0800baf1   Thumb Code    52  bsps_periph.o(.text.bsps_time_inc)
    bsps_time_psc_set                        0x0800bb29   Thumb Code   368  bsps_periph.o(.text.bsps_time_psc_set)
    bsps_touch_area_task                     0x0800bc99   Thumb Code   282  bsps_touch.o(.text.bsps_touch_area_task)
    bsps_touch_bias_ch1_task                 0x0800bdb9   Thumb Code    74  bsps_touch.o(.text.bsps_touch_bias_ch1_task)
    bsps_touch_bias_ch2_task                 0x0800be09   Thumb Code    74  bsps_touch.o(.text.bsps_touch_bias_ch2_task)
    bsps_touch_ch12_exit_menu_task           0x0800be59   Thumb Code    48  bsps_touch.o(.text.bsps_touch_ch12_exit_menu_task)
    bsps_touch_ch1_coup_task                 0x0800be89   Thumb Code    92  bsps_touch.o(.text.bsps_touch_ch1_coup_task)
    bsps_touch_ch1_ctl_task                  0x0800bee9   Thumb Code    44  bsps_touch.o(.text.bsps_touch_ch1_ctl_task)
    bsps_touch_ch1_en_task                   0x0800bf19   Thumb Code    66  bsps_touch.o(.text.bsps_touch_ch1_en_task)
    bsps_touch_ch1_ratio_task                0x0800bf61   Thumb Code   328  bsps_touch.o(.text.bsps_touch_ch1_ratio_task)
    bsps_touch_ch2_coup_task                 0x0800c0a9   Thumb Code    86  bsps_touch.o(.text.bsps_touch_ch2_coup_task)
    bsps_touch_ch2_ctl_task                  0x0800c101   Thumb Code    44  bsps_touch.o(.text.bsps_touch_ch2_ctl_task)
    bsps_touch_ch2_en_task                   0x0800c131   Thumb Code    66  bsps_touch.o(.text.bsps_touch_ch2_en_task)
    bsps_touch_ch2_ratio_task                0x0800c179   Thumb Code   328  bsps_touch.o(.text.bsps_touch_ch2_ratio_task)
    bsps_touch_menu_enter                    0x0800c2c1   Thumb Code    40  bsps_touch.o(.text.bsps_touch_menu_enter)
    bsps_touch_task                          0x0800c2e9   Thumb Code  3408  bsps_touch.o(.text.bsps_touch_task)
    bsps_touch_trig_ch_task                  0x0800d039   Thumb Code    74  bsps_touch.o(.text.bsps_touch_trig_ch_task)
    bsps_touch_trig_ctl_task                 0x0800d089   Thumb Code    44  bsps_touch.o(.text.bsps_touch_trig_ctl_task)
    bsps_touch_trig_edge_task                0x0800d0b9   Thumb Code   160  bsps_touch.o(.text.bsps_touch_trig_edge_task)
    bsps_touch_trig_mode_task                0x0800d159   Thumb Code   156  bsps_touch.o(.text.bsps_touch_trig_mode_task)
    bsps_touch_trig_task                     0x0800d1f9   Thumb Code   352  bsps_touch.o(.text.bsps_touch_trig_task)
    bsps_trig_lev_set                        0x0800d359   Thumb Code   172  bsps_periph.o(.text.bsps_trig_lev_set)
    bsps_ui_ch12_acdc_draw                   0x0800d409   Thumb Code   328  bsps_ui.o(.text.bsps_ui_ch12_acdc_draw)
    bsps_ui_ch12_ratio_draw                  0x0800d551   Thumb Code   328  bsps_ui.o(.text.bsps_ui_ch12_ratio_draw)
    bsps_ui_ch12_vol_gain_draw               0x0800d699   Thumb Code   162  bsps_ui.o(.text.bsps_ui_ch12_vol_gain_draw)
    bsps_ui_main_win_draw                    0x0800d829   Thumb Code   506  bsps_ui.o(.text.bsps_ui_main_win_draw)
    bsps_ui_timebase_draw                    0x0800da29   Thumb Code   158  bsps_ui.o(.text.bsps_ui_timebase_draw)
    bsps_ui_trig_ch_draw                     0x0800dac9   Thumb Code   248  bsps_ui.o(.text.bsps_ui_trig_ch_draw)
    bsps_ui_trig_edge_draw                   0x0800dbc1   Thumb Code   354  bsps_ui.o(.text.bsps_ui_trig_edge_draw)
    bsps_ui_trig_icon_draw                   0x0800dd29   Thumb Code    70  bsps_ui.o(.text.bsps_ui_trig_icon_draw)
    bsps_ui_trig_line_draw                   0x0800dd71   Thumb Code   128  bsps_ui.o(.text.bsps_ui_trig_line_draw)
    bsps_ui_trig_mode_draw                   0x0800ddf1   Thumb Code   260  bsps_ui.o(.text.bsps_ui_trig_mode_draw)
    bsps_ui_trig_vol_draw                    0x0800def9   Thumb Code   172  bsps_ui.o(.text.bsps_ui_trig_vol_draw)
    bsps_ui_wave_init                        0x0800dfa9   Thumb Code   244  bsps_ui.o(.text.bsps_ui_wave_init)
    bsps_vol_scale_dec_ch1                   0x0800e0a1   Thumb Code    52  bsps_periph.o(.text.bsps_vol_scale_dec_ch1)
    bsps_vol_scale_dec_ch2                   0x0800e0d9   Thumb Code    52  bsps_periph.o(.text.bsps_vol_scale_dec_ch2)
    bsps_vol_scale_inc_ch1                   0x0800e111   Thumb Code    52  bsps_periph.o(.text.bsps_vol_scale_inc_ch1)
    bsps_vol_scale_inc_ch2                   0x0800e149   Thumb Code    52  bsps_periph.o(.text.bsps_vol_scale_inc_ch2)
    bsps_vol_scale_set_ch1                   0x0800e181   Thumb Code   142  bsps_periph.o(.text.bsps_vol_scale_set_ch1)
    bsps_vol_scale_set_ch2                   0x0800e211   Thumb Code   142  bsps_periph.o(.text.bsps_vol_scale_set_ch2)
    fputc                                    0x0800e369   Thumb Code    48  retarget_io.o(.text.fputc)
    get_gui_dev                              0x0800e399   Thumb Code    32  gui_dev.o(.text.get_gui_dev)
    gui_clear_widget                         0x0800e3b9   Thumb Code    44  gui.o(.text.gui_clear_widget)
    gui_create_event                         0x0800e3e9   Thumb Code    16  gui.o(.text.gui_create_event)
    gui_dev_init                             0x0800e3f9   Thumb Code    56  gui_dev.o(.text.gui_dev_init)
    gui_hide_widget                          0x0800e579   Thumb Code   150  gui.o(.text.gui_hide_widget)
    gui_move_widget                          0x0800e611   Thumb Code   122  gui.o(.text.gui_move_widget)
    gui_show_widget                          0x0800e691   Thumb Code    92  gui.o(.text.gui_show_widget)
    gui_show_win                             0x0800e6f1   Thumb Code    86  gui.o(.text.gui_show_win)
    gui_wid_creater                          0x0800e799   Thumb Code    98  gui.o(.text.gui_wid_creater)
    gui_win_creater                          0x0800e801   Thumb Code    90  gui.o(.text.gui_win_creater)
    main                                     0x0800e861   Thumb Code    76  main.o(.text.main)
    os_dev_init                              0x0800ea89   Thumb Code   206  os.o(.text.os_dev_init)
    osc_calculate_main_size                  0x0800ebd1   Thumb Code    78  bsps_ui.o(.text.osc_calculate_main_size)
    osc_calculate_trig_line                  0x0800ec21   Thumb Code   128  bsps_ui.o(.text.osc_calculate_trig_line)
    osc_copy_from_fifo                       0x0800ece1   Thumb Code   222  bsps_ad9288.o(.text.osc_copy_from_fifo)
    osc_dev_l2_disable                       0x0800edc1   Thumb Code    20  bsp_lcd.o(.text.osc_dev_l2_disable)
    osc_dev_l2_enable                        0x0800edd9   Thumb Code   112  bsp_lcd.o(.text.osc_dev_l2_enable)
    osc_ui_btn_ctl_sel                       0x0800f0b1   Thumb Code   230  bsps_ui.o(.text.osc_ui_btn_ctl_sel)
    osc_ui_ch12_btn_calculate                0x0800f199   Thumb Code   664  bsps_ui.o(.text.osc_ui_ch12_btn_calculate)
    osc_ui_ch12_ctl_btn_calculate            0x0800f431   Thumb Code   308  bsps_ui.o(.text.osc_ui_ch12_ctl_btn_calculate)
    osc_ui_ch12_menu_calculate               0x0800f569   Thumb Code   106  bsps_ui.o(.text.osc_ui_ch12_menu_calculate)
    osc_ui_ch12_menu_draw                    0x0800f5d9   Thumb Code  1040  bsps_ui.o(.text.osc_ui_ch12_menu_draw)
    osc_ui_ch1_btn_sel                       0x0800f9e9   Thumb Code   176  bsps_ui.o(.text.osc_ui_ch1_btn_sel)
    osc_ui_ch2_btn_sel                       0x0800fa99   Thumb Code   176  bsps_ui.o(.text.osc_ui_ch2_btn_sel)
    osc_ui_highlight_btn_draw                0x0800fb49   Thumb Code   112  bsps_ui.o(.text.osc_ui_highlight_btn_draw)
    osc_ui_l1_btn_draw                       0x0800fbb9   Thumb Code  1440  bsps_ui.o(.text.osc_ui_l1_btn_draw)
    osc_ui_l2_btn_draw                       0x08010159   Thumb Code  1224  bsps_ui.o(.text.osc_ui_l2_btn_draw)
    osc_ui_mea_btn_calculate                 0x08010621   Thumb Code   284  bsps_ui.o(.text.osc_ui_mea_btn_calculate)
    osc_ui_move_trig_lines                   0x08010741   Thumb Code    58  bsps_ui.o(.text.osc_ui_move_trig_lines)
    osc_ui_right_btn_calculate               0x08010781   Thumb Code   306  bsps_ui.o(.text.osc_ui_right_btn_calculate)
    osc_ui_right_menu_calculate              0x080108b9   Thumb Code    66  bsps_ui.o(.text.osc_ui_right_menu_calculate)
    osc_ui_trig_btn_calculate                0x08010901   Thumb Code   120  bsps_ui.o(.text.osc_ui_trig_btn_calculate)
    osc_ui_trig_btn_sel                      0x08010979   Thumb Code   372  bsps_ui.o(.text.osc_ui_trig_btn_sel)
    osc_ui_trig_lines_show                   0x08010af1   Thumb Code    88  bsps_ui.o(.text.osc_ui_trig_lines_show)
    osc_ui_trig_menu_btn_calculate           0x08010b49   Thumb Code   814  bsps_ui.o(.text.osc_ui_trig_menu_btn_calculate)
    osc_ui_trig_menu_calculate               0x08010e79   Thumb Code    94  bsps_ui.o(.text.osc_ui_trig_menu_calculate)
    run_thead_priority_idle                  0x080110b9   Thumb Code    94  os.o(.text.run_thead_priority_idle)
    thread_start_it                          0x08011199   Thumb Code    36  os.o(.text.thread_start_it)
    thread_timer_init                        0x080111c1   Thumb Code    30  os.o(.text.thread_timer_init)
    touch_test_task                          0x080111e1   Thumb Code    54  bsps_touch.o(.text.touch_test_task)
    __0printf                                0x08011219   Thumb Code    22  printfa.o(i.__0printf)
    __1printf                                0x08011219   Thumb Code     0  printfa.o(i.__0printf)
    __2printf                                0x08011219   Thumb Code     0  printfa.o(i.__0printf)
    __c89printf                              0x08011219   Thumb Code     0  printfa.o(i.__0printf)
    printf                                   0x08011219   Thumb Code     0  printfa.o(i.__0printf)
    __0sprintf                               0x08011239   Thumb Code    34  printfa.o(i.__0sprintf)
    __1sprintf                               0x08011239   Thumb Code     0  printfa.o(i.__0sprintf)
    __2sprintf                               0x08011239   Thumb Code     0  printfa.o(i.__0sprintf)
    __c89sprintf                             0x08011239   Thumb Code     0  printfa.o(i.__0sprintf)
    sprintf                                  0x08011239   Thumb Code     0  printfa.o(i.__0sprintf)
    __scatterload_copy                       0x08011261   Thumb Code    14  handlers.o(i.__scatterload_copy)
    __scatterload_null                       0x0801126f   Thumb Code     2  handlers.o(i.__scatterload_null)
    __scatterload_zeroinit                   0x08011271   Thumb Code    14  handlers.o(i.__scatterload_zeroinit)
    D1CorePrescTable                         0x08011b3c   Data          16  system_stm32h7xx.o(.rodata.D1CorePrescTable)
    EventRecorderInfo                        0x08011b54   Data          24  eventrecorder.o(.rodata.EventRecorderInfo)
    g_Ascii12                                0x08011b74   Data        1524  asc12.o(.rodata.g_Ascii12)
    g_Ascii16                                0x08012168   Data        4096  asc16.o(.rodata.g_Ascii16)
    g_Ascii24                                0x08013168   Data        3337  asc24.o(.rodata.g_Ascii24)
    g_Ascii32                                0x08013e71   Data         652  asc32.o(.rodata.g_Ascii32)
    g_Hz12                                   0x080140fd   Data        2862  hz12.o(.rodata.g_Hz12)
    g_Hz16                                   0x08014c2b   Data       258878  hz16.o(.rodata.g_Hz16)
    g_Hz24                                   0x08053f69   Data         446  hz24.o(.rodata.g_Hz24)
    g_Hz32                                   0x08054127   Data         782  hz32.o(.rodata.g_Hz32)
    osc_tim_table                            0x08054438   Data         144  bsps_periph.o(.rodata.osc_tim_table)
    Region$$Table$$Base                      0x0805468c   Number         0  anon$$obj.o(Region$$Table)
    Region$$Table$$Limit                     0x080546bc   Number         0  anon$$obj.o(Region$$Table)
    __FS_bsp_lcd_init                        0x080546bc   Data          16  bsp_lcd.o(os_init_ram)
    os_init_ram$$Base                        0x080546bc   Number         0  bsp_lcd.o(os_init_ram)
    __FS_bsps_ui_wave_init                   0x080546cc   Data          16  bsps_ui.o(os_init_ram)
    __FS_bsps_gt911_init                     0x080546dc   Data          16  bsps_touch.o(os_init_ram)
    __FS_bsps_sa_init                        0x080546ec   Data          16  bsps_ad9288.o(os_init_ram)
    __FS_bsps_thread_init                    0x080546fc   Data          16  bsps_thread.o(os_init_ram)
    __FS_bsps_enc_gpio_init                  0x0805470c   Data          16  bsps_encoder.o(os_init_ram)
    __FS_bsps_sa_periph_init                 0x0805471c   Data          16  bsps_periph.o(os_init_ram)
    __FS_thread_timer_init                   0x0805472c   Data          16  os.o(os_init_ram)
    __FS_gui_dev_init                        0x0805473c   Data          16  gui.o(os_init_ram)
    os_init_ram$$Limit                       0x0805474c   Number         0  gui.o(os_init_ram)
    __stdout                                 0x20000000   Data           4  stdout.o(.data)
    SystemCoreClock                          0x20000004   Data           4  system_stm32h7xx.o(.data.SystemCoreClock)
    SystemD2Clock                            0x20000008   Data           4  system_stm32h7xx.o(.data.SystemD2Clock)
    ch12_btn_text                            0x2000000c   Data          24  bsps_ui.o(.data.ch12_btn_text)
    ch1_coup                                 0x20000024   Data           1  bsps_touch.o(.data.ch1_coup)
    ch1_en                                   0x20000025   Data           1  bsps_touch.o(.data.ch1_en)
    ch1_ratio                                0x20000026   Data           1  bsps_touch.o(.data.ch1_ratio)
    ch2_coup                                 0x20000027   Data           1  bsps_touch.o(.data.ch2_coup)
    ch2_en                                   0x20000028   Data           1  bsps_touch.o(.data.ch2_en)
    ch2_ratio                                0x20000029   Data           1  bsps_touch.o(.data.ch2_ratio)
    cnt_time                                 0x2000002a   Data           1  bsps_periph.o(.data.cnt_time)
    cnt_vol_scale_ch1                        0x2000002b   Data           1  bsps_periph.o(.data.cnt_vol_scale_ch1)
    cnt_vol_scale_ch2                        0x2000002c   Data           1  bsps_periph.o(.data.cnt_vol_scale_ch2)
    g_trig_bias                              0x2000002e   Data           2  bsps_adc.o(.data.g_trig_bias)
    last_trig_pos                            0x20000030   Data           2  bsps_ui.o(.data.last_trig_pos)
    osc_vol_scale_table                      0x20000034   Data         200  bsps_periph.o(.data.osc_vol_scale_table)
    trig_btn_text                            0x200000fc   Data          32  bsps_ui.o(.data.trig_btn_text)
    trig_edge                                0x2000011c   Data           1  bsps_touch.o(.data.trig_edge)
    uwTickFreq                               0x2000011d   Data           1  stm32h7xx_hal.o(.data.uwTickFreq)
    uwTickPrio                               0x20000120   Data           4  stm32h7xx_hal.o(.data.uwTickPrio)
    os_tsk_ram$$Base                         0x20000124   Number         0  bsps_ui.o(os_tsk_ram)
    os_tsk_ram$$Limit                        0x20000184   Number         0  gui.o(os_tsk_ram)
    User_Touch                               0x200001d8   Data          32  bsps_touch.o(.bss.User_Touch)
    _temp                                    0x200001f8   Data           1  bsps_touch.o(.bss._temp)
    b_lev                                    0x200001f9   Data           1  bsps_encoder.o(.bss.b_lev)
    beep_hold_time_s                         0x200001fa   Data           2  bsps_periph.o(.bss.beep_hold_time_s)
    ch12_btn                                 0x200007d8   Data         112  bsps_ui.o(.bss.ch12_btn)
    ch12_menu                                0x20000848   Data         112  bsps_ui.o(.bss.ch12_menu)
    ch1_bck_btn                              0x200008b8   Data         168  bsps_ui.o(.bss.ch1_bck_btn)
    ch1_btn                                  0x20000960   Data         336  bsps_ui.o(.bss.ch1_btn)
    ch1_ctl_btn                              0x20000ab0   Data           1  bsps_touch.o(.bss.ch1_ctl_btn)
    ch2_bck_btn                              0x20000ab4   Data         168  bsps_ui.o(.bss.ch2_bck_btn)
    ch2_btn                                  0x20000b5c   Data         336  bsps_ui.o(.bss.ch2_btn)
    ch2_ctl_btn                              0x20000cac   Data           1  bsps_touch.o(.bss.ch2_ctl_btn)
    cnt_fail                                 0x20000cae   Data           2  bsps_ad9288.o(.bss.cnt_fail)
    cnt_success                              0x20000cb0   Data           2  bsps_ad9288.o(.bss.cnt_success)
    disp_data                                0x20000cb8   Data        2800  bsps_ad9288.o(.bss.disp_data)
    disp_x_data                              0x200017a8   Data        1400  bsps_thread.o(.bss.disp_x_data)
    dma_flag                                 0x20001d20   Data           1  bsps_adc.o(.bss.dma_flag)
    dma_trig_ndtr                            0x20001d22   Data           2  bsps_ad9288.o(.bss.dma_trig_ndtr)
    enc_flag                                 0x20001d24   Data           1  bsps_encoder.o(.bss.enc_flag)
    flag_isfist                              0x20001d25   Data           1  bsps_ui.o(.bss.flag_isfist)
    hdac2                                    0x20001d54   Data          20  bsps_periph.o(.bss.hdac2)
    hdma2d                                   0x20001d68   Data         104  bsp_lcd.o(.bss.hdma2d)
    hi2c1                                    0x20001dd0   Data          76  bsps_iic.o(.bss.hi2c1)
    hltdc                                    0x20001e1c   Data         168  bsp_lcd.o(.bss.hltdc)
    htim3                                    0x20001ff4   Data          76  bsps_periph.o(.bss.htim3)
    last_x_pos                               0x2000208e   Data           2  bsps_touch.o(.bss.last_x_pos)
    mea_bck_btn                              0x20002090   Data         448  bsps_ui.o(.bss.mea_bck_btn)
    off_clear                                0x20002250   Data           1  bsps_thread.o(.bss.off_clear)
    os_trig_start_flag                       0x20002258   Data           1  bsps_ad9288.o(.bss.os_trig_start_flag)
    osc_mode                                 0x20002290   Data           2  bsps_touch.o(.bss.osc_mode)
    right_btn                                0x20002294   Data         336  bsps_ui.o(.bss.right_btn)
    right_menu                               0x200023e4   Data          56  bsps_ui.o(.bss.right_menu)
    tmp_cnt                                  0x20002444   Data           1  bsps_touch.o(.bss.tmp_cnt)
    touch_flag                               0x20002445   Data           1  bsps_touch.o(.bss.touch_flag)
    trig_bck_btn                             0x20002448   Data         168  bsps_ui.o(.bss.trig_bck_btn)
    trig_btn                                 0x200024f0   Data          56  bsps_ui.o(.bss.trig_btn)
    trig_ch                                  0x20002528   Data           1  bsps_touch.o(.bss.trig_ch)
    trig_ctl_btn                             0x20002529   Data           1  bsps_touch.o(.bss.trig_ctl_btn)
    trig_lines                               0x2000252c   Data         336  bsps_ui.o(.bss.trig_lines)
    trig_lines_hold_time_s                   0x2000267c   Data           2  bsps_ui.o(.bss.trig_lines_hold_time_s)
    trig_menu                                0x20002680   Data          56  bsps_ui.o(.bss.trig_menu)
    trig_mode                                0x200026b8   Data           1  bsps_touch.o(.bss.trig_mode)
    trig_sel_btn                             0x200026bc   Data         448  bsps_ui.o(.bss.trig_sel_btn)
    uwTick                                   0x2000287c   Data           4  stm32h7xx_hal.o(.bss.uwTick)
    win_main                                 0x20002880   Data          56  bsps_ui.o(.bss.win_main)
    x_s                                      0x200028b8   Data           2  bsps_ui.o(.bss.x_s)
    y_s                                      0x200028ba   Data           2  bsps_ui.o(.bss.y_s)
    __initial_sp                             0x200030c0   Data           0  startup_stm32h7b0xx.o(STACK)
    gram                                     0x24000000   Data       768000  bsp_lcd.o(.RAM_D1)
    gram2                                    0x240bb800   Data       80000  bsp_lcd.o(.RAM_D1)
    src_fifo0_0                              0x240cf080   Data       126976  bsps_ad9288.o(.RAM_D1)



==============================================================================

Memory Map of the image

  Image Entry point : 0x080002ad

  Load Region LR_IROM1 (Base: 0x08000000, Size: 0x00143458, Max: 0x00200000, ABSOLUTE, COMPRESSED[0x00056648])

    Execution Region ER_IROM1 (Exec base: 0x08000000, Load base: 0x08000000, Size: 0x0005474c, Max: 0x00200000, ABSOLUTE)

    Exec Addr    Load Addr    Size         Type   Attr      Idx    E Section Name        Object

    0x08000000   0x08000000   0x000002ac   Data   RO          653    RESET               startup_stm32h7b0xx.o
    0x080002ac   0x080002ac   0x00000000   Code   RO         3939  * .ARM.Collect$$$$00000000  mc_w.l(entry.o)
    0x080002ac   0x080002ac   0x00000004   Code   RO         4052    .ARM.Collect$$$$00000001  mc_w.l(entry2.o)
    0x080002b0   0x080002b0   0x00000004   Code   RO         4055    .ARM.Collect$$$$00000004  mc_w.l(entry5.o)
    0x080002b4   0x080002b4   0x00000000   Code   RO         4057    .ARM.Collect$$$$00000008  mc_w.l(entry7b.o)
    0x080002b4   0x080002b4   0x00000000   Code   RO         4059    .ARM.Collect$$$$0000000A  mc_w.l(entry8b.o)
    0x080002b4   0x080002b4   0x00000008   Code   RO         4060    .ARM.Collect$$$$0000000B  mc_w.l(entry9a.o)
    0x080002bc   0x080002bc   0x00000000   Code   RO         4062    .ARM.Collect$$$$0000000D  mc_w.l(entry10a.o)
    0x080002bc   0x080002bc   0x00000000   Code   RO         4064    .ARM.Collect$$$$0000000F  mc_w.l(entry11a.o)
    0x080002bc   0x080002bc   0x00000004   Code   RO         4053    .ARM.Collect$$$$00002712  mc_w.l(entry2.o)
    0x080002c0   0x080002c0   0x00000024   Code   RO          654    .text               startup_stm32h7b0xx.o
    0x080002e4   0x080002e4   0x00000062   Code   RO         3948    .text               mc_w.l(uldiv.o)
    0x08000346   0x08000346   0x00000024   Code   RO         3952    .text               mc_w.l(memcpya.o)
    0x0800036a   0x0800036a   0x00000024   Code   RO         3954    .text               mc_w.l(memseta.o)
    0x0800038e   0x0800038e   0x0000002c   Code   RO         4075    .text               mc_w.l(uidiv.o)
    0x080003ba   0x080003ba   0x0000001e   Code   RO         4077    .text               mc_w.l(llshl.o)
    0x080003d8   0x080003d8   0x00000020   Code   RO         4079    .text               mc_w.l(llushr.o)
    0x080003f8   0x080003f8   0x00000000   Code   RO         4088    .text               mc_w.l(iusefp.o)
    0x080003f8   0x080003f8   0x0000014e   Code   RO         4089    .text               mf_w.l(dadd.o)
    0x08000546   0x08000546   0x000000e4   Code   RO         4091    .text               mf_w.l(dmul.o)
    0x0800062a   0x0800062a   0x000000de   Code   RO         4093    .text               mf_w.l(ddiv.o)
    0x08000708   0x08000708   0x00000030   Code   RO         4095    .text               mf_w.l(dfixul.o)
    0x08000738   0x08000738   0x00000030   Code   RO         4097    .text               mf_w.l(cdrcmple.o)
    0x08000768   0x08000768   0x00000024   Code   RO         4099    .text               mc_w.l(init.o)
    0x0800078c   0x0800078c   0x00000024   Code   RO         4101    .text               mc_w.l(llsshr.o)
    0x080007b0   0x080007b0   0x000000ba   Code   RO         4103    .text               mf_w.l(depilogue.o)
    0x0800086a   0x0800086a   0x00000056   Code   RO         4113    .text               mc_w.l(__dczerorl2.o)
    0x080008c0   0x080008c0   0x00000004   Code   RO           18    .text.BusFault_Handler  stm32h7xx_it.o
    0x080008c4   0x080008c4   0x00000004   PAD
    0x080008c8   0x080008c8   0x000000de   Code   RO          119    .text.CPU_CACHE_Enable  bsp.o
    0x080009a6   0x080009a6   0x00000002   PAD
    0x080009a8   0x080009a8   0x000000ee   Code   RO          153    .text.DMA1_Stream2_IRQHandler  bsps_adc.o
    0x08000a96   0x08000a96   0x00000002   PAD
    0x08000a98   0x08000a98   0x0000008c   Code   RO           69    .text.DMA2D_FillBuffer  bsp_lcd.o
    0x08000b24   0x08000b24   0x00000004   PAD
    0x08000b28   0x08000b28   0x000000f0   Code   RO          479    .text.DMA2_Stream0_IRQHandler  bsps_ad9288.o
    0x08000c18   0x08000c18   0x000001ca   Code   RO          965    .text.DMA_CalcBaseAndBitshift  stm32h7xx_hal_dma.o
    0x08000de2   0x08000de2   0x00000006   PAD
    0x08000de8   0x08000de8   0x00000178   Code   RO          967    .text.DMA_CalcDMAMUXChannelBaseAndMask  stm32h7xx_hal_dma.o
    0x08000f60   0x08000f60   0x0000012a   Code   RO          969    .text.DMA_CalcDMAMUXRequestGenBaseAndMask  stm32h7xx_hal_dma.o
    0x0800108a   0x0800108a   0x00000006   PAD
    0x08001090   0x08001090   0x000000f0   Code   RO          963    .text.DMA_CheckFifoParam  stm32h7xx_hal_dma.o
    0x08001180   0x08001180   0x000005cc   Code   RO          975    .text.DMA_SetConfig  stm32h7xx_hal_dma.o
    0x0800174c   0x0800174c   0x00000004   PAD
    0x08001750   0x08001750   0x00000002   Code   RO           24    .text.DebugMon_Handler  stm32h7xx_it.o
    0x08001752   0x08001752   0x00000006   PAD
    0x08001758   0x08001758   0x0000000a   Code   RO          540    .text.EXTI0_IRQHandler  bsps_encoder.o
    0x08001762   0x08001762   0x00000006   PAD
    0x08001768   0x08001768   0x00000014   Code   RO          546    .text.EXTI15_10_IRQHandler  bsps_encoder.o
    0x0800177c   0x0800177c   0x00000004   PAD
    0x08001780   0x08001780   0x0000000a   Code   RO          542    .text.EXTI3_IRQHandler  bsps_encoder.o
    0x0800178a   0x0800178a   0x00000006   PAD
    0x08001790   0x08001790   0x0000000a   Code   RO          544    .text.EXTI9_5_IRQHandler  bsps_encoder.o
    0x0800179a   0x0800179a   0x00000006   PAD
    0x080017a0   0x080017a0   0x00000026   Code   RO          123    .text.Error_Handler  bsp.o
    0x080017c6   0x080017c6   0x00000002   PAD
    0x080017c8   0x080017c8   0x0000003c   Code   RO         3817    .text.EventCheckFilter  eventrecorder.o
    0x08001804   0x08001804   0x00000004   PAD
    0x08001808   0x08001808   0x00000042   Code   RO         3803    .text.EventGetTS    eventrecorder.o
    0x0800184a   0x0800184a   0x00000006   PAD
    0x08001850   0x08001850   0x0000005a   Code   RO         3821    .text.EventRecord2  eventrecorder.o
    0x080018aa   0x080018aa   0x00000006   PAD
    0x080018b0   0x080018b0   0x00000186   Code   RO         3815    .text.EventRecordData  eventrecorder.o
    0x08001a36   0x08001a36   0x00000002   PAD
    0x08001a38   0x08001a38   0x000000fe   Code   RO         3805    .text.EventRecordItem  eventrecorder.o
    0x08001b36   0x08001b36   0x00000002   PAD
    0x08001b38   0x08001b38   0x00000092   Code   RO         3801    .text.EventRecorderEnable  eventrecorder.o
    0x08001bca   0x08001bca   0x00000006   PAD
    0x08001bd0   0x08001bd0   0x000001be   Code   RO         3797    .text.EventRecorderInitialize  eventrecorder.o
    0x08001d8e   0x08001d8e   0x00000002   PAD
    0x08001d90   0x08001d90   0x0000004a   Code   RO         3807    .text.EventRecorderStart  eventrecorder.o
    0x08001dda   0x08001dda   0x00000006   PAD
    0x08001de0   0x08001de0   0x0000000c   Code   RO         3795    .text.EventRecorderTimerGetCount  eventrecorder.o
    0x08001dec   0x08001dec   0x00000004   PAD
    0x08001df0   0x08001df0   0x0000000c   Code   RO         3793    .text.EventRecorderTimerGetFreq  eventrecorder.o
    0x08001dfc   0x08001dfc   0x00000004   PAD
    0x08001e00   0x08001e00   0x00000024   Code   RO         3791    .text.EventRecorderTimerSetup  eventrecorder.o
    0x08001e24   0x08001e24   0x00000004   PAD
    0x08001e28   0x08001e28   0x00000012   Code   RO         3819    .text.GetContext    eventrecorder.o
    0x08001e3a   0x08001e3a   0x00000006   PAD
    0x08001e40   0x08001e40   0x00000012   Code   RO         3833    .text.GetRecordIndex  eventrecorder.o
    0x08001e52   0x08001e52   0x00000006   PAD
    0x08001e58   0x08001e58   0x0000027e   Code   RO         2231    .text.HAL_DAC_ConfigChannel  stm32h7xx_hal_dac.o
    0x080020d6   0x080020d6   0x00000002   PAD
    0x080020d8   0x080020d8   0x0000004a   Code   RO         2195    .text.HAL_DAC_Init  stm32h7xx_hal_dac.o
    0x08002122   0x08002122   0x00000006   PAD
    0x08002128   0x08002128   0x00000008   Code   RO         2197    .text.HAL_DAC_MspInit  stm32h7xx_hal_dac.o
    0x08002130   0x08002130   0x0000003e   Code   RO         2221    .text.HAL_DAC_SetValue  stm32h7xx_hal_dac.o
    0x0800216e   0x0800216e   0x00000002   PAD
    0x08002170   0x08002170   0x000000b0   Code   RO         2203    .text.HAL_DAC_Start  stm32h7xx_hal_dac.o
    0x08002220   0x08002220   0x000000bc   Code   RO         1242    .text.HAL_DMA2D_Init  stm32h7xx_hal_dma2d.o
    0x080022dc   0x080022dc   0x00000004   PAD
    0x080022e0   0x080022e0   0x00000008   Code   RO         1244    .text.HAL_DMA2D_MspInit  stm32h7xx_hal_dma2d.o
    0x080022e8   0x080022e8   0x00000a1a   Code   RO          961    .text.HAL_DMA_Init  stm32h7xx_hal_dma.o
    0x08002d02   0x08002d02   0x00000006   PAD
    0x08002d08   0x08002d08   0x00000702   Code   RO          977    .text.HAL_DMA_Start_IT  stm32h7xx_hal_dma.o
    0x0800340a   0x0800340a   0x00000006   PAD
    0x08003410   0x08003410   0x00000042   Code   RO          681    .text.HAL_Delay     stm32h7xx_hal.o
    0x08003452   0x08003452   0x00000006   PAD
    0x08003458   0x08003458   0x000000ea   Code   RO          538    .text.HAL_GPIO_EXTI_Callback  bsps_encoder.o
    0x08003542   0x08003542   0x00000006   PAD
    0x08003548   0x08003548   0x00000034   Code   RO          950    .text.HAL_GPIO_EXTI_IRQHandler  stm32h7xx_hal_gpio.o
    0x0800357c   0x0800357c   0x00000004   PAD
    0x08003580   0x08003580   0x000003c4   Code   RO          938    .text.HAL_GPIO_Init  stm32h7xx_hal_gpio.o
    0x08003944   0x08003944   0x00000004   PAD
    0x08003948   0x08003948   0x0000002e   Code   RO          942    .text.HAL_GPIO_ReadPin  stm32h7xx_hal_gpio.o
    0x08003976   0x08003976   0x00000002   PAD
    0x08003978   0x08003978   0x0000002e   Code   RO          944    .text.HAL_GPIO_WritePin  stm32h7xx_hal_gpio.o
    0x080039a6   0x080039a6   0x00000002   PAD
    0x080039a8   0x080039a8   0x0000000c   Code   RO          673    .text.HAL_GetTick   stm32h7xx_hal.o
    0x080039b4   0x080039b4   0x00000004   PAD
    0x080039b8   0x080039b8   0x00000098   Code   RO         2176    .text.HAL_I2CEx_ConfigAnalogFilter  stm32h7xx_hal_i2c_ex.o
    0x08003a50   0x08003a50   0x000000a2   Code   RO         2178    .text.HAL_I2CEx_ConfigDigitalFilter  stm32h7xx_hal_i2c_ex.o
    0x08003af2   0x08003af2   0x00000006   PAD
    0x08003af8   0x08003af8   0x00000104   Code   RO         2011    .text.HAL_I2C_Init  stm32h7xx_hal_i2c.o
    0x08003bfc   0x08003bfc   0x00000004   PAD
    0x08003c00   0x08003c00   0x0000028a   Code   RO         2079    .text.HAL_I2C_Mem_Read  stm32h7xx_hal_i2c.o
    0x08003e8a   0x08003e8a   0x00000006   PAD
    0x08003e90   0x08003e90   0x00000274   Code   RO         2075    .text.HAL_I2C_Mem_Write  stm32h7xx_hal_i2c.o
    0x08004104   0x08004104   0x00000004   PAD
    0x08004108   0x08004108   0x00000112   Code   RO          304    .text.HAL_I2C_MspInit  bsps_iic.o
    0x0800421a   0x0800421a   0x00000006   PAD
    0x08004220   0x08004220   0x0000001a   Code   RO          671    .text.HAL_IncTick   stm32h7xx_hal.o
    0x0800423a   0x0800423a   0x00000006   PAD
    0x08004240   0x08004240   0x0000007a   Code   RO          661    .text.HAL_Init      stm32h7xx_hal.o
    0x080042ba   0x080042ba   0x00000006   PAD
    0x080042c0   0x080042c0   0x00000086   Code   RO          663    .text.HAL_InitTick  stm32h7xx_hal.o
    0x08004346   0x08004346   0x00000002   PAD
    0x08004348   0x08004348   0x000000bc   Code   RO         1329    .text.HAL_LTDC_ConfigLayer  stm32h7xx_hal_ltdc.o
    0x08004404   0x08004404   0x00000004   PAD
    0x08004408   0x08004408   0x00000008   Code   RO         1323    .text.HAL_LTDC_ErrorCallback  stm32h7xx_hal_ltdc.o
    0x08004410   0x08004410   0x0000014e   Code   RO         1321    .text.HAL_LTDC_IRQHandler  stm32h7xx_hal_ltdc.o
    0x0800455e   0x0800455e   0x00000002   PAD
    0x08004560   0x08004560   0x0000015a   Code   RO         1313    .text.HAL_LTDC_Init  stm32h7xx_hal_ltdc.o
    0x080046ba   0x080046ba   0x00000006   PAD
    0x080046c0   0x080046c0   0x00000008   Code   RO         1325    .text.HAL_LTDC_LineEventCallback  stm32h7xx_hal_ltdc.o
    0x080046c8   0x080046c8   0x00000262   Code   RO           97    .text.HAL_LTDC_MspInit  bsp_lcd.o
    0x0800492a   0x0800492a   0x00000006   PAD
    0x08004930   0x08004930   0x00000008   Code   RO         1327    .text.HAL_LTDC_ReloadEventCallback  stm32h7xx_hal_ltdc.o
    0x08004938   0x08004938   0x0000007c   Code   RO         1355    .text.HAL_LTDC_SetAlpha  stm32h7xx_hal_ltdc.o
    0x080049b4   0x080049b4   0x00000004   PAD
    0x080049b8   0x080049b8   0x00000098   Code   RO         1351    .text.HAL_LTDC_SetWindowPosition  stm32h7xx_hal_ltdc.o
    0x08004a50   0x08004a50   0x00000098   Code   RO         1349    .text.HAL_LTDC_SetWindowSize  stm32h7xx_hal_ltdc.o
    0x08004ae8   0x08004ae8   0x0000009e   Code   RO          801    .text.HAL_MPU_ConfigRegion  stm32h7xx_hal_cortex.o
    0x08004b86   0x08004b86   0x00000002   PAD
    0x08004b88   0x08004b88   0x00000022   Code   RO          797    .text.HAL_MPU_Disable  stm32h7xx_hal_cortex.o
    0x08004baa   0x08004baa   0x00000006   PAD
    0x08004bb0   0x08004bb0   0x00000030   Code   RO          799    .text.HAL_MPU_Enable  stm32h7xx_hal_cortex.o
    0x08004be0   0x08004be0   0x00000002   Code   RO          665    .text.HAL_MspInit   stm32h7xx_hal.o
    0x08004be2   0x08004be2   0x00000006   PAD
    0x08004be8   0x08004be8   0x00000014   Code   RO          785    .text.HAL_NVIC_DisableIRQ  stm32h7xx_hal_cortex.o
    0x08004bfc   0x08004bfc   0x00000004   PAD
    0x08004c00   0x08004c00   0x00000014   Code   RO          781    .text.HAL_NVIC_EnableIRQ  stm32h7xx_hal_cortex.o
    0x08004c14   0x08004c14   0x00000004   PAD
    0x08004c18   0x08004c18   0x0000002e   Code   RO          773    .text.HAL_NVIC_SetPriority  stm32h7xx_hal_cortex.o
    0x08004c46   0x08004c46   0x00000002   PAD
    0x08004c48   0x08004c48   0x00000010   Code   RO          769    .text.HAL_NVIC_SetPriorityGrouping  stm32h7xx_hal_cortex.o
    0x08004c58   0x08004c58   0x000000a2   Code   RO         1118    .text.HAL_PWREx_ConfigSupply  stm32h7xx_hal_pwr_ex.o
    0x08004cfa   0x08004cfa   0x00000006   PAD
    0x08004d00   0x08004d00   0x00000ef8   Code   RO          877    .text.HAL_RCCEx_PeriphCLKConfig  stm32h7xx_hal_rcc_ex.o
    0x08005bf8   0x08005bf8   0x00000498   Code   RO          846    .text.HAL_RCC_ClockConfig  stm32h7xx_hal_rcc.o
    0x08006090   0x08006090   0x00000310   Code   RO          848    .text.HAL_RCC_GetSysClockFreq  stm32h7xx_hal_rcc.o
    0x080063a0   0x080063a0   0x00000a3c   Code   RO          844    .text.HAL_RCC_OscConfig  stm32h7xx_hal_rcc.o
    0x08006ddc   0x08006ddc   0x00000004   PAD
    0x08006de0   0x08006de0   0x00000010   Code   RO          793    .text.HAL_SYSTICK_Config  stm32h7xx_hal_cortex.o
    0x08006df0   0x08006df0   0x00000008   Code   RO         1740    .text.HAL_TIMEx_Break2Callback  stm32h7xx_hal_tim_ex.o
    0x08006df8   0x08006df8   0x00000008   Code   RO         1738    .text.HAL_TIMEx_BreakCallback  stm32h7xx_hal_tim_ex.o
    0x08006e00   0x08006e00   0x00000008   Code   RO         1734    .text.HAL_TIMEx_CommutCallback  stm32h7xx_hal_tim_ex.o
    0x08006e08   0x08006e08   0x00000158   Code   RO         1718    .text.HAL_TIMEx_MasterConfigSynchronization  stm32h7xx_hal_tim_ex.o
    0x08006f60   0x08006f60   0x000000a8   Code   RO         1401    .text.HAL_TIM_Base_Init  stm32h7xx_hal_tim.o
    0x08007008   0x08007008   0x0000017c   Code   RO         3640    .text.HAL_TIM_Base_MspInit  os.o
    0x08007184   0x08007184   0x00000004   PAD
    0x08007188   0x08007188   0x00000104   Code   RO         1415    .text.HAL_TIM_Base_Start_IT  stm32h7xx_hal_tim.o
    0x0800728c   0x0800728c   0x00000004   PAD
    0x08007290   0x08007290   0x00000008   Code   RO         1537    .text.HAL_TIM_IC_CaptureCallback  stm32h7xx_hal_tim.o
    0x08007298   0x08007298   0x000002b4   Code   RO         1535    .text.HAL_TIM_IRQHandler  stm32h7xx_hal_tim.o
    0x0800754c   0x0800754c   0x00000004   PAD
    0x08007550   0x08007550   0x00000008   Code   RO         1539    .text.HAL_TIM_OC_DelayElapsedCallback  stm32h7xx_hal_tim.o
    0x08007558   0x08007558   0x000001b0   Code   RO         1571    .text.HAL_TIM_PWM_ConfigChannel  stm32h7xx_hal_tim.o
    0x08007708   0x08007708   0x000000a8   Code   RO         1455    .text.HAL_TIM_PWM_Init  stm32h7xx_hal_tim.o
    0x080077b0   0x080077b0   0x00000008   Code   RO         1457    .text.HAL_TIM_PWM_MspInit  stm32h7xx_hal_tim.o
    0x080077b8   0x080077b8   0x00000008   Code   RO         1541    .text.HAL_TIM_PWM_PulseFinishedCallback  stm32h7xx_hal_tim.o
    0x080077c0   0x080077c0   0x0000027e   Code   RO         1463    .text.HAL_TIM_PWM_Start  stm32h7xx_hal_tim.o
    0x08007a3e   0x08007a3e   0x00000002   PAD
    0x08007a40   0x08007a40   0x00000008   Code   RO         1543    .text.HAL_TIM_PeriodElapsedCallback  stm32h7xx_hal_tim.o
    0x08007a48   0x08007a48   0x00000008   Code   RO         1545    .text.HAL_TIM_TriggerCallback  stm32h7xx_hal_tim.o
    0x08007a50   0x08007a50   0x00000004   Code   RO           14    .text.HardFault_Handler  stm32h7xx_it.o
    0x08007a54   0x08007a54   0x00000004   PAD
    0x08007a58   0x08007a58   0x00000040   Code   RO         2035    .text.I2C_Flush_TXDR  stm32h7xx_hal_i2c.o
    0x08007a98   0x08007a98   0x0000021c   Code   RO         2167    .text.I2C_IsErrorOccurred  stm32h7xx_hal_i2c.o
    0x08007cb4   0x08007cb4   0x00000004   PAD
    0x08007cb8   0x08007cb8   0x000000be   Code   RO         2081    .text.I2C_RequestMemoryRead  stm32h7xx_hal_i2c.o
    0x08007d76   0x08007d76   0x00000002   PAD
    0x08007d78   0x08007d78   0x000000c0   Code   RO         2077    .text.I2C_RequestMemoryWrite  stm32h7xx_hal_i2c.o
    0x08007e38   0x08007e38   0x00000054   Code   RO         2023    .text.I2C_TransferConfig  stm32h7xx_hal_i2c.o
    0x08007e8c   0x08007e8c   0x00000004   PAD
    0x08007e90   0x08007e90   0x00000090   Code   RO         2021    .text.I2C_WaitOnFlagUntilTimeout  stm32h7xx_hal_i2c.o
    0x08007f20   0x08007f20   0x0000008c   Code   RO         2027    .text.I2C_WaitOnSTOPFlagUntilTimeout  stm32h7xx_hal_i2c.o
    0x08007fac   0x08007fac   0x00000004   PAD
    0x08007fb0   0x08007fb0   0x00000096   Code   RO         2025    .text.I2C_WaitOnTXISFlagUntilTimeout  stm32h7xx_hal_i2c.o
    0x08008046   0x08008046   0x00000002   PAD
    0x08008048   0x08008048   0x00000012   Code   RO         3827    .text.IncrementOverflowTS  eventrecorder.o
    0x0800805a   0x0800805a   0x00000006   PAD
    0x08008060   0x08008060   0x00000012   Code   RO         3841    .text.IncrementRecordsDumped  eventrecorder.o
    0x08008072   0x08008072   0x00000006   PAD
    0x08008078   0x08008078   0x00000012   Code   RO         3839    .text.IncrementRecordsWritten  eventrecorder.o
    0x0800808a   0x0800808a   0x00000006   PAD
    0x08008090   0x08008090   0x0000003c   Code   RO           91    .text.LCD_DispStr   bsp_lcd.o
    0x080080cc   0x080080cc   0x00000004   PAD
    0x080080d0   0x080080d0   0x000003b6   Code   RO           85    .text.LCD_DispStrEx  bsp_lcd.o
    0x08008486   0x08008486   0x00000002   PAD
    0x08008488   0x08008488   0x0000004c   Code   RO           79    .text.LCD_GetFontHeight  bsp_lcd.o
    0x080084d4   0x080084d4   0x00000004   PAD
    0x080084d8   0x080084d8   0x0000004c   Code   RO           81    .text.LCD_GetFontWidth  bsp_lcd.o
    0x08008524   0x08008524   0x00000004   PAD
    0x08008528   0x08008528   0x000000ba   Code   RO           83    .text.LCD_GetStrWidth  bsp_lcd.o
    0x080085e2   0x080085e2   0x00000006   PAD
    0x080085e8   0x080085e8   0x00000010   Code   RO          101    .text.LTDC_IRQHandler  bsp_lcd.o
    0x080085f8   0x080085f8   0x00000270   Code   RO         1331    .text.LTDC_SetConfig  stm32h7xx_hal_ltdc.o
    0x08008868   0x08008868   0x00000036   Code   RO         3835    .text.LockRecord    eventrecorder.o
    0x0800889e   0x0800889e   0x00000002   PAD
    0x080088a0   0x080088a0   0x0000004e   Code   RO          117    .text.MPU_Config    bsp.o
    0x080088ee   0x080088ee   0x00000002   PAD
    0x080088f0   0x080088f0   0x0000006c   Code   RO          483    .text.MX_DMA_NVIC_Init  bsps_ad9288.o
    0x0800895c   0x0800895c   0x00000004   PAD
    0x08008960   0x08008960   0x00000004   Code   RO           16    .text.MemManage_Handler  stm32h7xx_it.o
    0x08008964   0x08008964   0x00000004   PAD
    0x08008968   0x08008968   0x00000002   Code   RO           12    .text.NMI_Handler   stm32h7xx_it.o
    0x0800896a   0x0800896a   0x00000006   PAD
    0x08008970   0x08008970   0x0000006c   Code   RO          779    .text.NVIC_EncodePriority  stm32h7xx_hal_cortex.o
    0x080089dc   0x080089dc   0x00000004   PAD
    0x080089e0   0x080089e0   0x0000000c   Code   RO          461    .text.OSC_DMA_CHECK_TC  bsps_ad9288.o
    0x080089ec   0x080089ec   0x00000004   PAD
    0x080089f0   0x080089f0   0x0000000e   Code   RO          459    .text.OSC_DMA_CLEAR_TC  bsps_ad9288.o
    0x080089fe   0x080089fe   0x00000002   PAD
    0x08008a00   0x08008a00   0x0000000e   Code   RO          457    .text.OSC_DMA_SET_TC  bsps_ad9288.o
    0x08008a0e   0x08008a0e   0x00000002   PAD
    0x08008a10   0x08008a10   0x00000002   Code   RO           26    .text.PendSV_Handler  stm32h7xx_it.o
    0x08008a12   0x08008a12   0x00000006   PAD
    0x08008a18   0x08008a18   0x000001ca   Code   RO          879    .text.RCCEx_PLL2_Config  stm32h7xx_hal_rcc_ex.o
    0x08008be2   0x08008be2   0x00000006   PAD
    0x08008be8   0x08008be8   0x000001ca   Code   RO          881    .text.RCCEx_PLL3_Config  stm32h7xx_hal_rcc_ex.o
    0x08008db2   0x08008db2   0x00000006   PAD
    0x08008db8   0x08008db8   0x00000002   Code   RO           22    .text.SVC_Handler   stm32h7xx_it.o
    0x08008dba   0x08008dba   0x00000006   PAD
    0x08008dc0   0x08008dc0   0x00000052   Code   RO          795    .text.SysTick_Config  stm32h7xx_hal_cortex.o
    0x08008e12   0x08008e12   0x00000006   PAD
    0x08008e18   0x08008e18   0x00000008   Code   RO           28    .text.SysTick_Handler  stm32h7xx_it.o
    0x08008e20   0x08008e20   0x000000fe   Code   RO          121    .text.SystemClock_Config  bsp.o
    0x08008f1e   0x08008f1e   0x00000002   PAD
    0x08008f20   0x08008f20   0x0000013a   Code   RO         2287    .text.SystemInit    system_stm32h7xx.o
    0x0800905a   0x0800905a   0x00000006   PAD
    0x08009060   0x08009060   0x00000014   Code   RO         3654    .text.TIM16_IRQHandler  os.o
    0x08009074   0x08009074   0x00000004   PAD
    0x08009078   0x08009078   0x00000014   Code   RO         3658    .text.TIM17_IRQHandler  os.o
    0x0800908c   0x0800908c   0x00000004   PAD
    0x08009090   0x08009090   0x00000014   Code   RO         3642    .text.TIM7_IRQHandler  os.o
    0x080090a4   0x080090a4   0x00000004   PAD
    0x080090a8   0x080090a8   0x00000014   Code   RO         3650    .text.TIM8_TRG_COM_TIM14_IRQHandler  os.o
    0x080090bc   0x080090bc   0x00000004   PAD
    0x080090c0   0x080090c0   0x00000014   Code   RO         3646    .text.TIM8_UP_TIM13_IRQHandler  os.o
    0x080090d4   0x080090d4   0x00000004   PAD
    0x080090d8   0x080090d8   0x0000019a   Code   RO         1405    .text.TIM_Base_SetConfig  stm32h7xx_hal_tim.o
    0x08009272   0x08009272   0x00000006   PAD
    0x08009278   0x08009278   0x00000036   Code   RO         1439    .text.TIM_CCxChannelCmd  stm32h7xx_hal_tim.o
    0x080092ae   0x080092ae   0x00000002   PAD
    0x080092b0   0x080092b0   0x00000150   Code   RO         1549    .text.TIM_OC1_SetConfig  stm32h7xx_hal_tim.o
    0x08009400   0x08009400   0x0000016c   Code   RO         1551    .text.TIM_OC2_SetConfig  stm32h7xx_hal_tim.o
    0x0800956c   0x0800956c   0x00000004   PAD
    0x08009570   0x08009570   0x0000016a   Code   RO         1553    .text.TIM_OC3_SetConfig  stm32h7xx_hal_tim.o
    0x080096da   0x080096da   0x00000006   PAD
    0x080096e0   0x080096e0   0x000000da   Code   RO         1555    .text.TIM_OC4_SetConfig  stm32h7xx_hal_tim.o
    0x080097ba   0x080097ba   0x00000006   PAD
    0x080097c0   0x080097c0   0x000000d0   Code   RO         1557    .text.TIM_OC5_SetConfig  stm32h7xx_hal_tim.o
    0x08009890   0x08009890   0x000000d2   Code   RO         1559    .text.TIM_OC6_SetConfig  stm32h7xx_hal_tim.o
    0x08009962   0x08009962   0x00000006   PAD
    0x08009968   0x08009968   0x00000032   Code   RO         3837    .text.UnlockRecord  eventrecorder.o
    0x0800999a   0x0800999a   0x00000006   PAD
    0x080099a0   0x080099a0   0x0000001a   Code   RO         3825    .text.UpdateTS      eventrecorder.o
    0x080099ba   0x080099ba   0x00000006   PAD
    0x080099c0   0x080099c0   0x00000004   Code   RO           20    .text.UsageFault_Handler  stm32h7xx_it.o
    0x080099c4   0x080099c4   0x00000004   PAD
    0x080099c8   0x080099c8   0x0000012e   Code   RO           87    .text._LCD_ReadAsciiDot  bsp_lcd.o
    0x08009af6   0x08009af6   0x00000002   PAD
    0x08009af8   0x08009af8   0x00000108   Code   RO           89    .text._LCD_ReadHZDot  bsp_lcd.o
    0x08009c00   0x08009c00   0x00000038   Code   RO          787    .text.__NVIC_DisableIRQ  stm32h7xx_hal_cortex.o
    0x08009c38   0x08009c38   0x00000030   Code   RO          783    .text.__NVIC_EnableIRQ  stm32h7xx_hal_cortex.o
    0x08009c68   0x08009c68   0x00000010   Code   RO          775    .text.__NVIC_GetPriorityGrouping  stm32h7xx_hal_cortex.o
    0x08009c78   0x08009c78   0x00000042   Code   RO          777    .text.__NVIC_SetPriority  stm32h7xx_hal_cortex.o
    0x08009cba   0x08009cba   0x00000006   PAD
    0x08009cc0   0x08009cc0   0x0000003c   Code   RO          771    .text.__NVIC_SetPriorityGrouping  stm32h7xx_hal_cortex.o
    0x08009cfc   0x08009cfc   0x00000004   PAD
    0x08009d00   0x08009d00   0x00000020   Code   RO         3831    .text.atomic_inc32  eventrecorder.o
    0x08009d20   0x08009d20   0x00000024   Code   RO         3843    .text.atomic_inc8   eventrecorder.o
    0x08009d44   0x08009d44   0x00000004   PAD
    0x08009d48   0x08009d48   0x00000020   Code   RO         3829    .text.atomic_xch32  eventrecorder.o
    0x08009d68   0x08009d68   0x00000024   Code   RO          115    .text.bsp_Init      bsp.o
    0x08009d8c   0x08009d8c   0x00000004   PAD
    0x08009d90   0x08009d90   0x00000018   Code   RO           39    .text.bsp_lcd_bcl_on  bsp_lcd.o
    0x08009da8   0x08009da8   0x00000060   Code   RO           99    .text.bsp_lcd_dma2d_init  bsp_lcd.o
    0x08009e08   0x08009e08   0x000001a8   Code   RO           71    .text.bsp_lcd_draw_line  bsp_lcd.o
    0x08009fb0   0x08009fb0   0x00000054   Code   RO           61    .text.bsp_lcd_draw_line_h  bsp_lcd.o
    0x0800a004   0x0800a004   0x00000004   PAD
    0x0800a008   0x0800a008   0x00000054   Code   RO           63    .text.bsp_lcd_draw_line_v  bsp_lcd.o
    0x0800a05c   0x0800a05c   0x00000004   PAD
    0x0800a060   0x0800a060   0x000000c0   Code   RO           73    .text.bsp_lcd_draw_lines  bsp_lcd.o
    0x0800a120   0x0800a120   0x00000084   Code   RO           65    .text.bsp_lcd_draw_rect  bsp_lcd.o
    0x0800a1a4   0x0800a1a4   0x00000004   PAD
    0x0800a1a8   0x0800a1a8   0x0000007c   Code   RO           77    .text.bsp_lcd_draw_tri  bsp_lcd.o
    0x0800a224   0x0800a224   0x00000004   PAD
    0x0800a228   0x0800a228   0x00000088   Code   RO           67    .text.bsp_lcd_fill_rect  bsp_lcd.o
    0x0800a2b0   0x0800a2b0   0x0000002e   Code   RO           45    .text.bsp_lcd_get_pixel  bsp_lcd.o
    0x0800a2de   0x0800a2de   0x00000002   PAD
    0x0800a2e0   0x0800a2e0   0x00000186   Code   RO           37    .text.bsp_lcd_init  bsp_lcd.o
    0x0800a466   0x0800a466   0x00000002   PAD
    0x0800a468   0x0800a468   0x00000036   Code   RO           43    .text.bsp_lcd_set_pixel  bsp_lcd.o
    0x0800a49e   0x0800a49e   0x00000002   PAD
    0x0800a4a0   0x0800a4a0   0x00000046   Code   RO           47    .text.bsp_lcd_set_pixel_l2  bsp_lcd.o
    0x0800a4e6   0x0800a4e6   0x00000002   PAD
    0x0800a4e8   0x0800a4e8   0x0000002a   Code   RO          632    .text.bsps_beep_on  bsps_periph.o
    0x0800a512   0x0800a512   0x00000006   PAD
    0x0800a518   0x0800a518   0x00000032   Code   RO          562    .text.bsps_beep_task  bsps_periph.o
    0x0800a54a   0x0800a54a   0x00000006   PAD
    0x0800a550   0x0800a550   0x00000016   Code   RO          326    .text.bsps_bsps_hard_reset  bsps_touch.o
    0x0800a566   0x0800a566   0x00000002   PAD
    0x0800a568   0x0800a568   0x00000016   Code   RO          328    .text.bsps_bsps_hard_reset_stop  bsps_touch.o
    0x0800a57e   0x0800a57e   0x00000002   PAD
    0x0800a580   0x0800a580   0x000000de   Code   RO          536    .text.bsps_enc_callback  bsps_encoder.o
    0x0800a65e   0x0800a65e   0x00000002   PAD
    0x0800a660   0x0800a660   0x00000166   Code   RO          534    .text.bsps_enc_gpio_init  bsps_encoder.o
    0x0800a7c6   0x0800a7c6   0x00000002   PAD
    0x0800a7c8   0x0800a7c8   0x0000000a   Code   RO          517    .text.bsps_get_run_msg  bsps_thread.o
    0x0800a7d2   0x0800a7d2   0x00000006   PAD
    0x0800a7d8   0x0800a7d8   0x00000024   Code   RO          314    .text.bsps_gt911_init  bsps_touch.o
    0x0800a7fc   0x0800a7fc   0x00000004   PAD
    0x0800a800   0x0800a800   0x0000003a   Code   RO          320    .text.bsps_gt911_r_reg  bsps_touch.o
    0x0800a83a   0x0800a83a   0x00000006   PAD
    0x0800a840   0x0800a840   0x000001d0   Code   RO          316    .text.bsps_gt911_scanf  bsps_touch.o
    0x0800aa10   0x0800aa10   0x0000003a   Code   RO          318    .text.bsps_gt911_w_reg  bsps_touch.o
    0x0800aa4a   0x0800aa4a   0x00000006   PAD
    0x0800aa50   0x0800aa50   0x0000006a   Code   RO          302    .text.bsps_iic_init  bsps_iic.o
    0x0800aaba   0x0800aaba   0x00000006   PAD
    0x0800aac0   0x0800aac0   0x00000014   Code   RO          580    .text.bsps_sa_adc_mode_ch1_ch2_align  bsps_periph.o
    0x0800aad4   0x0800aad4   0x00000004   PAD
    0x0800aad8   0x0800aad8   0x00000146   Code   RO          568    .text.bsps_sa_att_sel_ch1  bsps_periph.o
    0x0800ac1e   0x0800ac1e   0x00000002   PAD
    0x0800ac20   0x0800ac20   0x00000152   Code   RO          570    .text.bsps_sa_att_sel_ch2  bsps_periph.o
    0x0800ad72   0x0800ad72   0x00000006   PAD
    0x0800ad78   0x0800ad78   0x000000ac   Code   RO          481    .text.bsps_sa_dma_init  bsps_ad9288.o
    0x0800ae24   0x0800ae24   0x00000004   PAD
    0x0800ae28   0x0800ae28   0x0000003c   Code   RO          477    .text.bsps_sa_exti_callbcak_trig  bsps_ad9288.o
    0x0800ae64   0x0800ae64   0x00000004   PAD
    0x0800ae68   0x0800ae68   0x00000198   Code   RO          453    .text.bsps_sa_init  bsps_ad9288.o
    0x0800b000   0x0800b000   0x00000016   Code   RO          574    .text.bsps_sa_oh_ac_ch1  bsps_periph.o
    0x0800b016   0x0800b016   0x00000002   PAD
    0x0800b018   0x0800b018   0x00000016   Code   RO          576    .text.bsps_sa_oh_ac_ch2  bsps_periph.o
    0x0800b02e   0x0800b02e   0x00000002   PAD
    0x0800b030   0x0800b030   0x00000016   Code   RO          594    .text.bsps_sa_oh_dc_ch1  bsps_periph.o
    0x0800b046   0x0800b046   0x00000002   PAD
    0x0800b048   0x0800b048   0x00000016   Code   RO          596    .text.bsps_sa_oh_dc_ch2  bsps_periph.o
    0x0800b05e   0x0800b05e   0x00000002   PAD
    0x0800b060   0x0800b060   0x00000384   Code   RO          560    .text.bsps_sa_periph_init  bsps_periph.o
    0x0800b3e4   0x0800b3e4   0x00000004   PAD
    0x0800b3e8   0x0800b3e8   0x00000016   Code   RO          564    .text.bsps_sa_rly_att_ch1  bsps_periph.o
    0x0800b3fe   0x0800b3fe   0x00000002   PAD
    0x0800b400   0x0800b400   0x00000016   Code   RO          566    .text.bsps_sa_rly_att_ch2  bsps_periph.o
    0x0800b416   0x0800b416   0x00000002   PAD
    0x0800b418   0x0800b418   0x00000020   Code   RO          588    .text.bsps_sa_rly_att_sel_ch1  bsps_periph.o
    0x0800b438   0x0800b438   0x00000020   Code   RO          592    .text.bsps_sa_rly_att_sel_ch2  bsps_periph.o
    0x0800b458   0x0800b458   0x00000012   Code   RO          469    .text.bsps_sa_set_psc  bsps_ad9288.o
    0x0800b46a   0x0800b46a   0x00000006   PAD
    0x0800b470   0x0800b470   0x00000018   Code   RO          582    .text.bsps_sa_set_pwm_pulse_ch1  bsps_periph.o
    0x0800b488   0x0800b488   0x00000018   Code   RO          584    .text.bsps_sa_set_pwm_pulse_ch2  bsps_periph.o
    0x0800b4a0   0x0800b4a0   0x00000050   Code   RO          578    .text.bsps_sa_set_trig_vol  bsps_periph.o
    0x0800b4f0   0x0800b4f0   0x00000026   Code   RO          572    .text.bsps_sa_sw_ch1_ch2  bsps_periph.o
    0x0800b516   0x0800b516   0x00000002   PAD
    0x0800b518   0x0800b518   0x0000007e   Code   RO          473    .text.bsps_sa_trig_edge_set  bsps_ad9288.o
    0x0800b596   0x0800b596   0x00000002   PAD
    0x0800b598   0x0800b598   0x00000024   Code   RO          471    .text.bsps_sa_trig_exti_set  bsps_ad9288.o
    0x0800b5bc   0x0800b5bc   0x00000004   PAD
    0x0800b5c0   0x0800b5c0   0x00000300   Code   RO          475    .text.bsps_sa_trig_read  bsps_ad9288.o
    0x0800b8c0   0x0800b8c0   0x00000192   Code   RO          515    .text.bsps_thread   bsps_thread.o
    0x0800ba52   0x0800ba52   0x00000006   PAD
    0x0800ba58   0x0800ba58   0x0000005c   Code   RO          513    .text.bsps_thread_init  bsps_thread.o
    0x0800bab4   0x0800bab4   0x00000004   PAD
    0x0800bab8   0x0800bab8   0x00000034   Code   RO          614    .text.bsps_time_dec  bsps_periph.o
    0x0800baec   0x0800baec   0x00000004   PAD
    0x0800baf0   0x0800baf0   0x00000034   Code   RO          612    .text.bsps_time_inc  bsps_periph.o
    0x0800bb24   0x0800bb24   0x00000004   PAD
    0x0800bb28   0x0800bb28   0x00000170   Code   RO          610    .text.bsps_time_psc_set  bsps_periph.o
    0x0800bc98   0x0800bc98   0x0000011a   Code   RO          378    .text.bsps_touch_area_task  bsps_touch.o
    0x0800bdb2   0x0800bdb2   0x00000006   PAD
    0x0800bdb8   0x0800bdb8   0x0000004a   Code   RO          334    .text.bsps_touch_bias_ch1_task  bsps_touch.o
    0x0800be02   0x0800be02   0x00000006   PAD
    0x0800be08   0x0800be08   0x0000004a   Code   RO          336    .text.bsps_touch_bias_ch2_task  bsps_touch.o
    0x0800be52   0x0800be52   0x00000006   PAD
    0x0800be58   0x0800be58   0x00000030   Code   RO          372    .text.bsps_touch_ch12_exit_menu_task  bsps_touch.o
    0x0800be88   0x0800be88   0x0000005c   Code   RO          358    .text.bsps_touch_ch1_coup_task  bsps_touch.o
    0x0800bee4   0x0800bee4   0x00000004   PAD
    0x0800bee8   0x0800bee8   0x0000002c   Code   RO          348    .text.bsps_touch_ch1_ctl_task  bsps_touch.o
    0x0800bf14   0x0800bf14   0x00000004   PAD
    0x0800bf18   0x0800bf18   0x00000042   Code   RO          354    .text.bsps_touch_ch1_en_task  bsps_touch.o
    0x0800bf5a   0x0800bf5a   0x00000006   PAD
    0x0800bf60   0x0800bf60   0x00000148   Code   RO          356    .text.bsps_touch_ch1_ratio_task  bsps_touch.o
    0x0800c0a8   0x0800c0a8   0x00000056   Code   RO          364    .text.bsps_touch_ch2_coup_task  bsps_touch.o
    0x0800c0fe   0x0800c0fe   0x00000002   PAD
    0x0800c100   0x0800c100   0x0000002c   Code   RO          350    .text.bsps_touch_ch2_ctl_task  bsps_touch.o
    0x0800c12c   0x0800c12c   0x00000004   PAD
    0x0800c130   0x0800c130   0x00000042   Code   RO          360    .text.bsps_touch_ch2_en_task  bsps_touch.o
    0x0800c172   0x0800c172   0x00000006   PAD
    0x0800c178   0x0800c178   0x00000148   Code   RO          362    .text.bsps_touch_ch2_ratio_task  bsps_touch.o
    0x0800c2c0   0x0800c2c0   0x00000028   Code   RO          346    .text.bsps_touch_menu_enter  bsps_touch.o
    0x0800c2e8   0x0800c2e8   0x00000d50   Code   RO          376    .text.bsps_touch_task  bsps_touch.o
    0x0800d038   0x0800d038   0x0000004a   Code   RO          370    .text.bsps_touch_trig_ch_task  bsps_touch.o
    0x0800d082   0x0800d082   0x00000006   PAD
    0x0800d088   0x0800d088   0x0000002c   Code   RO          352    .text.bsps_touch_trig_ctl_task  bsps_touch.o
    0x0800d0b4   0x0800d0b4   0x00000004   PAD
    0x0800d0b8   0x0800d0b8   0x000000a0   Code   RO          368    .text.bsps_touch_trig_edge_task  bsps_touch.o
    0x0800d158   0x0800d158   0x0000009c   Code   RO          366    .text.bsps_touch_trig_mode_task  bsps_touch.o
    0x0800d1f4   0x0800d1f4   0x00000004   PAD
    0x0800d1f8   0x0800d1f8   0x00000160   Code   RO          332    .text.bsps_touch_trig_task  bsps_touch.o
    0x0800d358   0x0800d358   0x000000ac   Code   RO          628    .text.bsps_trig_lev_set  bsps_periph.o
    0x0800d404   0x0800d404   0x00000004   PAD
    0x0800d408   0x0800d408   0x00000148   Code   RO          194    .text.bsps_ui_ch12_acdc_draw  bsps_ui.o
    0x0800d550   0x0800d550   0x00000148   Code   RO          196    .text.bsps_ui_ch12_ratio_draw  bsps_ui.o
    0x0800d698   0x0800d698   0x000000a2   Code   RO          204    .text.bsps_ui_ch12_vol_gain_draw  bsps_ui.o
    0x0800d73a   0x0800d73a   0x00000006   PAD
    0x0800d740   0x0800d740   0x000000e4   Code   RO          184    .text.bsps_ui_is_trig  bsps_ui.o
    0x0800d824   0x0800d824   0x00000004   PAD
    0x0800d828   0x0800d828   0x000001fa   Code   RO          188    .text.bsps_ui_main_win_draw  bsps_ui.o
    0x0800da22   0x0800da22   0x00000006   PAD
    0x0800da28   0x0800da28   0x0000009e   Code   RO          198    .text.bsps_ui_timebase_draw  bsps_ui.o
    0x0800dac6   0x0800dac6   0x00000002   PAD
    0x0800dac8   0x0800dac8   0x000000f8   Code   RO          208    .text.bsps_ui_trig_ch_draw  bsps_ui.o
    0x0800dbc0   0x0800dbc0   0x00000162   Code   RO          210    .text.bsps_ui_trig_edge_draw  bsps_ui.o
    0x0800dd22   0x0800dd22   0x00000006   PAD
    0x0800dd28   0x0800dd28   0x00000046   Code   RO          190    .text.bsps_ui_trig_icon_draw  bsps_ui.o
    0x0800dd6e   0x0800dd6e   0x00000002   PAD
    0x0800dd70   0x0800dd70   0x00000080   Code   RO          192    .text.bsps_ui_trig_line_draw  bsps_ui.o
    0x0800ddf0   0x0800ddf0   0x00000104   Code   RO          206    .text.bsps_ui_trig_mode_draw  bsps_ui.o
    0x0800def4   0x0800def4   0x00000004   PAD
    0x0800def8   0x0800def8   0x000000ac   Code   RO          202    .text.bsps_ui_trig_vol_draw  bsps_ui.o
    0x0800dfa4   0x0800dfa4   0x00000004   PAD
    0x0800dfa8   0x0800dfa8   0x000000f4   Code   RO          182    .text.bsps_ui_wave_init  bsps_ui.o
    0x0800e09c   0x0800e09c   0x00000004   PAD
    0x0800e0a0   0x0800e0a0   0x00000034   Code   RO          620    .text.bsps_vol_scale_dec_ch1  bsps_periph.o
    0x0800e0d4   0x0800e0d4   0x00000004   PAD
    0x0800e0d8   0x0800e0d8   0x00000034   Code   RO          626    .text.bsps_vol_scale_dec_ch2  bsps_periph.o
    0x0800e10c   0x0800e10c   0x00000004   PAD
    0x0800e110   0x0800e110   0x00000034   Code   RO          618    .text.bsps_vol_scale_inc_ch1  bsps_periph.o
    0x0800e144   0x0800e144   0x00000004   PAD
    0x0800e148   0x0800e148   0x00000034   Code   RO          624    .text.bsps_vol_scale_inc_ch2  bsps_periph.o
    0x0800e17c   0x0800e17c   0x00000004   PAD
    0x0800e180   0x0800e180   0x0000008e   Code   RO          616    .text.bsps_vol_scale_set_ch1  bsps_periph.o
    0x0800e20e   0x0800e20e   0x00000002   PAD
    0x0800e210   0x0800e210   0x0000008e   Code   RO          622    .text.bsps_vol_scale_set_ch2  bsps_periph.o
    0x0800e29e   0x0800e29e   0x00000002   PAD
    0x0800e2a0   0x0800e2a0   0x0000003c   Code   RO          519    .text.bsps_xdata_init  bsps_thread.o
    0x0800e2dc   0x0800e2dc   0x00000004   PAD
    0x0800e2e0   0x0800e2e0   0x00000082   Code   RO         3799    .text.crc16_ccitt   eventrecorder.o
    0x0800e362   0x0800e362   0x00000006   PAD
    0x0800e368   0x0800e368   0x00000030   Code   RO         3854    .text.fputc         retarget_io.o
    0x0800e398   0x0800e398   0x00000020   Code   RO         3723    .text.get_gui_dev   gui_dev.o
    0x0800e3b8   0x0800e3b8   0x0000002c   Code   RO         3693    .text.gui_clear_widget  gui.o
    0x0800e3e4   0x0800e3e4   0x00000004   PAD
    0x0800e3e8   0x0800e3e8   0x00000010   Code   RO         3707    .text.gui_create_event  gui.o
    0x0800e3f8   0x0800e3f8   0x00000038   Code   RO         3721    .text.gui_dev_init  gui_dev.o
    0x0800e430   0x0800e430   0x00000142   Code   RO         3679    .text.gui_draw_task  gui.o
    0x0800e572   0x0800e572   0x00000006   PAD
    0x0800e578   0x0800e578   0x00000096   Code   RO         3699    .text.gui_hide_widget  gui.o
    0x0800e60e   0x0800e60e   0x00000002   PAD
    0x0800e610   0x0800e610   0x0000007a   Code   RO         3705    .text.gui_move_widget  gui.o
    0x0800e68a   0x0800e68a   0x00000006   PAD
    0x0800e690   0x0800e690   0x0000005c   Code   RO         3701    .text.gui_show_widget  gui.o
    0x0800e6ec   0x0800e6ec   0x00000004   PAD
    0x0800e6f0   0x0800e6f0   0x00000056   Code   RO         3697    .text.gui_show_win  gui.o
    0x0800e746   0x0800e746   0x00000002   PAD
    0x0800e748   0x0800e748   0x0000004c   Code   RO         3681    .text.gui_thread    gui.o
    0x0800e794   0x0800e794   0x00000004   PAD
    0x0800e798   0x0800e798   0x00000062   Code   RO         3687    .text.gui_wid_creater  gui.o
    0x0800e7fa   0x0800e7fa   0x00000006   PAD
    0x0800e800   0x0800e800   0x0000005a   Code   RO         3685    .text.gui_win_creater  gui.o
    0x0800e85a   0x0800e85a   0x00000006   PAD
    0x0800e860   0x0800e860   0x0000004c   Code   RO            2    .text.main          main.o
    0x0800e8ac   0x0800e8ac   0x00000004   PAD
    0x0800e8b0   0x0800e8b0   0x00000050   Code   RO         3628    .text.mx_time13_init  os.o
    0x0800e900   0x0800e900   0x00000052   Code   RO         3630    .text.mx_time14_init  os.o
    0x0800e952   0x0800e952   0x00000006   PAD
    0x0800e958   0x0800e958   0x00000052   Code   RO         3632    .text.mx_time16_init  os.o
    0x0800e9aa   0x0800e9aa   0x00000006   PAD
    0x0800e9b0   0x0800e9b0   0x00000052   Code   RO         3634    .text.mx_time17_init  os.o
    0x0800ea02   0x0800ea02   0x00000006   PAD
    0x0800ea08   0x0800ea08   0x00000080   Code   RO         3626    .text.mx_time7_init  os.o
    0x0800ea88   0x0800ea88   0x000000ce   Code   RO         3624    .text.os_dev_init   os.o
    0x0800eb56   0x0800eb56   0x00000002   PAD
    0x0800eb58   0x0800eb58   0x00000076   Code   RO         3636    .text.os_tsk_init   os.o
    0x0800ebce   0x0800ebce   0x00000002   PAD
    0x0800ebd0   0x0800ebd0   0x0000004e   Code   RO          216    .text.osc_calculate_main_size  bsps_ui.o
    0x0800ec1e   0x0800ec1e   0x00000002   PAD
    0x0800ec20   0x0800ec20   0x00000080   Code   RO          220    .text.osc_calculate_trig_line  bsps_ui.o
    0x0800eca0   0x0800eca0   0x0000003a   Code   RO          186    .text.osc_cfg_task  bsps_ui.o
    0x0800ecda   0x0800ecda   0x00000006   PAD
    0x0800ece0   0x0800ece0   0x000000de   Code   RO          465    .text.osc_copy_from_fifo  bsps_ad9288.o
    0x0800edbe   0x0800edbe   0x00000002   PAD
    0x0800edc0   0x0800edc0   0x00000014   Code   RO           95    .text.osc_dev_l2_disable  bsp_lcd.o
    0x0800edd4   0x0800edd4   0x00000004   PAD
    0x0800edd8   0x0800edd8   0x00000070   Code   RO           93    .text.osc_dev_l2_enable  bsp_lcd.o
    0x0800ee48   0x0800ee48   0x00000264   Code   RO          240    .text.osc_draw_trig_line  bsps_ui.o
    0x0800f0ac   0x0800f0ac   0x00000004   PAD
    0x0800f0b0   0x0800f0b0   0x000000e6   Code   RO          258    .text.osc_ui_btn_ctl_sel  bsps_ui.o
    0x0800f196   0x0800f196   0x00000002   PAD
    0x0800f198   0x0800f198   0x00000298   Code   RO          228    .text.osc_ui_ch12_btn_calculate  bsps_ui.o
    0x0800f430   0x0800f430   0x00000134   Code   RO          224    .text.osc_ui_ch12_ctl_btn_calculate  bsps_ui.o
    0x0800f564   0x0800f564   0x00000004   PAD
    0x0800f568   0x0800f568   0x0000006a   Code   RO          226    .text.osc_ui_ch12_menu_calculate  bsps_ui.o
    0x0800f5d2   0x0800f5d2   0x00000006   PAD
    0x0800f5d8   0x0800f5d8   0x00000410   Code   RO          248    .text.osc_ui_ch12_menu_draw  bsps_ui.o
    0x0800f9e8   0x0800f9e8   0x000000b0   Code   RO          254    .text.osc_ui_ch1_btn_sel  bsps_ui.o
    0x0800fa98   0x0800fa98   0x000000b0   Code   RO          256    .text.osc_ui_ch2_btn_sel  bsps_ui.o
    0x0800fb48   0x0800fb48   0x00000070   Code   RO          252    .text.osc_ui_highlight_btn_draw  bsps_ui.o
    0x0800fbb8   0x0800fbb8   0x000005a0   Code   RO          246    .text.osc_ui_l1_btn_draw  bsps_ui.o
    0x08010158   0x08010158   0x000004c8   Code   RO          250    .text.osc_ui_l2_btn_draw  bsps_ui.o
    0x08010620   0x08010620   0x0000011c   Code   RO          236    .text.osc_ui_mea_btn_calculate  bsps_ui.o
    0x0801073c   0x0801073c   0x00000004   PAD
    0x08010740   0x08010740   0x0000003a   Code   RO          242    .text.osc_ui_move_trig_lines  bsps_ui.o
    0x0801077a   0x0801077a   0x00000006   PAD
    0x08010780   0x08010780   0x00000132   Code   RO          222    .text.osc_ui_right_btn_calculate  bsps_ui.o
    0x080108b2   0x080108b2   0x00000006   PAD
    0x080108b8   0x080108b8   0x00000042   Code   RO          218    .text.osc_ui_right_menu_calculate  bsps_ui.o
    0x080108fa   0x080108fa   0x00000006   PAD
    0x08010900   0x08010900   0x00000078   Code   RO          230    .text.osc_ui_trig_btn_calculate  bsps_ui.o
    0x08010978   0x08010978   0x00000174   Code   RO          260    .text.osc_ui_trig_btn_sel  bsps_ui.o
    0x08010aec   0x08010aec   0x00000004   PAD
    0x08010af0   0x08010af0   0x00000058   Code   RO          244    .text.osc_ui_trig_lines_show  bsps_ui.o
    0x08010b48   0x08010b48   0x0000032e   Code   RO          234    .text.osc_ui_trig_menu_btn_calculate  bsps_ui.o
    0x08010e76   0x08010e76   0x00000002   PAD
    0x08010e78   0x08010e78   0x0000005e   Code   RO          232    .text.osc_ui_trig_menu_calculate  bsps_ui.o
    0x08010ed6   0x08010ed6   0x00000002   PAD
    0x08010ed8   0x08010ed8   0x0000005e   Code   RO         3644    .text.run_thead_priority_0  os.o
    0x08010f36   0x08010f36   0x00000002   PAD
    0x08010f38   0x08010f38   0x0000005e   Code   RO         3648    .text.run_thead_priority_1  os.o
    0x08010f96   0x08010f96   0x00000002   PAD
    0x08010f98   0x08010f98   0x0000005e   Code   RO         3652    .text.run_thead_priority_2  os.o
    0x08010ff6   0x08010ff6   0x00000002   PAD
    0x08010ff8   0x08010ff8   0x0000005e   Code   RO         3656    .text.run_thead_priority_3  os.o
    0x08011056   0x08011056   0x00000002   PAD
    0x08011058   0x08011058   0x0000005e   Code   RO         3660    .text.run_thead_priority_4  os.o
    0x080110b6   0x080110b6   0x00000002   PAD
    0x080110b8   0x080110b8   0x0000005e   Code   RO         3638    .text.run_thead_priority_idle  os.o
    0x08011116   0x08011116   0x00000002   PAD
    0x08011118   0x08011118   0x0000007c   Code   RO         3856    .text.stdout_putchar  retarget_io.o
    0x08011194   0x08011194   0x00000004   PAD
    0x08011198   0x08011198   0x00000024   Code   RO         3622    .text.thread_start_it  os.o
    0x080111bc   0x080111bc   0x00000004   PAD
    0x080111c0   0x080111c0   0x0000001e   Code   RO         3620    .text.thread_timer_init  os.o
    0x080111de   0x080111de   0x00000002   PAD
    0x080111e0   0x080111e0   0x00000036   Code   RO          374    .text.touch_test_task  bsps_touch.o
    0x08011216   0x08011216   0x00000002   PAD
    0x08011218   0x08011218   0x00000020   Code   RO         3959    i.__0printf         mc_w.l(printfa.o)
    0x08011238   0x08011238   0x00000028   Code   RO         3961    i.__0sprintf        mc_w.l(printfa.o)
    0x08011260   0x08011260   0x0000000e   Code   RO         4107    i.__scatterload_copy  mc_w.l(handlers.o)
    0x0801126e   0x0801126e   0x00000002   Code   RO         4108    i.__scatterload_null  mc_w.l(handlers.o)
    0x08011270   0x08011270   0x0000000e   Code   RO         4109    i.__scatterload_zeroinit  mc_w.l(handlers.o)
    0x0801127e   0x0801127e   0x00000002   PAD
    0x08011280   0x08011280   0x00000184   Code   RO         3966    i._fp_digits        mc_w.l(printfa.o)
    0x08011404   0x08011404   0x000006dc   Code   RO         3967    i._printf_core      mc_w.l(printfa.o)
    0x08011ae0   0x08011ae0   0x00000024   Code   RO         3968    i._printf_post_padding  mc_w.l(printfa.o)
    0x08011b04   0x08011b04   0x0000002e   Code   RO         3969    i._printf_pre_padding  mc_w.l(printfa.o)
    0x08011b32   0x08011b32   0x0000000a   Code   RO         3971    i._sputc            mc_w.l(printfa.o)
    0x08011b3c   0x08011b3c   0x00000010   Data   RO         2293    .rodata.D1CorePrescTable  system_stm32h7xx.o
    0x08011b4c   0x08011b4c   0x00000008   Data   RO          995    .rodata.DMA_CalcBaseAndBitshift.flagBitshiftOffset  stm32h7xx_hal_dma.o
    0x08011b54   0x08011b54   0x00000018   Data   RO         3846    .rodata.EventRecorderInfo  eventrecorder.o
    0x08011b6c   0x08011b6c   0x00000008   Data   RO          294    .rodata.cst8        bsps_ui.o
    0x08011b74   0x08011b74   0x000005f4   Data   RO         3734    .rodata.g_Ascii12   asc12.o
    0x08012168   0x08012168   0x00001000   Data   RO         3740    .rodata.g_Ascii16   asc16.o
    0x08013168   0x08013168   0x00000d09   Data   RO         3746    .rodata.g_Ascii24   asc24.o
    0x08013e71   0x08013e71   0x0000028c   Data   RO         3752    .rodata.g_Ascii32   asc32.o
    0x080140fd   0x080140fd   0x00000b2e   Data   RO         3758    .rodata.g_Hz12      hz12.o
    0x08014c2b   0x08014c2b   0x0003f33e   Data   RO         3764    .rodata.g_Hz16      hz16.o
    0x08053f69   0x08053f69   0x000001be   Data   RO         3770    .rodata.g_Hz24      hz24.o
    0x08054127   0x08054127   0x0000030e   Data   RO         3776    .rodata.g_Hz32      hz32.o
    0x08054435   0x08054435   0x00000003   PAD
    0x08054438   0x08054438   0x00000090   Data   RO          641    .rodata.osc_tim_table  bsps_periph.o
    0x080544c8   0x080544c8   0x00000012   Data   RO            4    .rodata.str1.1      main.o
    0x080544da   0x080544da   0x00000026   Data   RO          103    .rodata.str1.1      bsp_lcd.o
    0x08054500   0x08054500   0x00000042   Data   RO          131    .rodata.str1.1      bsp.o
    0x08054542   0x08054542   0x0000008a   Data   RO          269    .rodata.str1.1      bsps_ui.o
    0x080545cc   0x080545cc   0x0000000b   Data   RO          401    .rodata.str1.1      bsps_touch.o
    0x080545d7   0x080545d7   0x00000008   Data   RO          488    .rodata.str1.1      bsps_ad9288.o
    0x080545df   0x080545df   0x0000000c   Data   RO          522    .rodata.str1.1      bsps_thread.o
    0x080545eb   0x080545eb   0x00000009   Data   RO          549    .rodata.str1.1      bsps_encoder.o
    0x080545f4   0x080545f4   0x0000007d   Data   RO          638    .rodata.str1.1      bsps_periph.o
    0x08054671   0x08054671   0x00000015   Data   RO         3662    .rodata.str1.1      os.o
    0x08054686   0x08054686   0x00000004   Data   RO         3709    .rodata.str1.1      gui.o
    0x0805468a   0x0805468a   0x00000002   PAD
    0x0805468c   0x0805468c   0x00000030   Data   RO         4106    Region$$Table       anon$$obj.o
    0x080546bc   0x080546bc   0x00000010   Data   RO          104    os_init_ram         bsp_lcd.o
    0x080546cc   0x080546cc   0x00000010   Data   RO          272    os_init_ram         bsps_ui.o
    0x080546dc   0x080546dc   0x00000010   Data   RO          402    os_init_ram         bsps_touch.o
    0x080546ec   0x080546ec   0x00000010   Data   RO          489    os_init_ram         bsps_ad9288.o
    0x080546fc   0x080546fc   0x00000010   Data   RO          523    os_init_ram         bsps_thread.o
    0x0805470c   0x0805470c   0x00000010   Data   RO          550    os_init_ram         bsps_encoder.o
    0x0805471c   0x0805471c   0x00000010   Data   RO          639    os_init_ram         bsps_periph.o
    0x0805472c   0x0805472c   0x00000010   Data   RO         3663    os_init_ram         os.o
    0x0805473c   0x0805473c   0x00000010   Data   RO         3710    os_init_ram         gui.o


    Execution Region RW_IRAM1 (Exec base: 0x20000000, Load base: 0x08054750, Size: 0x000030c0, Max: 0x0000ff00, ABSOLUTE, COMPRESSED[0x000000f8])

    Exec Addr    Load Addr    Size         Type   Attr      Idx    E Section Name        Object

    0x20000000   COMPRESSED   0x00000004   Data   RW         3946    .data               mc_w.l(stdout.o)
    0x20000004   COMPRESSED   0x00000004   Data   RW         2291    .data.SystemCoreClock  system_stm32h7xx.o
    0x20000008   COMPRESSED   0x00000004   Data   RW         2292    .data.SystemD2Clock  system_stm32h7xx.o
    0x2000000c   COMPRESSED   0x00000018   Data   RW          270    .data.ch12_btn_text  bsps_ui.o
    0x20000024   COMPRESSED   0x00000001   Data   RW          394    .data.ch1_coup      bsps_touch.o
    0x20000025   COMPRESSED   0x00000001   Data   RW          390    .data.ch1_en        bsps_touch.o
    0x20000026   COMPRESSED   0x00000001   Data   RW          392    .data.ch1_ratio     bsps_touch.o
    0x20000027   COMPRESSED   0x00000001   Data   RW          395    .data.ch2_coup      bsps_touch.o
    0x20000028   COMPRESSED   0x00000001   Data   RW          391    .data.ch2_en        bsps_touch.o
    0x20000029   COMPRESSED   0x00000001   Data   RW          393    .data.ch2_ratio     bsps_touch.o
    0x2000002a   COMPRESSED   0x00000001   Data   RW          634    .data.cnt_time      bsps_periph.o
    0x2000002b   COMPRESSED   0x00000001   Data   RW          635    .data.cnt_vol_scale_ch1  bsps_periph.o
    0x2000002c   COMPRESSED   0x00000001   Data   RW          636    .data.cnt_vol_scale_ch2  bsps_periph.o
    0x2000002d   COMPRESSED   0x00000001   PAD
    0x2000002e   COMPRESSED   0x00000002   Data   RW          159    .data.g_trig_bias   bsps_adc.o
    0x20000030   COMPRESSED   0x00000002   Data   RW          262    .data.last_trig_pos  bsps_ui.o
    0x20000032   COMPRESSED   0x00000002   PAD
    0x20000034   COMPRESSED   0x000000c8   Data   RW          642    .data.osc_vol_scale_table  bsps_periph.o
    0x200000fc   COMPRESSED   0x00000020   Data   RW          271    .data.trig_btn_text  bsps_ui.o
    0x2000011c   COMPRESSED   0x00000001   Data   RW          397    .data.trig_edge     bsps_touch.o
    0x2000011d   COMPRESSED   0x00000001   Data   RW          760    .data.uwTickFreq    stm32h7xx_hal.o
    0x2000011e   COMPRESSED   0x00000002   PAD
    0x20000120   COMPRESSED   0x00000004   Data   RW          759    .data.uwTickPrio    stm32h7xx_hal.o
    0x20000124   COMPRESSED   0x00000020   Data   RW          273    os_tsk_ram          bsps_ui.o
    0x20000144   COMPRESSED   0x00000010   Data   RW          403    os_tsk_ram          bsps_touch.o
    0x20000154   COMPRESSED   0x00000010   Data   RW          524    os_tsk_ram          bsps_thread.o
    0x20000164   COMPRESSED   0x00000010   Data   RW          640    os_tsk_ram          bsps_periph.o
    0x20000174   COMPRESSED   0x00000010   Data   RW         3711    os_tsk_ram          gui.o
    0x20000184   COMPRESSED   0x00000004   PAD
    0x20000188        -       0x00000004   Zero   RW         3713    .bss.GUI_EVENT      gui.o
    0x2000018c        -       0x0000004c   Zero   RW          497    .bss.TIM_Handle     bsps_ad9288.o
    0x200001d8        -       0x00000020   Zero   RW          404    .bss.User_Touch     bsps_touch.o
    0x200001f8        -       0x00000001   Zero   RW          383    .bss._temp          bsps_touch.o
    0x200001f9        -       0x00000001   Zero   RW          548    .bss.b_lev          bsps_encoder.o
    0x200001fa        -       0x00000002   Zero   RW          637    .bss.beep_hold_time_s  bsps_periph.o
    0x200001fc        -       0x00000064   Zero   RW          275    .bss.buf            bsps_ui.o
    0x20000260        -       0x00000578   Zero   RW          494    .bss.cache_fifo     bsps_ad9288.o
    0x200007d8        -       0x00000070   Zero   RW          274    .bss.ch12_btn       bsps_ui.o
    0x20000848        -       0x00000070   Zero   RW          282    .bss.ch12_menu      bsps_ui.o
    0x200008b8        -       0x000000a8   Zero   RW          283    .bss.ch1_bck_btn    bsps_ui.o
    0x20000960        -       0x00000150   Zero   RW          284    .bss.ch1_btn        bsps_ui.o
    0x20000ab0        -       0x00000001   Zero   RW          405    .bss.ch1_ctl_btn    bsps_touch.o
    0x20000ab1   COMPRESSED   0x00000003   PAD
    0x20000ab4        -       0x000000a8   Zero   RW          285    .bss.ch2_bck_btn    bsps_ui.o
    0x20000b5c        -       0x00000150   Zero   RW          286    .bss.ch2_btn        bsps_ui.o
    0x20000cac        -       0x00000001   Zero   RW          406    .bss.ch2_ctl_btn    bsps_touch.o
    0x20000cad   COMPRESSED   0x00000001   PAD
    0x20000cae        -       0x00000002   Zero   RW          485    .bss.cnt_fail       bsps_ad9288.o
    0x20000cb0        -       0x00000002   Zero   RW          495    .bss.cnt_success    bsps_ad9288.o
    0x20000cb2   COMPRESSED   0x00000002   PAD
    0x20000cb4        -       0x00000004   Zero   RW          277    .bss.dev            bsps_ui.o
    0x20000cb8        -       0x00000af0   Zero   RW          496    .bss.disp_data      bsps_ad9288.o
    0x200017a8        -       0x00000578   Zero   RW          525    .bss.disp_x_data    bsps_thread.o
    0x20001d20        -       0x00000001   Zero   RW          155    .bss.dma_flag       bsps_adc.o
    0x20001d21   COMPRESSED   0x00000001   PAD
    0x20001d22        -       0x00000002   Zero   RW          487    .bss.dma_trig_ndtr  bsps_ad9288.o
    0x20001d24        -       0x00000001   Zero   RW          551    .bss.enc_flag       bsps_encoder.o
    0x20001d25        -       0x00000001   Zero   RW          267    .bss.flag_isfist    bsps_ui.o
    0x20001d26   COMPRESSED   0x00000002   PAD
    0x20001d28        -       0x00000018   Zero   RW         3664    .bss.fos_tsk_tick   os.o
    0x20001d40        -       0x00000014   Zero   RW         3725    .bss.gui_dev_s      gui_dev.o
    0x20001d54        -       0x00000014   Zero   RW          643    .bss.hdac2          bsps_periph.o
    0x20001d68        -       0x00000068   Zero   RW          107    .bss.hdma2d         bsp_lcd.o
    0x20001dd0        -       0x0000004c   Zero   RW          306    .bss.hi2c1          bsps_iic.o
    0x20001e1c        -       0x000000a8   Zero   RW          106    .bss.hltdc          bsp_lcd.o
    0x20001ec4        -       0x0000004c   Zero   RW         3667    .bss.htim13         os.o
    0x20001f10        -       0x0000004c   Zero   RW         3668    .bss.htim14         os.o
    0x20001f5c        -       0x0000004c   Zero   RW         3669    .bss.htim16         os.o
    0x20001fa8        -       0x0000004c   Zero   RW         3670    .bss.htim17         os.o
    0x20001ff4        -       0x0000004c   Zero   RW          644    .bss.htim3          bsps_periph.o
    0x20002040        -       0x0000004c   Zero   RW         3666    .bss.htim7          os.o
    0x2000208c        -       0x00000001   Zero   RW         3726    .bss.inited_flag    gui_dev.o
    0x2000208d   COMPRESSED   0x00000001   PAD
    0x2000208e        -       0x00000002   Zero   RW          385    .bss.last_x_pos     bsps_touch.o
    0x20002090        -       0x000001c0   Zero   RW          290    .bss.mea_bck_btn    bsps_ui.o
    0x20002250        -       0x00000001   Zero   RW          521    .bss.off_clear      bsps_thread.o
    0x20002251   COMPRESSED   0x00000003   PAD
    0x20002254        -       0x00000004   Zero   RW         3712    .bss.origin_win     gui.o
    0x20002258        -       0x00000001   Zero   RW          486    .bss.os_trig_start_flag  bsps_ad9288.o
    0x20002259   COMPRESSED   0x00000003   PAD
    0x2000225c        -       0x00000018   Zero   RW         3665    .bss.os_tsk_header  os.o
    0x20002274        -       0x00000018   Zero   RW         3671    .bss.os_tsk_linker  os.o
    0x2000228c        -       0x00000004   Zero   RW          491    .bss.osc_flag_dma_tc  bsps_ad9288.o
    0x20002290        -       0x00000002   Zero   RW          386    .bss.osc_mode       bsps_touch.o
    0x20002292        -       0x00000001   Zero   RW          490    .bss.osc_sample_mode  bsps_ad9288.o
    0x20002293   COMPRESSED   0x00000001   PAD
    0x20002294        -       0x00000150   Zero   RW          281    .bss.right_btn      bsps_ui.o
    0x200023e4        -       0x00000038   Zero   RW          279    .bss.right_menu     bsps_ui.o
    0x2000241c        -       0x0000001c   Zero   RW          526    .bss.run_msg        bsps_thread.o
    0x20002438        -       0x00000008   Zero   RW         3868    .bss.stdout_putchar.buffer  retarget_io.o
    0x20002440        -       0x00000004   Zero   RW         3867    .bss.stdout_putchar.index  retarget_io.o
    0x20002444        -       0x00000001   Zero   RW          399    .bss.tmp_cnt        bsps_touch.o
    0x20002445        -       0x00000001   Zero   RW          384    .bss.touch_flag     bsps_touch.o
    0x20002446   COMPRESSED   0x00000002   PAD
    0x20002448        -       0x000000a8   Zero   RW          288    .bss.trig_bck_btn   bsps_ui.o
    0x200024f0        -       0x00000038   Zero   RW          276    .bss.trig_btn       bsps_ui.o
    0x20002528        -       0x00000001   Zero   RW          398    .bss.trig_ch        bsps_touch.o
    0x20002529        -       0x00000001   Zero   RW          389    .bss.trig_ctl_btn   bsps_touch.o
    0x2000252a   COMPRESSED   0x00000002   PAD
    0x2000252c        -       0x00000150   Zero   RW          280    .bss.trig_lines     bsps_ui.o
    0x2000267c        -       0x00000002   Zero   RW          268    .bss.trig_lines_hold_time_s  bsps_ui.o
    0x2000267e   COMPRESSED   0x00000002   PAD
    0x20002680        -       0x00000038   Zero   RW          287    .bss.trig_menu      bsps_ui.o
    0x200026b8        -       0x00000001   Zero   RW          396    .bss.trig_mode      bsps_touch.o
    0x200026b9   COMPRESSED   0x00000003   PAD
    0x200026bc        -       0x000001c0   Zero   RW          289    .bss.trig_sel_btn   bsps_ui.o
    0x2000287c        -       0x00000004   Zero   RW          761    .bss.uwTick         stm32h7xx_hal.o
    0x20002880        -       0x00000038   Zero   RW          278    .bss.win_main       bsps_ui.o
    0x200028b8        -       0x00000002   Zero   RW          291    .bss.x_s            bsps_ui.o
    0x200028ba        -       0x00000002   Zero   RW          292    .bss.y_s            bsps_ui.o
    0x200028bc   COMPRESSED   0x00000004   PAD
    0x200028c0        -       0x00000800   Zero   RW          651    STACK               startup_stm32h7b0xx.o


    Execution Region RW_IRAM2 (Exec base: 0x2000ff00, Load base: 0x08054848, Size: 0x000100a4, Max: 0x000100ff, ABSOLUTE, UNINIT)

    Exec Addr    Load Addr    Size         Type   Attr      Idx    E Section Name        Object

    0x2000ff00        -       0x000100a4   Zero   RW         3845    .bss.noinit         eventrecorder.o


    Execution Region RW_IRAM3 (Exec base: 0x24000000, Load base: 0x08054850, Size: 0x000eeb78, Max: 0x00100000, ABSOLUTE, COMPRESSED[0x00001df8])

    Exec Addr    Load Addr    Size         Type   Attr      Idx    E Section Name        Object

    0x24000000   COMPRESSED   0x000cf080   Data   RW          105    .RAM_D1             bsp_lcd.o
    0x240cf080   COMPRESSED   0x0001faf8   Data   RW          492    .RAM_D1             bsps_ad9288.o


==============================================================================

Image component sizes


      Code (inc. data)   RO Data    RW Data    ZI Data      Debug   Object Name

         0          0       1524          0          0        413   asc12.o
         0          0       4096          0          0        413   asc16.o
         0          0       3337          0          0        413   asc24.o
         0          0        652          0          0        413   asc32.o
       628          0         66          0          0       6344   bsp.o
      4668         40         54     848000        272      18482   bsp_lcd.o
      2198         32         24     129784       4288      17458   bsps_ad9288.o
       238          0          0          2          1      18293   bsps_adc.o
       864          0         25          0          2       7901   bsps_encoder.o
       380          0          0          0         76       7872   bsps_iic.o
      3174         80        285        219         98      17754   bsps_periph.o
       564          0         28         16       1429       3002   bsps_thread.o
      6480         56         27         23         44      10464   bsps_touch.o
     11740          4        162         90       3303      19343   bsps_ui.o
      2036          0         24          0      65700       8595   eventrecorder.o
      1096          0         20         16          8       5908   gui.o
        88          0          0          0         21       1009   gui_dev.o
         0          0       2862          0          0        408   hz12.o
         0          0     258878          0          0        410   hz16.o
         0          0        446          0          0        408   hz24.o
         0          0        782          0          0        408   hz32.o
        76          0         18          0          0        514   main.o
      1888          0         37          0        452      13463   os.o
       172          0          0          0         12       1991   retarget_io.o
        36          8        684          0       2048        836   startup_stm32h7b0xx.o
       362          0          0          5          4      13410   stm32h7xx_hal.o
       794          0          0          0          0      11307   stm32h7xx_hal_cortex.o
       958          0          0          0          0       7916   stm32h7xx_hal_dac.o
      7236          8          8          0          0      12476   stm32h7xx_hal_dma.o
       196          0          0          0          0      12321   stm32h7xx_hal_dma2d.o
      1108          0          0          0          0       6664   stm32h7xx_hal_gpio.o
      3042          0          0          0          0      34404   stm32h7xx_hal_i2c.o
       314          0          0          0          0       6958   stm32h7xx_hal_i2c_ex.o
      1944          0          0          0          0      12822   stm32h7xx_hal_ltdc.o
       162          0          0          0          0      10340   stm32h7xx_hal_pwr_ex.o
      4580         66          0          0          0      11886   stm32h7xx_hal_rcc.o
      4748         64          0          0          0      18003   stm32h7xx_hal_rcc_ex.o
      4568         22          0          0          0      37318   stm32h7xx_hal_tim.o
       368          0          0          0          0      18082   stm32h7xx_hal_tim_ex.o
        32          0          0          0          0       1022   stm32h7xx_it.o
       314          0         16          8          0       5745   system_stm32h7xx.o

    ----------------------------------------------------------------------
     67964        384     274108     978168      77792     383189   Object Totals
         0          0         48          0          0          0   (incl. Generated)
       912          4          5          5         34          0   (incl. Padding)

    ----------------------------------------------------------------------

      Code (inc. data)   RO Data    RW Data    ZI Data      Debug   Library Member Name

        86          0          0          0          0          0   __dczerorl2.o
         0          0          0          0          0          0   entry.o
         0          0          0          0          0          0   entry10a.o
         0          0          0          0          0          0   entry11a.o
         8          4          0          0          0          0   entry2.o
         4          0          0          0          0          0   entry5.o
         0          0          0          0          0          0   entry7b.o
         0          0          0          0          0          0   entry8b.o
         8          4          0          0          0          0   entry9a.o
        30          0          0          0          0          0   handlers.o
        36          8          0          0          0         68   init.o
         0          0          0          0          0          0   iusefp.o
        30          0          0          0          0         68   llshl.o
        36          0          0          0          0         68   llsshr.o
        32          0          0          0          0         68   llushr.o
        36          0          0          0          0         68   memcpya.o
        36          0          0          0          0        108   memseta.o
      2308         96          0          0          0        604   printfa.o
         0          0          0          4          0          0   stdout.o
        44          0          0          0          0         80   uidiv.o
        98          0          0          0          0         92   uldiv.o
        48          0          0          0          0         68   cdrcmple.o
       334          0          0          0          0        148   dadd.o
       222          0          0          0          0        100   ddiv.o
       186          0          0          0          0        176   depilogue.o
        48          0          0          0          0         68   dfixul.o
       228          0          0          0          0         96   dmul.o

    ----------------------------------------------------------------------
      3860        112          0          4          0       1880   Library Totals
         2          0          0          0          0          0   (incl. Padding)

    ----------------------------------------------------------------------

      Code (inc. data)   RO Data    RW Data    ZI Data      Debug   Library Name

      2792        112          0          4          0       1224   mc_w.l
      1066          0          0          0          0        656   mf_w.l

    ----------------------------------------------------------------------
      3860        112          0          4          0       1880   Library Totals

    ----------------------------------------------------------------------

==============================================================================


      Code (inc. data)   RO Data    RW Data    ZI Data      Debug   

     71824        496     274108     978172      77792     383745   Grand Totals
     71824        496     274108       7920      77792     383745   ELF Image Totals (compressed)
     71824        496     274108       7920          0          0   ROM Totals

==============================================================================

    Total RO  Size (Code + RO Data)               345932 ( 337.82kB)
    Total RW  Size (RW Data + ZI Data)           1055964 (1031.21kB)
    Total ROM Size (Code + RO Data + RW Data)     353852 ( 345.56kB)

==============================================================================

