Component: ARM Compiler 6.16 Tool: armlink [5dfeaa00]

==============================================================================

Section Cross References

    main.o(.text.main) refers to bsp.o(.text.bsp_Init) for bsp_Init
    main.o(.text.main) refers to main.o(.rodata.str1.1) for .L.str
    main.o(.text.main) refers to eventrecorder.o(.text.EventRecord2) for EventRecord2
    main.o(.text.main) refers to os.o(.text.run_thead_priority_idle) for run_thead_priority_idle
    main.o(.ARM.exidx.text.main) refers to main.o(.text.main) for [Anonymous Symbol]
    stm32h7xx_it.o(.ARM.exidx.text.NMI_Handler) refers to stm32h7xx_it.o(.text.NMI_Handler) for [Anonymous Symbol]
    stm32h7xx_it.o(.ARM.exidx.text.HardFault_Handler) refers to stm32h7xx_it.o(.text.HardFault_Handler) for [Anonymous Symbol]
    stm32h7xx_it.o(.ARM.exidx.text.MemManage_Handler) refers to stm32h7xx_it.o(.text.MemManage_Handler) for [Anonymous Symbol]
    stm32h7xx_it.o(.ARM.exidx.text.BusFault_Handler) refers to stm32h7xx_it.o(.text.BusFault_Handler) for [Anonymous Symbol]
    stm32h7xx_it.o(.ARM.exidx.text.UsageFault_Handler) refers to stm32h7xx_it.o(.text.UsageFault_Handler) for [Anonymous Symbol]
    stm32h7xx_it.o(.ARM.exidx.text.SVC_Handler) refers to stm32h7xx_it.o(.text.SVC_Handler) for [Anonymous Symbol]
    stm32h7xx_it.o(.ARM.exidx.text.DebugMon_Handler) refers to stm32h7xx_it.o(.text.DebugMon_Handler) for [Anonymous Symbol]
    stm32h7xx_it.o(.ARM.exidx.text.PendSV_Handler) refers to stm32h7xx_it.o(.text.PendSV_Handler) for [Anonymous Symbol]
    stm32h7xx_it.o(.text.SysTick_Handler) refers to stm32h7xx_hal.o(.text.HAL_IncTick) for HAL_IncTick
    stm32h7xx_it.o(.ARM.exidx.text.SysTick_Handler) refers to stm32h7xx_it.o(.text.SysTick_Handler) for [Anonymous Symbol]
    bsp_lcd.o(.text.bsp_lcd_init) refers to memseta.o(.text) for __aeabi_memclr4
    bsp_lcd.o(.text.bsp_lcd_init) refers to stm32h7xx_hal_rcc_ex.o(.text.HAL_RCCEx_PeriphCLKConfig) for HAL_RCCEx_PeriphCLKConfig
    bsp_lcd.o(.text.bsp_lcd_init) refers to bsp_lcd.o(.bss.hltdc) for hltdc
    bsp_lcd.o(.text.bsp_lcd_init) refers to stm32h7xx_hal_ltdc.o(.text.HAL_LTDC_Init) for HAL_LTDC_Init
    bsp_lcd.o(.text.bsp_lcd_init) refers to bsp_lcd.o(.rodata.str1.1) for .L.str.1
    bsp_lcd.o(.text.bsp_lcd_init) refers to bsp.o(.text.Error_Handler) for Error_Handler
    bsp_lcd.o(.text.bsp_lcd_init) refers to bsp_lcd.o(.RAM_D1) for gram
    bsp_lcd.o(.text.bsp_lcd_init) refers to stm32h7xx_hal_ltdc.o(.text.HAL_LTDC_ConfigLayer) for HAL_LTDC_ConfigLayer
    bsp_lcd.o(.text.bsp_lcd_init) refers to bsp_lcd.o(.text.bsp_lcd_dma2d_init) for bsp_lcd_dma2d_init
    bsp_lcd.o(.ARM.exidx.text.bsp_lcd_init) refers to bsp_lcd.o(.text.bsp_lcd_init) for [Anonymous Symbol]
    bsp_lcd.o(.text.bsp_lcd_bcl_on) refers to stm32h7xx_hal_gpio.o(.text.HAL_GPIO_WritePin) for HAL_GPIO_WritePin
    bsp_lcd.o(.ARM.exidx.text.bsp_lcd_bcl_on) refers to bsp_lcd.o(.text.bsp_lcd_bcl_on) for [Anonymous Symbol]
    bsp_lcd.o(.text.bsp_lcd_ram_init) refers to bsp_lcd.o(.RAM_D1) for gram
    bsp_lcd.o(.ARM.exidx.text.bsp_lcd_ram_init) refers to bsp_lcd.o(.text.bsp_lcd_ram_init) for [Anonymous Symbol]
    bsp_lcd.o(.text.bsp_lcd_set_pixel) refers to bsp_lcd.o(.RAM_D1) for gram
    bsp_lcd.o(.ARM.exidx.text.bsp_lcd_set_pixel) refers to bsp_lcd.o(.text.bsp_lcd_set_pixel) for [Anonymous Symbol]
    bsp_lcd.o(.text.bsp_lcd_get_pixel) refers to bsp_lcd.o(.RAM_D1) for gram
    bsp_lcd.o(.ARM.exidx.text.bsp_lcd_get_pixel) refers to bsp_lcd.o(.text.bsp_lcd_get_pixel) for [Anonymous Symbol]
    bsp_lcd.o(.text.bsp_lcd_set_pixel_l2) refers to bsp_lcd.o(.RAM_D1) for gram2
    bsp_lcd.o(.ARM.exidx.text.bsp_lcd_set_pixel_l2) refers to bsp_lcd.o(.text.bsp_lcd_set_pixel_l2) for [Anonymous Symbol]
    bsp_lcd.o(.text.bsp_lcd_get_pixel_l2) refers to bsp_lcd.o(.RAM_D1) for gram2
    bsp_lcd.o(.ARM.exidx.text.bsp_lcd_get_pixel_l2) refers to bsp_lcd.o(.text.bsp_lcd_get_pixel_l2) for [Anonymous Symbol]
    bsp_lcd.o(.text.bsp_lcd_color_test) refers to bsp_lcd.o(.text.bsp_lcd_clr_scr) for bsp_lcd_clr_scr
    bsp_lcd.o(.text.bsp_lcd_color_test) refers to stm32h7xx_hal.o(.text.HAL_Delay) for HAL_Delay
    bsp_lcd.o(.ARM.exidx.text.bsp_lcd_color_test) refers to bsp_lcd.o(.text.bsp_lcd_color_test) for [Anonymous Symbol]
    bsp_lcd.o(.text.bsp_lcd_clr_scr) refers to bsp_lcd.o(.text.bsp_lcd_fill_rect) for bsp_lcd_fill_rect
    bsp_lcd.o(.ARM.exidx.text.bsp_lcd_clr_scr) refers to bsp_lcd.o(.text.bsp_lcd_clr_scr) for [Anonymous Symbol]
    bsp_lcd.o(.text.bsp_lcd_set_tran) refers to bsp_lcd.o(.bss.hltdc) for hltdc
    bsp_lcd.o(.text.bsp_lcd_set_tran) refers to stm32h7xx_hal_ltdc.o(.text.HAL_LTDC_SetAlpha) for HAL_LTDC_SetAlpha
    bsp_lcd.o(.ARM.exidx.text.bsp_lcd_set_tran) refers to bsp_lcd.o(.text.bsp_lcd_set_tran) for [Anonymous Symbol]
    bsp_lcd.o(.text.bsp_lcd_enter_win) refers to bsp_lcd.o(.bss.hltdc) for hltdc
[...]
    SystemInit                               0x08008ea9   Thumb Code   314  system_stm32h7xx.o(.text.SystemInit)
    TIM16_IRQHandler                         0x08008fe9   Thumb Code    20  os.o(.text.TIM16_IRQHandler)
    TIM17_IRQHandler                         0x08009001   Thumb Code    20  os.o(.text.TIM17_IRQHandler)
    TIM7_IRQHandler                          0x08009019   Thumb Code    20  os.o(.text.TIM7_IRQHandler)
    TIM8_TRG_COM_TIM14_IRQHandler            0x08009031   Thumb Code    20  os.o(.text.TIM8_TRG_COM_TIM14_IRQHandler)
    TIM8_UP_TIM13_IRQHandler                 0x08009049   Thumb Code    20  os.o(.text.TIM8_UP_TIM13_IRQHandler)
    TIM_Base_SetConfig                       0x08009061   Thumb Code   410  stm32h7xx_hal_tim.o(.text.TIM_Base_SetConfig)
    TIM_CCxChannelCmd                        0x08009201   Thumb Code    54  stm32h7xx_hal_tim.o(.text.TIM_CCxChannelCmd)
    TIM_OC2_SetConfig                        0x08009389   Thumb Code   364  stm32h7xx_hal_tim.o(.text.TIM_OC2_SetConfig)
    UsageFault_Handler                       0x08009949   Thumb Code     4  stm32h7xx_it.o(.text.UsageFault_Handler)
    bsp_Init                                 0x08009cf1   Thumb Code    36  bsp.o(.text.bsp_Init)
    bsp_lcd_dma2d_init                       0x08009d31   Thumb Code    96  bsp_lcd.o(.text.bsp_lcd_dma2d_init)
    bsp_lcd_draw_line                        0x08009d91   Thumb Code   424  bsp_lcd.o(.text.bsp_lcd_draw_line)
    bsp_lcd_draw_line_h                      0x08009f39   Thumb Code    84  bsp_lcd.o(.text.bsp_lcd_draw_line_h)
    bsp_lcd_draw_line_v                      0x08009f91   Thumb Code    84  bsp_lcd.o(.text.bsp_lcd_draw_line_v)
    bsp_lcd_draw_lines                       0x08009fe9   Thumb Code   192  bsp_lcd.o(.text.bsp_lcd_draw_lines)
    bsp_lcd_draw_rect                        0x0800a0a9   Thumb Code   132  bsp_lcd.o(.text.bsp_lcd_draw_rect)
    bsp_lcd_draw_tri                         0x0800a131   Thumb Code   124  bsp_lcd.o(.text.bsp_lcd_draw_tri)
    bsp_lcd_fill_rect                        0x0800a1b1   Thumb Code   136  bsp_lcd.o(.text.bsp_lcd_fill_rect)
    bsp_lcd_get_pixel                        0x0800a239   Thumb Code    46  bsp_lcd.o(.text.bsp_lcd_get_pixel)
    bsp_lcd_set_pixel                        0x0800a3f1   Thumb Code    54  bsp_lcd.o(.text.bsp_lcd_set_pixel)
    bsp_lcd_set_pixel_l2                     0x0800a429   Thumb Code    70  bsp_lcd.o(.text.bsp_lcd_set_pixel_l2)
    bsps_bsps_hard_reset                     0x0800a471   Thumb Code    22  bsps_touch.o(.text.bsps_bsps_hard_reset)
    bsps_bsps_hard_reset_stop                0x0800a489   Thumb Code    22  bsps_touch.o(.text.bsps_bsps_hard_reset_stop)
    bsps_enc_callback                        0x0800a4a1   Thumb Code   222  bsps_encoder.o(.text.bsps_enc_callback)
    bsps_enc_gpio_init                       0x0800a581   Thumb Code   422  bsps_encoder.o(.text.bsps_enc_gpio_init)
    bsps_get_run_msg                         0x0800a729   Thumb Code    10  bsps_thread.o(.text.bsps_get_run_msg)
    bsps_gt911_r_reg                         0x0800a761   Thumb Code    58  bsps_touch.o(.text.bsps_gt911_r_reg)
    bsps_gt911_scanf                         0x0800a7a1   Thumb Code   464  bsps_touch.o(.text.bsps_gt911_scanf)
    bsps_gt911_w_reg                         0x0800a971   Thumb Code    58  bsps_touch.o(.text.bsps_gt911_w_reg)
    bsps_iic_init                            0x0800a9b1   Thumb Code   106  bsps_iic.o(.text.bsps_iic_init)
    bsps_sa_adc_mode_ch1_ch2_align           0x0800aa21   Thumb Code    20  bsps_periph.o(.text.bsps_sa_adc_mode_ch1_ch2_align)
    bsps_sa_att_sel_ch1                      0x0800aa39   Thumb Code   326  bsps_periph.o(.text.bsps_sa_att_sel_ch1)
    bsps_sa_att_sel_ch2                      0x0800ab81   Thumb Code   338  bsps_periph.o(.text.bsps_sa_att_sel_ch2)
    bsps_sa_exti_callbcak_trig               0x0800ad89   Thumb Code    60  bsps_ad9288.o(.text.bsps_sa_exti_callbcak_trig)
    bsps_sa_oh_ac_ch1                        0x0800af61   Thumb Code    22  bsps_periph.o(.text.bsps_sa_oh_ac_ch1)
    bsps_sa_oh_ac_ch2                        0x0800af79   Thumb Code    22  bsps_periph.o(.text.bsps_sa_oh_ac_ch2)
    bsps_sa_oh_dc_ch2                        0x0800af91   Thumb Code    22  bsps_periph.o(.text.bsps_sa_oh_dc_ch2)
    bsps_sa_periph_init                      0x0800afa9   Thumb Code   856  bsps_periph.o(.text.bsps_sa_periph_init)
    bsps_sa_rly_att_ch1                      0x0800b301   Thumb Code    22  bsps_periph.o(.text.bsps_sa_rly_att_ch1)
    bsps_sa_rly_att_ch2                      0x0800b319   Thumb Code    22  bsps_periph.o(.text.bsps_sa_rly_att_ch2)
    bsps_sa_rly_att_sel_ch2                  0x0800b331   Thumb Code    32  bsps_periph.o(.text.bsps_sa_rly_att_sel_ch2)
    bsps_sa_set_psc                          0x0800b351   Thumb Code    18  bsps_ad9288.o(.text.bsps_sa_set_psc)
    bsps_sa_set_pwm_pulse_ch1                0x0800b369   Thumb Code    24  bsps_periph.o(.text.bsps_sa_set_pwm_pulse_ch1)
    bsps_sa_set_pwm_pulse_ch2                0x0800b381   Thumb Code    24  bsps_periph.o(.text.bsps_sa_set_pwm_pulse_ch2)
    bsps_sa_set_trig_vol                     0x0800b399   Thumb Code    72  bsps_periph.o(.text.bsps_sa_set_trig_vol)
    bsps_sa_sw_only_ch2                      0x0800b3e1   Thumb Code    38  bsps_periph.o(.text.bsps_sa_sw_only_ch2)
    bsps_sa_trig_edge_set                    0x0800b409   Thumb Code   126  bsps_ad9288.o(.text.bsps_sa_trig_edge_set)
    bsps_sa_trig_exti_set                    0x0800b489   Thumb Code    36  bsps_ad9288.o(.text.bsps_sa_trig_exti_set)
    bsps_sa_trig_read                        0x0800b4b1   Thumb Code   540  bsps_ad9288.o(.text.bsps_sa_trig_read)
    bsps_thread                              0x0800b6d1   Thumb Code    86  bsps_thread.o(.text.bsps_thread)
    bsps_thread_init                         0x0800b729   Thumb Code    74  bsps_thread.o(.text.bsps_thread_init)
    bsps_time_dec                            0x0800b779   Thumb Code    52  bsps_periph.o(.text.bsps_time_dec)
    bsps_time_inc                            0x0800b7b1   Thumb Code    52  bsps_periph.o(.text.bsps_time_inc)
    bsps_time_psc_set                        0x0800b7e9   Thumb Code   368  bsps_periph.o(.text.bsps_time_psc_set)
    bsps_touch_area_task                     0x0800b959   Thumb Code   254  bsps_touch.o(.text.bsps_touch_area_task)
    bsps_touch_ch12_exit_menu_task           0x0800ba59   Thumb Code    48  bsps_touch.o(.text.bsps_touch_ch12_exit_menu_task)
    bsps_touch_ch1_coup_task                 0x0800ba89   Thumb Code    92  bsps_touch.o(.text.bsps_touch_ch1_coup_task)
    bsps_touch_ch1_ctl_task                  0x0800bae9   Thumb Code    44  bsps_touch.o(.text.bsps_touch_ch1_ctl_task)
    bsps_touch_ch1_en_task                   0x0800bb19   Thumb Code    44  bsps_touch.o(.text.bsps_touch_ch1_en_task)
    bsps_touch_ch1_ratio_task                0x0800bb49   Thumb Code   296  bsps_touch.o(.text.bsps_touch_ch1_ratio_task)
    bsps_touch_ch2_coup_task                 0x0800bc71   Thumb Code    60  bsps_touch.o(.text.bsps_touch_ch2_coup_task)
    bsps_touch_ch2_ctl_task                  0x0800bcb1   Thumb Code    44  bsps_touch.o(.text.bsps_touch_ch2_ctl_task)
    bsps_touch_ch2_en_task                   0x0800bce1   Thumb Code    44  bsps_touch.o(.text.bsps_touch_ch2_en_task)
    bsps_touch_ch2_ratio_task                0x0800bd11   Thumb Code    66  bsps_touch.o(.text.bsps_touch_ch2_ratio_task)
    bsps_touch_menu_enter                    0x0800bd59   Thumb Code    40  bsps_touch.o(.text.bsps_touch_menu_enter)
    bsps_touch_task                          0x0800bd81   Thumb Code  3188  bsps_touch.o(.text.bsps_touch_task)
    bsps_touch_trig_ch_task                  0x0800c9f9   Thumb Code    56  bsps_touch.o(.text.bsps_touch_trig_ch_task)
    bsps_touch_trig_ctl_task                 0x0800ca31   Thumb Code    44  bsps_touch.o(.text.bsps_touch_trig_ctl_task)
    bsps_touch_trig_edge_task                0x0800ca61   Thumb Code   160  bsps_touch.o(.text.bsps_touch_trig_edge_task)
    bsps_touch_trig_mode_task                0x0800cb01   Thumb Code   138  bsps_touch.o(.text.bsps_touch_trig_mode_task)
    bsps_touch_trig_task                     0x0800cb91   Thumb Code   352  bsps_touch.o(.text.bsps_touch_trig_task)
    bsps_trig_lev_set                        0x0800ccf1   Thumb Code    60  bsps_periph.o(.text.bsps_trig_lev_set)
    bsps_ui_ch12_acdc_draw                   0x0800cd31   Thumb Code   328  bsps_ui.o(.text.bsps_ui_ch12_acdc_draw)
    bsps_ui_ch12_ratio_draw                  0x0800ce79   Thumb Code   328  bsps_ui.o(.text.bsps_ui_ch12_ratio_draw)
    bsps_ui_ch12_vol_gain_draw               0x0800cfc1   Thumb Code   162  bsps_ui.o(.text.bsps_ui_ch12_vol_gain_draw)
    bsps_ui_main_win_draw                    0x0800d139   Thumb Code   506  bsps_ui.o(.text.bsps_ui_main_win_draw)
    bsps_ui_timebase_draw                    0x0800d339   Thumb Code   158  bsps_ui.o(.text.bsps_ui_timebase_draw)
    bsps_ui_trig_ch_draw                     0x0800d3d9   Thumb Code   246  bsps_ui.o(.text.bsps_ui_trig_ch_draw)
    bsps_ui_trig_edge_draw                   0x0800d4d1   Thumb Code   354  bsps_ui.o(.text.bsps_ui_trig_edge_draw)
    bsps_ui_trig_icon_draw                   0x0800d639   Thumb Code    70  bsps_ui.o(.text.bsps_ui_trig_icon_draw)
    bsps_ui_trig_line_draw                   0x0800d681   Thumb Code   128  bsps_ui.o(.text.bsps_ui_trig_line_draw)
    bsps_ui_trig_mode_draw                   0x0800d701   Thumb Code   260  bsps_ui.o(.text.bsps_ui_trig_mode_draw)
    bsps_ui_trig_vol_draw                    0x0800d809   Thumb Code   172  bsps_ui.o(.text.bsps_ui_trig_vol_draw)
    bsps_ui_wave_init                        0x0800d8b9   Thumb Code   232  bsps_ui.o(.text.bsps_ui_wave_init)
    bsps_vol_scale_dec_ch2                   0x0800d9a1   Thumb Code    52  bsps_periph.o(.text.bsps_vol_scale_dec_ch2)
    bsps_vol_scale_inc_ch2                   0x0800d9d9   Thumb Code    52  bsps_periph.o(.text.bsps_vol_scale_inc_ch2)
    bsps_vol_scale_set_ch2                   0x0800da11   Thumb Code   126  bsps_periph.o(.text.bsps_vol_scale_set_ch2)
    fputc                                    0x0800db59   Thumb Code    48  retarget_io.o(.text.fputc)
    get_gui_dev                              0x0800db89   Thumb Code    32  gui_dev.o(.text.get_gui_dev)
    gui_clear_widget                         0x0800dba9   Thumb Code    44  gui.o(.text.gui_clear_widget)
    gui_create_event                         0x0800dbd9   Thumb Code    16  gui.o(.text.gui_create_event)
    gui_dev_init                             0x0800dbe9   Thumb Code    56  gui_dev.o(.text.gui_dev_init)
    gui_hide_widget                          0x0800dd69   Thumb Code   150  gui.o(.text.gui_hide_widget)
    gui_move_widget                          0x0800de01   Thumb Code   122  gui.o(.text.gui_move_widget)
    gui_show_widget                          0x0800de81   Thumb Code    92  gui.o(.text.gui_show_widget)
    gui_show_win                             0x0800dee1   Thumb Code    86  gui.o(.text.gui_show_win)
    gui_wid_creater                          0x0800df89   Thumb Code    98  gui.o(.text.gui_wid_creater)
    gui_win_creater                          0x0800dff1   Thumb Code    90  gui.o(.text.gui_win_creater)
    main                                     0x0800e051   Thumb Code    76  main.o(.text.main)
    os_dev_init                              0x0800e279   Thumb Code   206  os.o(.text.os_dev_init)
    osc_calculate_main_size                  0x0800e3c1   Thumb Code    78  bsps_ui.o(.text.osc_calculate_main_size)
    osc_calculate_trig_line                  0x0800e411   Thumb Code   128  bsps_ui.o(.text.osc_calculate_trig_line)
    osc_copy_from_fifo                       0x0800e4d1   Thumb Code   222  bsps_ad9288.o(.text.osc_copy_from_fifo)
    osc_dev_l2_disable                       0x0800e5b1   Thumb Code    20  bsp_lcd.o(.text.osc_dev_l2_disable)
    osc_dev_l2_enable                        0x0800e5c9   Thumb Code   112  bsp_lcd.o(.text.osc_dev_l2_enable)
    osc_ui_btn_ctl_sel                       0x0800e8a1   Thumb Code   230  bsps_ui.o(.text.osc_ui_btn_ctl_sel)
    osc_ui_ch12_btn_calculate                0x0800e989   Thumb Code   664  bsps_ui.o(.text.osc_ui_ch12_btn_calculate)
    osc_ui_ch12_ctl_btn_calculate            0x0800ec21   Thumb Code   308  bsps_ui.o(.text.osc_ui_ch12_ctl_btn_calculate)
    osc_ui_ch12_menu_calculate               0x0800ed59   Thumb Code   106  bsps_ui.o(.text.osc_ui_ch12_menu_calculate)
    osc_ui_ch12_menu_draw                    0x0800edc9   Thumb Code  1040  bsps_ui.o(.text.osc_ui_ch12_menu_draw)
    osc_ui_ch1_btn_sel                       0x0800f1d9   Thumb Code   176  bsps_ui.o(.text.osc_ui_ch1_btn_sel)
    osc_ui_ch2_btn_sel                       0x0800f289   Thumb Code   176  bsps_ui.o(.text.osc_ui_ch2_btn_sel)
    osc_ui_highlight_btn_draw                0x0800f339   Thumb Code   112  bsps_ui.o(.text.osc_ui_highlight_btn_draw)
    osc_ui_l1_btn_draw                       0x0800f3a9   Thumb Code  1436  bsps_ui.o(.text.osc_ui_l1_btn_draw)
    osc_ui_l2_btn_draw                       0x0800f949   Thumb Code  1224  bsps_ui.o(.text.osc_ui_l2_btn_draw)
    osc_ui_move_trig_lines                   0x0800fe11   Thumb Code    58  bsps_ui.o(.text.osc_ui_move_trig_lines)
    osc_ui_right_btn_calculate               0x0800fe51   Thumb Code   306  bsps_ui.o(.text.osc_ui_right_btn_calculate)
    osc_ui_right_menu_calculate              0x0800ff89   Thumb Code    66  bsps_ui.o(.text.osc_ui_right_menu_calculate)
    osc_ui_trig_btn_calculate                0x0800ffd1   Thumb Code   120  bsps_ui.o(.text.osc_ui_trig_btn_calculate)
    osc_ui_trig_btn_sel                      0x08010049   Thumb Code   372  bsps_ui.o(.text.osc_ui_trig_btn_sel)
    osc_ui_trig_lines_show                   0x080101c1   Thumb Code    88  bsps_ui.o(.text.osc_ui_trig_lines_show)
    osc_ui_trig_menu_btn_calculate           0x08010219   Thumb Code   814  bsps_ui.o(.text.osc_ui_trig_menu_btn_calculate)
    osc_ui_trig_menu_calculate               0x08010549   Thumb Code    94  bsps_ui.o(.text.osc_ui_trig_menu_calculate)
    run_thead_priority_idle                  0x08010789   Thumb Code    94  os.o(.text.run_thead_priority_idle)
    thread_start_it                          0x08010869   Thumb Code    36  os.o(.text.thread_start_it)
    thread_timer_init                        0x08010891   Thumb Code    30  os.o(.text.thread_timer_init)
    touch_test_task                          0x080108b1   Thumb Code    54  bsps_touch.o(.text.touch_test_task)
    __0printf                                0x080108e9   Thumb Code    22  printfa.o(i.__0printf)
    __1printf                                0x080108e9   Thumb Code     0  printfa.o(i.__0printf)
    __2printf                                0x080108e9   Thumb Code     0  printfa.o(i.__0printf)
    __c89printf                              0x080108e9   Thumb Code     0  printfa.o(i.__0printf)
    printf                                   0x080108e9   Thumb Code     0  printfa.o(i.__0printf)
    __0sprintf                               0x08010909   Thumb Code    34  printfa.o(i.__0sprintf)
    __1sprintf                               0x08010909   Thumb Code     0  printfa.o(i.__0sprintf)
    __2sprintf                               0x08010909   Thumb Code     0  printfa.o(i.__0sprintf)
    __c89sprintf                             0x08010909   Thumb Code     0  printfa.o(i.__0sprintf)
    sprintf                                  0x08010909   Thumb Code     0  printfa.o(i.__0sprintf)
    __scatterload_copy                       0x08010931   Thumb Code    14  handlers.o(i.__scatterload_copy)
    __scatterload_null                       0x0801093f   Thumb Code     2  handlers.o(i.__scatterload_null)
    __scatterload_zeroinit                   0x08010941   Thumb Code    14  handlers.o(i.__scatterload_zeroinit)
    D1CorePrescTable                         0x0801120c   Data          16  system_stm32h7xx.o(.rodata.D1CorePrescTable)
    EventRecorderInfo                        0x08011224   Data          24  eventrecorder.o(.rodata.EventRecorderInfo)
    g_Ascii12                                0x08011244   Data        1524  asc12.o(.rodata.g_Ascii12)
    g_Ascii16                                0x08011838   Data        4096  asc16.o(.rodata.g_Ascii16)
    g_Ascii24                                0x08012838   Data        3337  asc24.o(.rodata.g_Ascii24)
    g_Ascii32                                0x08013541   Data         652  asc32.o(.rodata.g_Ascii32)
    g_Hz12                                   0x080137cd   Data        2862  hz12.o(.rodata.g_Hz12)
    g_Hz16                                   0x080142fb   Data       258878  hz16.o(.rodata.g_Hz16)
    g_Hz24                                   0x08053639   Data         446  hz24.o(.rodata.g_Hz24)
    g_Hz32                                   0x080537f7   Data         782  hz32.o(.rodata.g_Hz32)
    osc_tim_table                            0x08053b08   Data         144  bsps_periph.o(.rodata.osc_tim_table)
    Region$$Table$$Base                      0x08053d5c   Number         0  anon$$obj.o(Region$$Table)
    Region$$Table$$Limit                     0x08053d8c   Number         0  anon$$obj.o(Region$$Table)
    __FS_bsp_lcd_init                        0x08053d8c   Data          16  bsp_lcd.o(os_init_ram)
    os_init_ram$$Base                        0x08053d8c   Number         0  bsp_lcd.o(os_init_ram)
    __FS_bsps_ui_wave_init                   0x08053d9c   Data          16  bsps_ui.o(os_init_ram)
    __FS_bsps_gt911_init                     0x08053dac   Data          16  bsps_touch.o(os_init_ram)
    __FS_bsps_sa_init                        0x08053dbc   Data          16  bsps_ad9288.o(os_init_ram)
    __FS_bsps_thread_init                    0x08053dcc   Data          16  bsps_thread.o(os_init_ram)
    __FS_bsps_enc_gpio_init                  0x08053ddc   Data          16  bsps_encoder.o(os_init_ram)
    __FS_bsps_sa_periph_init                 0x08053dec   Data          16  bsps_periph.o(os_init_ram)
    __FS_thread_timer_init                   0x08053dfc   Data          16  os.o(os_init_ram)
    __FS_gui_dev_init                        0x08053e0c   Data          16  gui.o(os_init_ram)
    os_init_ram$$Limit                       0x08053e1c   Number         0  gui.o(os_init_ram)
    __stdout                                 0x20000000   Data           4  stdout.o(.data)
    SystemCoreClock                          0x20000004   Data           4  system_stm32h7xx.o(.data.SystemCoreClock)
    SystemD2Clock                            0x20000008   Data           4  system_stm32h7xx.o(.data.SystemD2Clock)
    ch12_btn_text                            0x2000000c   Data          24  bsps_ui.o(.data.ch12_btn_text)
    cnt_time                                 0x20000024   Data           1  bsps_periph.o(.data.cnt_time)
    cnt_vol_scale                            0x20000025   Data           1  bsps_periph.o(.data.cnt_vol_scale)
    g_trig_bias                              0x20000026   Data           2  bsps_adc.o(.data.g_trig_bias)
    last_trig_pos                            0x20000028   Data           2  bsps_ui.o(.data.last_trig_pos)
    osc_vol_scale_table                      0x2000002c   Data         160  bsps_periph.o(.data.osc_vol_scale_table)
    trig_btn_text                            0x200000cc   Data          32  bsps_ui.o(.data.trig_btn_text)
    uwTickFreq                               0x200000ec   Data           1  stm32h7xx_hal.o(.data.uwTickFreq)
    uwTickPrio                               0x200000f0   Data           4  stm32h7xx_hal.o(.data.uwTickPrio)
    os_tsk_ram$$Base                         0x200000f4   Number         0  bsps_ui.o(os_tsk_ram)
    os_tsk_ram$$Limit                        0x20000144   Number         0  gui.o(os_tsk_ram)
    User_Touch                               0x20000198   Data          32  bsps_touch.o(.bss.User_Touch)
    _temp                                    0x200001b8   Data           1  bsps_touch.o(.bss._temp)
    b_lev                                    0x200001b9   Data           1  bsps_encoder.o(.bss.b_lev)
    ch12_btn                                 0x20000798   Data         112  bsps_ui.o(.bss.ch12_btn)
    ch12_menu                                0x20000808   Data         112  bsps_ui.o(.bss.ch12_menu)
    ch1_bck_btn                              0x20000878   Data         168  bsps_ui.o(.bss.ch1_bck_btn)
    ch1_btn                                  0x20000920   Data         336  bsps_ui.o(.bss.ch1_btn)
    ch1_coup                                 0x20000a70   Data           1  bsps_touch.o(.bss.ch1_coup)
    ch1_ctl_btn                              0x20000a71   Data           1  bsps_touch.o(.bss.ch1_ctl_btn)
    ch1_en                                   0x20000a72   Data           1  bsps_touch.o(.bss.ch1_en)
    ch1_ratio                                0x20000a73   Data           1  bsps_touch.o(.bss.ch1_ratio)
    ch2_bck_btn                              0x20000a74   Data         168  bsps_ui.o(.bss.ch2_bck_btn)
    ch2_btn                                  0x20000b1c   Data         336  bsps_ui.o(.bss.ch2_btn)
    ch2_coup                                 0x20000c6c   Data           1  bsps_touch.o(.bss.ch2_coup)
    ch2_ctl_btn                              0x20000c6d   Data           1  bsps_touch.o(.bss.ch2_ctl_btn)
    ch2_en                                   0x20000c6e   Data           1  bsps_touch.o(.bss.ch2_en)
    ch2_ratio                                0x20000c6f   Data           1  bsps_touch.o(.bss.ch2_ratio)
    cnt_fail                                 0x20000c70   Data           2  bsps_ad9288.o(.bss.cnt_fail)
    cnt_success                              0x20000c72   Data           2  bsps_ad9288.o(.bss.cnt_success)
    disp_data                                0x20000c78   Data        2800  bsps_ad9288.o(.bss.disp_data)
    disp_x_data                              0x20001768   Data        1400  bsps_thread.o(.bss.disp_x_data)
    dma_flag                                 0x20001ce0   Data           1  bsps_adc.o(.bss.dma_flag)
    dma_trig_ndtr                            0x20001ce2   Data           2  bsps_ad9288.o(.bss.dma_trig_ndtr)
    enc_flag                                 0x20001ce4   Data           1  bsps_encoder.o(.bss.enc_flag)
    flag_isfist                              0x20001ce5   Data           1  bsps_ui.o(.bss.flag_isfist)
    hdac2                                    0x20001d14   Data          20  bsps_periph.o(.bss.hdac2)
    hdma2d                                   0x20001d28   Data         104  bsp_lcd.o(.bss.hdma2d)
    hi2c1                                    0x20001d90   Data          76  bsps_iic.o(.bss.hi2c1)
    hltdc                                    0x20001ddc   Data         168  bsp_lcd.o(.bss.hltdc)
    htim3                                    0x20001fb4   Data          76  bsps_periph.o(.bss.htim3)
    last_x_pos                               0x2000204e   Data           2  bsps_touch.o(.bss.last_x_pos)
    os_trig_start_flag                       0x20002054   Data           1  bsps_ad9288.o(.bss.os_trig_start_flag)
    osc_mode                                 0x2000208c   Data           2  bsps_touch.o(.bss.osc_mode)
    right_btn                                0x20002090   Data         336  bsps_ui.o(.bss.right_btn)
    right_menu                               0x200021e0   Data          56  bsps_ui.o(.bss.right_menu)
    tmp_cnt                                  0x20002238   Data           1  bsps_touch.o(.bss.tmp_cnt)
    touch_flag                               0x20002239   Data           1  bsps_touch.o(.bss.touch_flag)
    trig_bck_btn                             0x2000223c   Data         168  bsps_ui.o(.bss.trig_bck_btn)
    trig_btn                                 0x200022e4   Data          56  bsps_ui.o(.bss.trig_btn)
    trig_ch                                  0x2000231c   Data           1  bsps_touch.o(.bss.trig_ch)
    trig_ctl_btn                             0x2000231d   Data           1  bsps_touch.o(.bss.trig_ctl_btn)
    trig_edge                                0x2000231e   Data           1  bsps_touch.o(.bss.trig_edge)
    trig_lines                               0x20002320   Data         336  bsps_ui.o(.bss.trig_lines)
    trig_lines_hold_time_s                   0x20002470   Data           2  bsps_ui.o(.bss.trig_lines_hold_time_s)
    trig_menu                                0x20002474   Data          56  bsps_ui.o(.bss.trig_menu)
    trig_mode                                0x200024ac   Data           1  bsps_touch.o(.bss.trig_mode)
    trig_sel_btn                             0x200024b0   Data         448  bsps_ui.o(.bss.trig_sel_btn)
    uwTick                                   0x20002670   Data           4  stm32h7xx_hal.o(.bss.uwTick)
    win_main                                 0x20002674   Data          56  bsps_ui.o(.bss.win_main)
    x_s                                      0x200026ac   Data           2  bsps_ui.o(.bss.x_s)
    y_s                                      0x200026ae   Data           2  bsps_ui.o(.bss.y_s)
    __initial_sp                             0x20002eb0   Data           0  startup_stm32h7b0xx.o(STACK)
    gram                                     0x24000000   Data       768000  bsp_lcd.o(.RAM_D1)
    gram2                                    0x240bb800   Data       80000  bsp_lcd.o(.RAM_D1)
    src_fifo0_0                              0x240cf080   Data       126976  bsps_ad9288.o(.RAM_D1)



==============================================================================

Memory Map of the image

  Image Entry point : 0x080002ad

  Load Region LR_IROM1 (Base: 0x08000000, Size: 0x00142af8, Max: 0x00200000, ABSOLUTE, COMPRESSED[0x00055cf8])

    Execution Region ER_IROM1 (Exec base: 0x08000000, Load base: 0x08000000, Size: 0x00053e1c, Max: 0x00200000, ABSOLUTE)

    Exec Addr    Load Addr    Size         Type   Attr      Idx    E Section Name        Object

    0x08000000   0x08000000   0x000002ac   Data   RO          632    RESET               startup_stm32h7b0xx.o
    0x080002ac   0x080002ac   0x00000000   Code   RO         3918  * .ARM.Collect$$$$00000000  mc_w.l(entry.o)
    0x080002ac   0x080002ac   0x00000004   Code   RO         4031    .ARM.Collect$$$$00000001  mc_w.l(entry2.o)
    0x080002b0   0x080002b0   0x00000004   Code   RO         4034    .ARM.Collect$$$$00000004  mc_w.l(entry5.o)
    0x080002b4   0x080002b4   0x00000000   Code   RO         4036    .ARM.Collect$$$$00000008  mc_w.l(entry7b.o)
    0x080002b4   0x080002b4   0x00000000   Code   RO         4038    .ARM.Collect$$$$0000000A  mc_w.l(entry8b.o)
    0x080002b4   0x080002b4   0x00000008   Code   RO         4039    .ARM.Collect$$$$0000000B  mc_w.l(entry9a.o)
    0x080002bc   0x080002bc   0x00000000   Code   RO         4041    .ARM.Collect$$$$0000000D  mc_w.l(entry10a.o)
    0x080002bc   0x080002bc   0x00000000   Code   RO         4043    .ARM.Collect$$$$0000000F  mc_w.l(entry11a.o)
    0x080002bc   0x080002bc   0x00000004   Code   RO         4032    .ARM.Collect$$$$00002712  mc_w.l(entry2.o)
    0x080002c0   0x080002c0   0x00000024   Code   RO          633    .text               startup_stm32h7b0xx.o
    0x080002e4   0x080002e4   0x00000062   Code   RO         3927    .text               mc_w.l(uldiv.o)
    0x08000346   0x08000346   0x00000024   Code   RO         3931    .text               mc_w.l(memcpya.o)
    0x0800036a   0x0800036a   0x00000024   Code   RO         3933    .text               mc_w.l(memseta.o)
    0x0800038e   0x0800038e   0x0000002c   Code   RO         4054    .text               mc_w.l(uidiv.o)
    0x080003ba   0x080003ba   0x0000001e   Code   RO         4056    .text               mc_w.l(llshl.o)
    0x080003d8   0x080003d8   0x00000020   Code   RO         4058    .text               mc_w.l(llushr.o)
    0x080003f8   0x080003f8   0x00000000   Code   RO         4067    .text               mc_w.l(iusefp.o)
    0x080003f8   0x080003f8   0x0000014e   Code   RO         4068    .text               mf_w.l(dadd.o)
    0x08000546   0x08000546   0x000000e4   Code   RO         4070    .text               mf_w.l(dmul.o)
    0x0800062a   0x0800062a   0x000000de   Code   RO         4072    .text               mf_w.l(ddiv.o)
    0x08000708   0x08000708   0x00000030   Code   RO         4074    .text               mf_w.l(dfixul.o)
    0x08000738   0x08000738   0x00000030   Code   RO         4076    .text               mf_w.l(cdrcmple.o)
    0x08000768   0x08000768   0x00000024   Code   RO         4078    .text               mc_w.l(init.o)
    0x0800078c   0x0800078c   0x00000024   Code   RO         4080    .text               mc_w.l(llsshr.o)
    0x080007b0   0x080007b0   0x000000ba   Code   RO         4082    .text               mf_w.l(depilogue.o)
    0x0800086a   0x0800086a   0x00000056   Code   RO         4092    .text               mc_w.l(__dczerorl2.o)
    0x080008c0   0x080008c0   0x00000004   Code   RO           18    .text.BusFault_Handler  stm32h7xx_it.o
    0x080008c4   0x080008c4   0x00000004   PAD
    0x080008c8   0x080008c8   0x000000de   Code   RO          119    .text.CPU_CACHE_Enable  bsp.o
    0x080009a6   0x080009a6   0x00000002   PAD
    0x080009a8   0x080009a8   0x000000ee   Code   RO          153    .text.DMA1_Stream2_IRQHandler  bsps_adc.o
    0x08000a96   0x08000a96   0x00000002   PAD
    0x08000a98   0x08000a98   0x0000008c   Code   RO           69    .text.DMA2D_FillBuffer  bsp_lcd.o
    0x08000b24   0x08000b24   0x00000004   PAD
    0x08000b28   0x08000b28   0x000000f0   Code   RO          474    .text.DMA2_Stream0_IRQHandler  bsps_ad9288.o
    0x08000c18   0x08000c18   0x000001ca   Code   RO          944    .text.DMA_CalcBaseAndBitshift  stm32h7xx_hal_dma.o
    0x08000de2   0x08000de2   0x00000006   PAD
    0x08000de8   0x08000de8   0x00000178   Code   RO          946    .text.DMA_CalcDMAMUXChannelBaseAndMask  stm32h7xx_hal_dma.o
    0x08000f60   0x08000f60   0x0000012a   Code   RO          948    .text.DMA_CalcDMAMUXRequestGenBaseAndMask  stm32h7xx_hal_dma.o
    0x0800108a   0x0800108a   0x00000006   PAD
    0x08001090   0x08001090   0x000000f0   Code   RO          942    .text.DMA_CheckFifoParam  stm32h7xx_hal_dma.o
    0x08001180   0x08001180   0x000005cc   Code   RO          954    .text.DMA_SetConfig  stm32h7xx_hal_dma.o
    0x0800174c   0x0800174c   0x00000004   PAD
    0x08001750   0x08001750   0x00000002   Code   RO           24    .text.DebugMon_Handler  stm32h7xx_it.o
    0x08001752   0x08001752   0x00000006   PAD
    0x08001758   0x08001758   0x0000000a   Code   RO          534    .text.EXTI0_IRQHandler  bsps_encoder.o
    0x08001762   0x08001762   0x00000006   PAD
    0x08001768   0x08001768   0x0000000c   Code   RO          538    .text.EXTI15_10_IRQHandler  bsps_encoder.o
    0x08001774   0x08001774   0x00000004   PAD
    0x08001778   0x08001778   0x0000000a   Code   RO          536    .text.EXTI3_IRQHandler  bsps_encoder.o
    0x08001782   0x08001782   0x00000006   PAD
    0x08001788   0x08001788   0x00000026   Code   RO          123    .text.Error_Handler  bsp.o
    0x080017ae   0x080017ae   0x00000002   PAD
    0x080017b0   0x080017b0   0x0000003c   Code   RO         3796    .text.EventCheckFilter  eventrecorder.o
    0x080017ec   0x080017ec   0x00000004   PAD
    0x080017f0   0x080017f0   0x00000042   Code   RO         3782    .text.EventGetTS    eventrecorder.o
    0x08001832   0x08001832   0x00000006   PAD
    0x08001838   0x08001838   0x0000005a   Code   RO         3800    .text.EventRecord2  eventrecorder.o
    0x08001892   0x08001892   0x00000006   PAD
    0x08001898   0x08001898   0x00000186   Code   RO         3794    .text.EventRecordData  eventrecorder.o
    0x08001a1e   0x08001a1e   0x00000002   PAD
    0x08001a20   0x08001a20   0x000000fe   Code   RO         3784    .text.EventRecordItem  eventrecorder.o
    0x08001b1e   0x08001b1e   0x00000002   PAD
    0x08001b20   0x08001b20   0x00000092   Code   RO         3780    .text.EventRecorderEnable  eventrecorder.o
    0x08001bb2   0x08001bb2   0x00000006   PAD
    0x08001bb8   0x08001bb8   0x000001be   Code   RO         3776    .text.EventRecorderInitialize  eventrecorder.o
    0x08001d76   0x08001d76   0x00000002   PAD
    0x08001d78   0x08001d78   0x0000004a   Code   RO         3786    .text.EventRecorderStart  eventrecorder.o
    0x08001dc2   0x08001dc2   0x00000006   PAD
    0x08001dc8   0x08001dc8   0x0000000c   Code   RO         3774    .text.EventRecorderTimerGetCount  eventrecorder.o
    0x08001dd4   0x08001dd4   0x00000004   PAD
    0x08001dd8   0x08001dd8   0x0000000c   Code   RO         3772    .text.EventRecorderTimerGetFreq  eventrecorder.o
    0x08001de4   0x08001de4   0x00000004   PAD
    0x08001de8   0x08001de8   0x00000024   Code   RO         3770    .text.EventRecorderTimerSetup  eventrecorder.o
    0x08001e0c   0x08001e0c   0x00000004   PAD
    0x08001e10   0x08001e10   0x00000012   Code   RO         3798    .text.GetContext    eventrecorder.o
    0x08001e22   0x08001e22   0x00000006   PAD
    0x08001e28   0x08001e28   0x00000012   Code   RO         3812    .text.GetRecordIndex  eventrecorder.o
    0x08001e3a   0x08001e3a   0x00000006   PAD
    0x08001e40   0x08001e40   0x0000027e   Code   RO         2210    .text.HAL_DAC_ConfigChannel  stm32h7xx_hal_dac.o
    0x080020be   0x080020be   0x00000002   PAD
    0x080020c0   0x080020c0   0x0000004a   Code   RO         2174    .text.HAL_DAC_Init  stm32h7xx_hal_dac.o
    0x0800210a   0x0800210a   0x00000006   PAD
    0x08002110   0x08002110   0x00000008   Code   RO         2176    .text.HAL_DAC_MspInit  stm32h7xx_hal_dac.o
    0x08002118   0x08002118   0x0000003e   Code   RO         2200    .text.HAL_DAC_SetValue  stm32h7xx_hal_dac.o
    0x08002156   0x08002156   0x00000002   PAD
    0x08002158   0x08002158   0x000000b0   Code   RO         2182    .text.HAL_DAC_Start  stm32h7xx_hal_dac.o
    0x08002208   0x08002208   0x000000bc   Code   RO         1221    .text.HAL_DMA2D_Init  stm32h7xx_hal_dma2d.o
    0x080022c4   0x080022c4   0x00000004   PAD
    0x080022c8   0x080022c8   0x00000008   Code   RO         1223    .text.HAL_DMA2D_MspInit  stm32h7xx_hal_dma2d.o
    0x080022d0   0x080022d0   0x00000a1a   Code   RO          940    .text.HAL_DMA_Init  stm32h7xx_hal_dma.o
    0x08002cea   0x08002cea   0x00000006   PAD
    0x08002cf0   0x08002cf0   0x00000702   Code   RO          956    .text.HAL_DMA_Start_IT  stm32h7xx_hal_dma.o
    0x080033f2   0x080033f2   0x00000006   PAD
    0x080033f8   0x080033f8   0x00000042   Code   RO          660    .text.HAL_Delay     stm32h7xx_hal.o
    0x0800343a   0x0800343a   0x00000006   PAD
    0x08003440   0x08003440   0x00000090   Code   RO          532    .text.HAL_GPIO_EXTI_Callback  bsps_encoder.o
    0x080034d0   0x080034d0   0x00000034   Code   RO          929    .text.HAL_GPIO_EXTI_IRQHandler  stm32h7xx_hal_gpio.o
    0x08003504   0x08003504   0x00000004   PAD
    0x08003508   0x08003508   0x000003c4   Code   RO          917    .text.HAL_GPIO_Init  stm32h7xx_hal_gpio.o
    0x080038cc   0x080038cc   0x00000004   PAD
    0x080038d0   0x080038d0   0x0000002e   Code   RO          921    .text.HAL_GPIO_ReadPin  stm32h7xx_hal_gpio.o
    0x080038fe   0x080038fe   0x00000002   PAD
    0x08003900   0x08003900   0x0000002e   Code   RO          923    .text.HAL_GPIO_WritePin  stm32h7xx_hal_gpio.o
    0x0800392e   0x0800392e   0x00000002   PAD
    0x08003930   0x08003930   0x0000000c   Code   RO          652    .text.HAL_GetTick   stm32h7xx_hal.o
    0x0800393c   0x0800393c   0x00000004   PAD
    0x08003940   0x08003940   0x00000098   Code   RO         2155    .text.HAL_I2CEx_ConfigAnalogFilter  stm32h7xx_hal_i2c_ex.o
    0x080039d8   0x080039d8   0x000000a2   Code   RO         2157    .text.HAL_I2CEx_ConfigDigitalFilter  stm32h7xx_hal_i2c_ex.o
    0x08003a7a   0x08003a7a   0x00000006   PAD
    0x08003a80   0x08003a80   0x00000104   Code   RO         1990    .text.HAL_I2C_Init  stm32h7xx_hal_i2c.o
    0x08003b84   0x08003b84   0x00000004   PAD
    0x08003b88   0x08003b88   0x0000028a   Code   RO         2058    .text.HAL_I2C_Mem_Read  stm32h7xx_hal_i2c.o
    0x08003e12   0x08003e12   0x00000006   PAD
    0x08003e18   0x08003e18   0x00000274   Code   RO         2054    .text.HAL_I2C_Mem_Write  stm32h7xx_hal_i2c.o
    0x0800408c   0x0800408c   0x00000004   PAD
    0x08004090   0x08004090   0x00000112   Code   RO          301    .text.HAL_I2C_MspInit  bsps_iic.o
    0x080041a2   0x080041a2   0x00000006   PAD
    0x080041a8   0x080041a8   0x0000001a   Code   RO          650    .text.HAL_IncTick   stm32h7xx_hal.o
    0x080041c2   0x080041c2   0x00000006   PAD
    0x080041c8   0x080041c8   0x0000007a   Code   RO          640    .text.HAL_Init      stm32h7xx_hal.o
    0x08004242   0x08004242   0x00000006   PAD
    0x08004248   0x08004248   0x00000086   Code   RO          642    .text.HAL_InitTick  stm32h7xx_hal.o
    0x080042ce   0x080042ce   0x00000002   PAD
    0x080042d0   0x080042d0   0x000000bc   Code   RO         1308    .text.HAL_LTDC_ConfigLayer  stm32h7xx_hal_ltdc.o
    0x0800438c   0x0800438c   0x00000004   PAD
    0x08004390   0x08004390   0x00000008   Code   RO         1302    .text.HAL_LTDC_ErrorCallback  stm32h7xx_hal_ltdc.o
    0x08004398   0x08004398   0x0000014e   Code   RO         1300    .text.HAL_LTDC_IRQHandler  stm32h7xx_hal_ltdc.o
    0x080044e6   0x080044e6   0x00000002   PAD
    0x080044e8   0x080044e8   0x0000015a   Code   RO         1292    .text.HAL_LTDC_Init  stm32h7xx_hal_ltdc.o
    0x08004642   0x08004642   0x00000006   PAD
    0x08004648   0x08004648   0x00000008   Code   RO         1304    .text.HAL_LTDC_LineEventCallback  stm32h7xx_hal_ltdc.o
    0x08004650   0x08004650   0x00000262   Code   RO           97    .text.HAL_LTDC_MspInit  bsp_lcd.o
    0x080048b2   0x080048b2   0x00000006   PAD
    0x080048b8   0x080048b8   0x00000008   Code   RO         1306    .text.HAL_LTDC_ReloadEventCallback  stm32h7xx_hal_ltdc.o
    0x080048c0   0x080048c0   0x0000007c   Code   RO         1334    .text.HAL_LTDC_SetAlpha  stm32h7xx_hal_ltdc.o
    0x0800493c   0x0800493c   0x00000004   PAD
    0x08004940   0x08004940   0x00000098   Code   RO         1330    .text.HAL_LTDC_SetWindowPosition  stm32h7xx_hal_ltdc.o
    0x080049d8   0x080049d8   0x00000098   Code   RO         1328    .text.HAL_LTDC_SetWindowSize  stm32h7xx_hal_ltdc.o
    0x08004a70   0x08004a70   0x0000009e   Code   RO          780    .text.HAL_MPU_ConfigRegion  stm32h7xx_hal_cortex.o
    0x08004b0e   0x08004b0e   0x00000002   PAD
    0x08004b10   0x08004b10   0x00000022   Code   RO          776    .text.HAL_MPU_Disable  stm32h7xx_hal_cortex.o
    0x08004b32   0x08004b32   0x00000006   PAD
    0x08004b38   0x08004b38   0x00000030   Code   RO          778    .text.HAL_MPU_Enable  stm32h7xx_hal_cortex.o
    0x08004b68   0x08004b68   0x00000002   Code   RO          644    .text.HAL_MspInit   stm32h7xx_hal.o
    0x08004b6a   0x08004b6a   0x00000006   PAD
    0x08004b70   0x08004b70   0x00000014   Code   RO          764    .text.HAL_NVIC_DisableIRQ  stm32h7xx_hal_cortex.o
    0x08004b84   0x08004b84   0x00000004   PAD
    0x08004b88   0x08004b88   0x00000014   Code   RO          760    .text.HAL_NVIC_EnableIRQ  stm32h7xx_hal_cortex.o
    0x08004b9c   0x08004b9c   0x00000004   PAD
    0x08004ba0   0x08004ba0   0x0000002e   Code   RO          752    .text.HAL_NVIC_SetPriority  stm32h7xx_hal_cortex.o
    0x08004bce   0x08004bce   0x00000002   PAD
    0x08004bd0   0x08004bd0   0x00000010   Code   RO          748    .text.HAL_NVIC_SetPriorityGrouping  stm32h7xx_hal_cortex.o
    0x08004be0   0x08004be0   0x000000a2   Code   RO         1097    .text.HAL_PWREx_ConfigSupply  stm32h7xx_hal_pwr_ex.o
    0x08004c82   0x08004c82   0x00000006   PAD
    0x08004c88   0x08004c88   0x00000ef8   Code   RO          856    .text.HAL_RCCEx_PeriphCLKConfig  stm32h7xx_hal_rcc_ex.o
    0x08005b80   0x08005b80   0x00000498   Code   RO          825    .text.HAL_RCC_ClockConfig  stm32h7xx_hal_rcc.o
    0x08006018   0x08006018   0x00000310   Code   RO          827    .text.HAL_RCC_GetSysClockFreq  stm32h7xx_hal_rcc.o
    0x08006328   0x08006328   0x00000a3c   Code   RO          823    .text.HAL_RCC_OscConfig  stm32h7xx_hal_rcc.o
    0x08006d64   0x08006d64   0x00000004   PAD
    0x08006d68   0x08006d68   0x00000010   Code   RO          772    .text.HAL_SYSTICK_Config  stm32h7xx_hal_cortex.o
    0x08006d78   0x08006d78   0x00000008   Code   RO         1719    .text.HAL_TIMEx_Break2Callback  stm32h7xx_hal_tim_ex.o
    0x08006d80   0x08006d80   0x00000008   Code   RO         1717    .text.HAL_TIMEx_BreakCallback  stm32h7xx_hal_tim_ex.o
    0x08006d88   0x08006d88   0x00000008   Code   RO         1713    .text.HAL_TIMEx_CommutCallback  stm32h7xx_hal_tim_ex.o
    0x08006d90   0x08006d90   0x00000158   Code   RO         1697    .text.HAL_TIMEx_MasterConfigSynchronization  stm32h7xx_hal_tim_ex.o
    0x08006ee8   0x08006ee8   0x000000a8   Code   RO         1380    .text.HAL_TIM_Base_Init  stm32h7xx_hal_tim.o
    0x08006f90   0x08006f90   0x0000017c   Code   RO         3619    .text.HAL_TIM_Base_MspInit  os.o
    0x0800710c   0x0800710c   0x00000004   PAD
    0x08007110   0x08007110   0x00000104   Code   RO         1394    .text.HAL_TIM_Base_Start_IT  stm32h7xx_hal_tim.o
    0x08007214   0x08007214   0x00000004   PAD
    0x08007218   0x08007218   0x00000008   Code   RO         1516    .text.HAL_TIM_IC_CaptureCallback  stm32h7xx_hal_tim.o
    0x08007220   0x08007220   0x000002b4   Code   RO         1514    .text.HAL_TIM_IRQHandler  stm32h7xx_hal_tim.o
    0x080074d4   0x080074d4   0x00000004   PAD
    0x080074d8   0x080074d8   0x00000008   Code   RO         1518    .text.HAL_TIM_OC_DelayElapsedCallback  stm32h7xx_hal_tim.o
    0x080074e0   0x080074e0   0x000001b0   Code   RO         1550    .text.HAL_TIM_PWM_ConfigChannel  stm32h7xx_hal_tim.o
    0x08007690   0x08007690   0x000000a8   Code   RO         1434    .text.HAL_TIM_PWM_Init  stm32h7xx_hal_tim.o
    0x08007738   0x08007738   0x00000008   Code   RO         1436    .text.HAL_TIM_PWM_MspInit  stm32h7xx_hal_tim.o
    0x08007740   0x08007740   0x00000008   Code   RO         1520    .text.HAL_TIM_PWM_PulseFinishedCallback  stm32h7xx_hal_tim.o
    0x08007748   0x08007748   0x0000027e   Code   RO         1442    .text.HAL_TIM_PWM_Start  stm32h7xx_hal_tim.o
    0x080079c6   0x080079c6   0x00000002   PAD
    0x080079c8   0x080079c8   0x00000008   Code   RO         1522    .text.HAL_TIM_PeriodElapsedCallback  stm32h7xx_hal_tim.o
    0x080079d0   0x080079d0   0x00000008   Code   RO         1524    .text.HAL_TIM_TriggerCallback  stm32h7xx_hal_tim.o
    0x080079d8   0x080079d8   0x00000004   Code   RO           14    .text.HardFault_Handler  stm32h7xx_it.o
    0x080079dc   0x080079dc   0x00000004   PAD
    0x080079e0   0x080079e0   0x00000040   Code   RO         2014    .text.I2C_Flush_TXDR  stm32h7xx_hal_i2c.o
    0x08007a20   0x08007a20   0x0000021c   Code   RO         2146    .text.I2C_IsErrorOccurred  stm32h7xx_hal_i2c.o
    0x08007c3c   0x08007c3c   0x00000004   PAD
    0x08007c40   0x08007c40   0x000000be   Code   RO         2060    .text.I2C_RequestMemoryRead  stm32h7xx_hal_i2c.o
    0x08007cfe   0x08007cfe   0x00000002   PAD
    0x08007d00   0x08007d00   0x000000c0   Code   RO         2056    .text.I2C_RequestMemoryWrite  stm32h7xx_hal_i2c.o
    0x08007dc0   0x08007dc0   0x00000054   Code   RO         2002    .text.I2C_TransferConfig  stm32h7xx_hal_i2c.o
    0x08007e14   0x08007e14   0x00000004   PAD
    0x08007e18   0x08007e18   0x00000090   Code   RO         2000    .text.I2C_WaitOnFlagUntilTimeout  stm32h7xx_hal_i2c.o
    0x08007ea8   0x08007ea8   0x0000008c   Code   RO         2006    .text.I2C_WaitOnSTOPFlagUntilTimeout  stm32h7xx_hal_i2c.o
    0x08007f34   0x08007f34   0x00000004   PAD
    0x08007f38   0x08007f38   0x00000096   Code   RO         2004    .text.I2C_WaitOnTXISFlagUntilTimeout  stm32h7xx_hal_i2c.o
    0x08007fce   0x08007fce   0x00000002   PAD
    0x08007fd0   0x08007fd0   0x00000012   Code   RO         3806    .text.IncrementOverflowTS  eventrecorder.o
    0x08007fe2   0x08007fe2   0x00000006   PAD
    0x08007fe8   0x08007fe8   0x00000012   Code   RO         3820    .text.IncrementRecordsDumped  eventrecorder.o
    0x08007ffa   0x08007ffa   0x00000006   PAD
    0x08008000   0x08008000   0x00000012   Code   RO         3818    .text.IncrementRecordsWritten  eventrecorder.o
    0x08008012   0x08008012   0x00000006   PAD
    0x08008018   0x08008018   0x0000003c   Code   RO           91    .text.LCD_DispStr   bsp_lcd.o
    0x08008054   0x08008054   0x00000004   PAD
    0x08008058   0x08008058   0x000003b6   Code   RO           85    .text.LCD_DispStrEx  bsp_lcd.o
    0x0800840e   0x0800840e   0x00000002   PAD
    0x08008410   0x08008410   0x0000004c   Code   RO           79    .text.LCD_GetFontHeight  bsp_lcd.o
    0x0800845c   0x0800845c   0x00000004   PAD
    0x08008460   0x08008460   0x0000004c   Code   RO           81    .text.LCD_GetFontWidth  bsp_lcd.o
    0x080084ac   0x080084ac   0x00000004   PAD
    0x080084b0   0x080084b0   0x000000ba   Code   RO           83    .text.LCD_GetStrWidth  bsp_lcd.o
    0x0800856a   0x0800856a   0x00000006   PAD
    0x08008570   0x08008570   0x00000010   Code   RO          101    .text.LTDC_IRQHandler  bsp_lcd.o
    0x08008580   0x08008580   0x00000270   Code   RO         1310    .text.LTDC_SetConfig  stm32h7xx_hal_ltdc.o
    0x080087f0   0x080087f0   0x00000036   Code   RO         3814    .text.LockRecord    eventrecorder.o
    0x08008826   0x08008826   0x00000002   PAD
    0x08008828   0x08008828   0x0000004e   Code   RO          117    .text.MPU_Config    bsp.o
    0x08008876   0x08008876   0x00000002   PAD
    0x08008878   0x08008878   0x0000006c   Code   RO          478    .text.MX_DMA_NVIC_Init  bsps_ad9288.o
    0x080088e4   0x080088e4   0x00000004   PAD
    0x080088e8   0x080088e8   0x00000004   Code   RO           16    .text.MemManage_Handler  stm32h7xx_it.o
    0x080088ec   0x080088ec   0x00000004   PAD
    0x080088f0   0x080088f0   0x00000002   Code   RO           12    .text.NMI_Handler   stm32h7xx_it.o
    0x080088f2   0x080088f2   0x00000006   PAD
    0x080088f8   0x080088f8   0x0000006c   Code   RO          758    .text.NVIC_EncodePriority  stm32h7xx_hal_cortex.o
    0x08008964   0x08008964   0x00000004   PAD
    0x08008968   0x08008968   0x0000000c   Code   RO          456    .text.OSC_DMA_CHECK_TC  bsps_ad9288.o
    0x08008974   0x08008974   0x00000004   PAD
    0x08008978   0x08008978   0x0000000e   Code   RO          454    .text.OSC_DMA_CLEAR_TC  bsps_ad9288.o
    0x08008986   0x08008986   0x00000002   PAD
    0x08008988   0x08008988   0x0000000e   Code   RO          452    .text.OSC_DMA_SET_TC  bsps_ad9288.o
    0x08008996   0x08008996   0x00000002   PAD
    0x08008998   0x08008998   0x00000002   Code   RO           26    .text.PendSV_Handler  stm32h7xx_it.o
    0x0800899a   0x0800899a   0x00000006   PAD
    0x080089a0   0x080089a0   0x000001ca   Code   RO          858    .text.RCCEx_PLL2_Config  stm32h7xx_hal_rcc_ex.o
    0x08008b6a   0x08008b6a   0x00000006   PAD
    0x08008b70   0x08008b70   0x000001ca   Code   RO          860    .text.RCCEx_PLL3_Config  stm32h7xx_hal_rcc_ex.o
    0x08008d3a   0x08008d3a   0x00000006   PAD
    0x08008d40   0x08008d40   0x00000002   Code   RO           22    .text.SVC_Handler   stm32h7xx_it.o
    0x08008d42   0x08008d42   0x00000006   PAD
    0x08008d48   0x08008d48   0x00000052   Code   RO          774    .text.SysTick_Config  stm32h7xx_hal_cortex.o
    0x08008d9a   0x08008d9a   0x00000006   PAD
    0x08008da0   0x08008da0   0x00000008   Code   RO           28    .text.SysTick_Handler  stm32h7xx_it.o
    0x08008da8   0x08008da8   0x000000fe   Code   RO          121    .text.SystemClock_Config  bsp.o
    0x08008ea6   0x08008ea6   0x00000002   PAD
    0x08008ea8   0x08008ea8   0x0000013a   Code   RO         2266    .text.SystemInit    system_stm32h7xx.o
    0x08008fe2   0x08008fe2   0x00000006   PAD
    0x08008fe8   0x08008fe8   0x00000014   Code   RO         3633    .text.TIM16_IRQHandler  os.o
    0x08008ffc   0x08008ffc   0x00000004   PAD
    0x08009000   0x08009000   0x00000014   Code   RO         3637    .text.TIM17_IRQHandler  os.o
    0x08009014   0x08009014   0x00000004   PAD
    0x08009018   0x08009018   0x00000014   Code   RO         3621    .text.TIM7_IRQHandler  os.o
    0x0800902c   0x0800902c   0x00000004   PAD
    0x08009030   0x08009030   0x00000014   Code   RO         3629    .text.TIM8_TRG_COM_TIM14_IRQHandler  os.o
    0x08009044   0x08009044   0x00000004   PAD
    0x08009048   0x08009048   0x00000014   Code   RO         3625    .text.TIM8_UP_TIM13_IRQHandler  os.o
    0x0800905c   0x0800905c   0x00000004   PAD
    0x08009060   0x08009060   0x0000019a   Code   RO         1384    .text.TIM_Base_SetConfig  stm32h7xx_hal_tim.o
    0x080091fa   0x080091fa   0x00000006   PAD
    0x08009200   0x08009200   0x00000036   Code   RO         1418    .text.TIM_CCxChannelCmd  stm32h7xx_hal_tim.o
    0x08009236   0x08009236   0x00000002   PAD
    0x08009238   0x08009238   0x00000150   Code   RO         1528    .text.TIM_OC1_SetConfig  stm32h7xx_hal_tim.o
    0x08009388   0x08009388   0x0000016c   Code   RO         1530    .text.TIM_OC2_SetConfig  stm32h7xx_hal_tim.o
    0x080094f4   0x080094f4   0x00000004   PAD
    0x080094f8   0x080094f8   0x0000016a   Code   RO         1532    .text.TIM_OC3_SetConfig  stm32h7xx_hal_tim.o
    0x08009662   0x08009662   0x00000006   PAD
    0x08009668   0x08009668   0x000000da   Code   RO         1534    .text.TIM_OC4_SetConfig  stm32h7xx_hal_tim.o
    0x08009742   0x08009742   0x00000006   PAD
    0x08009748   0x08009748   0x000000d0   Code   RO         1536    .text.TIM_OC5_SetConfig  stm32h7xx_hal_tim.o
    0x08009818   0x08009818   0x000000d2   Code   RO         1538    .text.TIM_OC6_SetConfig  stm32h7xx_hal_tim.o
    0x080098ea   0x080098ea   0x00000006   PAD
    0x080098f0   0x080098f0   0x00000032   Code   RO         3816    .text.UnlockRecord  eventrecorder.o
    0x08009922   0x08009922   0x00000006   PAD
    0x08009928   0x08009928   0x0000001a   Code   RO         3804    .text.UpdateTS      eventrecorder.o
    0x08009942   0x08009942   0x00000006   PAD
    0x08009948   0x08009948   0x00000004   Code   RO           20    .text.UsageFault_Handler  stm32h7xx_it.o
    0x0800994c   0x0800994c   0x00000004   PAD
    0x08009950   0x08009950   0x0000012e   Code   RO           87    .text._LCD_ReadAsciiDot  bsp_lcd.o
    0x08009a7e   0x08009a7e   0x00000002   PAD
    0x08009a80   0x08009a80   0x00000108   Code   RO           89    .text._LCD_ReadHZDot  bsp_lcd.o
    0x08009b88   0x08009b88   0x00000038   Code   RO          766    .text.__NVIC_DisableIRQ  stm32h7xx_hal_cortex.o
    0x08009bc0   0x08009bc0   0x00000030   Code   RO          762    .text.__NVIC_EnableIRQ  stm32h7xx_hal_cortex.o
    0x08009bf0   0x08009bf0   0x00000010   Code   RO          754    .text.__NVIC_GetPriorityGrouping  stm32h7xx_hal_cortex.o
    0x08009c00   0x08009c00   0x00000042   Code   RO          756    .text.__NVIC_SetPriority  stm32h7xx_hal_cortex.o
    0x08009c42   0x08009c42   0x00000006   PAD
    0x08009c48   0x08009c48   0x0000003c   Code   RO          750    .text.__NVIC_SetPriorityGrouping  stm32h7xx_hal_cortex.o
    0x08009c84   0x08009c84   0x00000004   PAD
    0x08009c88   0x08009c88   0x00000020   Code   RO         3810    .text.atomic_inc32  eventrecorder.o
    0x08009ca8   0x08009ca8   0x00000024   Code   RO         3822    .text.atomic_inc8   eventrecorder.o
    0x08009ccc   0x08009ccc   0x00000004   PAD
    0x08009cd0   0x08009cd0   0x00000020   Code   RO         3808    .text.atomic_xch32  eventrecorder.o
    0x08009cf0   0x08009cf0   0x00000024   Code   RO          115    .text.bsp_Init      bsp.o
    0x08009d14   0x08009d14   0x00000004   PAD
    0x08009d18   0x08009d18   0x00000018   Code   RO           39    .text.bsp_lcd_bcl_on  bsp_lcd.o
    0x08009d30   0x08009d30   0x00000060   Code   RO           99    .text.bsp_lcd_dma2d_init  bsp_lcd.o
    0x08009d90   0x08009d90   0x000001a8   Code   RO           71    .text.bsp_lcd_draw_line  bsp_lcd.o
    0x08009f38   0x08009f38   0x00000054   Code   RO           61    .text.bsp_lcd_draw_line_h  bsp_lcd.o
    0x08009f8c   0x08009f8c   0x00000004   PAD
    0x08009f90   0x08009f90   0x00000054   Code   RO           63    .text.bsp_lcd_draw_line_v  bsp_lcd.o
    0x08009fe4   0x08009fe4   0x00000004   PAD
    0x08009fe8   0x08009fe8   0x000000c0   Code   RO           73    .text.bsp_lcd_draw_lines  bsp_lcd.o
    0x0800a0a8   0x0800a0a8   0x00000084   Code   RO           65    .text.bsp_lcd_draw_rect  bsp_lcd.o
    0x0800a12c   0x0800a12c   0x00000004   PAD
    0x0800a130   0x0800a130   0x0000007c   Code   RO           77    .text.bsp_lcd_draw_tri  bsp_lcd.o
    0x0800a1ac   0x0800a1ac   0x00000004   PAD
    0x0800a1b0   0x0800a1b0   0x00000088   Code   RO           67    .text.bsp_lcd_fill_rect  bsp_lcd.o
    0x0800a238   0x0800a238   0x0000002e   Code   RO           45    .text.bsp_lcd_get_pixel  bsp_lcd.o
    0x0800a266   0x0800a266   0x00000002   PAD
    0x0800a268   0x0800a268   0x00000186   Code   RO           37    .text.bsp_lcd_init  bsp_lcd.o
    0x0800a3ee   0x0800a3ee   0x00000002   PAD
    0x0800a3f0   0x0800a3f0   0x00000036   Code   RO           43    .text.bsp_lcd_set_pixel  bsp_lcd.o
    0x0800a426   0x0800a426   0x00000002   PAD
    0x0800a428   0x0800a428   0x00000046   Code   RO           47    .text.bsp_lcd_set_pixel_l2  bsp_lcd.o
    0x0800a46e   0x0800a46e   0x00000002   PAD
    0x0800a470   0x0800a470   0x00000016   Code   RO          323    .text.bsps_bsps_hard_reset  bsps_touch.o
    0x0800a486   0x0800a486   0x00000002   PAD
    0x0800a488   0x0800a488   0x00000016   Code   RO          325    .text.bsps_bsps_hard_reset_stop  bsps_touch.o
    0x0800a49e   0x0800a49e   0x00000002   PAD
    0x0800a4a0   0x0800a4a0   0x000000de   Code   RO          530    .text.bsps_enc_callback  bsps_encoder.o
    0x0800a57e   0x0800a57e   0x00000002   PAD
    0x0800a580   0x0800a580   0x000001a6   Code   RO          528    .text.bsps_enc_gpio_init  bsps_encoder.o
    0x0800a726   0x0800a726   0x00000002   PAD
    0x0800a728   0x0800a728   0x0000000a   Code   RO          514    .text.bsps_get_run_msg  bsps_thread.o
    0x0800a732   0x0800a732   0x00000006   PAD
    0x0800a738   0x0800a738   0x00000024   Code   RO          311    .text.bsps_gt911_init  bsps_touch.o
    0x0800a75c   0x0800a75c   0x00000004   PAD
    0x0800a760   0x0800a760   0x0000003a   Code   RO          317    .text.bsps_gt911_r_reg  bsps_touch.o
    0x0800a79a   0x0800a79a   0x00000006   PAD
    0x0800a7a0   0x0800a7a0   0x000001d0   Code   RO          313    .text.bsps_gt911_scanf  bsps_touch.o
    0x0800a970   0x0800a970   0x0000003a   Code   RO          315    .text.bsps_gt911_w_reg  bsps_touch.o
    0x0800a9aa   0x0800a9aa   0x00000006   PAD
    0x0800a9b0   0x0800a9b0   0x0000006a   Code   RO          299    .text.bsps_iic_init  bsps_iic.o
    0x0800aa1a   0x0800aa1a   0x00000006   PAD
    0x0800aa20   0x0800aa20   0x00000014   Code   RO          570    .text.bsps_sa_adc_mode_ch1_ch2_align  bsps_periph.o
    0x0800aa34   0x0800aa34   0x00000004   PAD
    0x0800aa38   0x0800aa38   0x00000146   Code   RO          558    .text.bsps_sa_att_sel_ch1  bsps_periph.o
    0x0800ab7e   0x0800ab7e   0x00000002   PAD
    0x0800ab80   0x0800ab80   0x00000152   Code   RO          560    .text.bsps_sa_att_sel_ch2  bsps_periph.o
    0x0800acd2   0x0800acd2   0x00000006   PAD
    0x0800acd8   0x0800acd8   0x000000ac   Code   RO          476    .text.bsps_sa_dma_init  bsps_ad9288.o
    0x0800ad84   0x0800ad84   0x00000004   PAD
    0x0800ad88   0x0800ad88   0x0000003c   Code   RO          472    .text.bsps_sa_exti_callbcak_trig  bsps_ad9288.o
    0x0800adc4   0x0800adc4   0x00000004   PAD
    0x0800adc8   0x0800adc8   0x00000196   Code   RO          448    .text.bsps_sa_init  bsps_ad9288.o
    0x0800af5e   0x0800af5e   0x00000002   PAD
    0x0800af60   0x0800af60   0x00000016   Code   RO          564    .text.bsps_sa_oh_ac_ch1  bsps_periph.o
    0x0800af76   0x0800af76   0x00000002   PAD
    0x0800af78   0x0800af78   0x00000016   Code   RO          566    .text.bsps_sa_oh_ac_ch2  bsps_periph.o
    0x0800af8e   0x0800af8e   0x00000002   PAD
    0x0800af90   0x0800af90   0x00000016   Code   RO          586    .text.bsps_sa_oh_dc_ch2  bsps_periph.o
    0x0800afa6   0x0800afa6   0x00000002   PAD
    0x0800afa8   0x0800afa8   0x00000358   Code   RO          552    .text.bsps_sa_periph_init  bsps_periph.o
    0x0800b300   0x0800b300   0x00000016   Code   RO          554    .text.bsps_sa_rly_att_ch1  bsps_periph.o
    0x0800b316   0x0800b316   0x00000002   PAD
    0x0800b318   0x0800b318   0x00000016   Code   RO          556    .text.bsps_sa_rly_att_ch2  bsps_periph.o
    0x0800b32e   0x0800b32e   0x00000002   PAD
    0x0800b330   0x0800b330   0x00000020   Code   RO          582    .text.bsps_sa_rly_att_sel_ch2  bsps_periph.o
    0x0800b350   0x0800b350   0x00000012   Code   RO          464    .text.bsps_sa_set_psc  bsps_ad9288.o
    0x0800b362   0x0800b362   0x00000006   PAD
    0x0800b368   0x0800b368   0x00000018   Code   RO          572    .text.bsps_sa_set_pwm_pulse_ch1  bsps_periph.o
    0x0800b380   0x0800b380   0x00000018   Code   RO          574    .text.bsps_sa_set_pwm_pulse_ch2  bsps_periph.o
    0x0800b398   0x0800b398   0x00000048   Code   RO          568    .text.bsps_sa_set_trig_vol  bsps_periph.o
    0x0800b3e0   0x0800b3e0   0x00000026   Code   RO          562    .text.bsps_sa_sw_only_ch2  bsps_periph.o
    0x0800b406   0x0800b406   0x00000002   PAD
    0x0800b408   0x0800b408   0x0000007e   Code   RO          468    .text.bsps_sa_trig_edge_set  bsps_ad9288.o
    0x0800b486   0x0800b486   0x00000002   PAD
    0x0800b488   0x0800b488   0x00000024   Code   RO          466    .text.bsps_sa_trig_exti_set  bsps_ad9288.o
    0x0800b4ac   0x0800b4ac   0x00000004   PAD
    0x0800b4b0   0x0800b4b0   0x0000021c   Code   RO          470    .text.bsps_sa_trig_read  bsps_ad9288.o
    0x0800b6cc   0x0800b6cc   0x00000004   PAD
    0x0800b6d0   0x0800b6d0   0x00000056   Code   RO          510    .text.bsps_thread   bsps_thread.o
    0x0800b726   0x0800b726   0x00000002   PAD
    0x0800b728   0x0800b728   0x0000004a   Code   RO          508    .text.bsps_thread_init  bsps_thread.o
    0x0800b772   0x0800b772   0x00000006   PAD
    0x0800b778   0x0800b778   0x00000034   Code   RO          604    .text.bsps_time_dec  bsps_periph.o
    0x0800b7ac   0x0800b7ac   0x00000004   PAD
    0x0800b7b0   0x0800b7b0   0x00000034   Code   RO          602    .text.bsps_time_inc  bsps_periph.o
    0x0800b7e4   0x0800b7e4   0x00000004   PAD
    0x0800b7e8   0x0800b7e8   0x00000170   Code   RO          600    .text.bsps_time_psc_set  bsps_periph.o
    0x0800b958   0x0800b958   0x000000fe   Code   RO          373    .text.bsps_touch_area_task  bsps_touch.o
    0x0800ba56   0x0800ba56   0x00000002   PAD
    0x0800ba58   0x0800ba58   0x00000030   Code   RO          367    .text.bsps_touch_ch12_exit_menu_task  bsps_touch.o
    0x0800ba88   0x0800ba88   0x0000005c   Code   RO          353    .text.bsps_touch_ch1_coup_task  bsps_touch.o
    0x0800bae4   0x0800bae4   0x00000004   PAD
    0x0800bae8   0x0800bae8   0x0000002c   Code   RO          343    .text.bsps_touch_ch1_ctl_task  bsps_touch.o
    0x0800bb14   0x0800bb14   0x00000004   PAD
    0x0800bb18   0x0800bb18   0x0000002c   Code   RO          349    .text.bsps_touch_ch1_en_task  bsps_touch.o
    0x0800bb44   0x0800bb44   0x00000004   PAD
    0x0800bb48   0x0800bb48   0x00000128   Code   RO          351    .text.bsps_touch_ch1_ratio_task  bsps_touch.o
    0x0800bc70   0x0800bc70   0x0000003c   Code   RO          359    .text.bsps_touch_ch2_coup_task  bsps_touch.o
    0x0800bcac   0x0800bcac   0x00000004   PAD
    0x0800bcb0   0x0800bcb0   0x0000002c   Code   RO          345    .text.bsps_touch_ch2_ctl_task  bsps_touch.o
    0x0800bcdc   0x0800bcdc   0x00000004   PAD
    0x0800bce0   0x0800bce0   0x0000002c   Code   RO          355    .text.bsps_touch_ch2_en_task  bsps_touch.o
    0x0800bd0c   0x0800bd0c   0x00000004   PAD
    0x0800bd10   0x0800bd10   0x00000042   Code   RO          357    .text.bsps_touch_ch2_ratio_task  bsps_touch.o
    0x0800bd52   0x0800bd52   0x00000006   PAD
    0x0800bd58   0x0800bd58   0x00000028   Code   RO          341    .text.bsps_touch_menu_enter  bsps_touch.o
    0x0800bd80   0x0800bd80   0x00000c74   Code   RO          371    .text.bsps_touch_task  bsps_touch.o
    0x0800c9f4   0x0800c9f4   0x00000004   PAD
    0x0800c9f8   0x0800c9f8   0x00000038   Code   RO          365    .text.bsps_touch_trig_ch_task  bsps_touch.o
    0x0800ca30   0x0800ca30   0x0000002c   Code   RO          347    .text.bsps_touch_trig_ctl_task  bsps_touch.o
    0x0800ca5c   0x0800ca5c   0x00000004   PAD
    0x0800ca60   0x0800ca60   0x000000a0   Code   RO          363    .text.bsps_touch_trig_edge_task  bsps_touch.o
    0x0800cb00   0x0800cb00   0x0000008a   Code   RO          361    .text.bsps_touch_trig_mode_task  bsps_touch.o
    0x0800cb8a   0x0800cb8a   0x00000006   PAD
    0x0800cb90   0x0800cb90   0x00000160   Code   RO          329    .text.bsps_touch_trig_task  bsps_touch.o
    0x0800ccf0   0x0800ccf0   0x0000003c   Code   RO          612    .text.bsps_trig_lev_set  bsps_periph.o
    0x0800cd2c   0x0800cd2c   0x00000004   PAD
    0x0800cd30   0x0800cd30   0x00000148   Code   RO          194    .text.bsps_ui_ch12_acdc_draw  bsps_ui.o
    0x0800ce78   0x0800ce78   0x00000148   Code   RO          196    .text.bsps_ui_ch12_ratio_draw  bsps_ui.o
    0x0800cfc0   0x0800cfc0   0x000000a2   Code   RO          204    .text.bsps_ui_ch12_vol_gain_draw  bsps_ui.o
    0x0800d062   0x0800d062   0x00000006   PAD
    0x0800d068   0x0800d068   0x000000ca   Code   RO          184    .text.bsps_ui_is_trig  bsps_ui.o
    0x0800d132   0x0800d132   0x00000006   PAD
    0x0800d138   0x0800d138   0x000001fa   Code   RO          188    .text.bsps_ui_main_win_draw  bsps_ui.o
    0x0800d332   0x0800d332   0x00000006   PAD
    0x0800d338   0x0800d338   0x0000009e   Code   RO          198    .text.bsps_ui_timebase_draw  bsps_ui.o
    0x0800d3d6   0x0800d3d6   0x00000002   PAD
    0x0800d3d8   0x0800d3d8   0x000000f6   Code   RO          208    .text.bsps_ui_trig_ch_draw  bsps_ui.o
    0x0800d4ce   0x0800d4ce   0x00000002   PAD
    0x0800d4d0   0x0800d4d0   0x00000162   Code   RO          210    .text.bsps_ui_trig_edge_draw  bsps_ui.o
    0x0800d632   0x0800d632   0x00000006   PAD
    0x0800d638   0x0800d638   0x00000046   Code   RO          190    .text.bsps_ui_trig_icon_draw  bsps_ui.o
    0x0800d67e   0x0800d67e   0x00000002   PAD
    0x0800d680   0x0800d680   0x00000080   Code   RO          192    .text.bsps_ui_trig_line_draw  bsps_ui.o
    0x0800d700   0x0800d700   0x00000104   Code   RO          206    .text.bsps_ui_trig_mode_draw  bsps_ui.o
    0x0800d804   0x0800d804   0x00000004   PAD
    0x0800d808   0x0800d808   0x000000ac   Code   RO          202    .text.bsps_ui_trig_vol_draw  bsps_ui.o
    0x0800d8b4   0x0800d8b4   0x00000004   PAD
    0x0800d8b8   0x0800d8b8   0x000000e8   Code   RO          182    .text.bsps_ui_wave_init  bsps_ui.o
    0x0800d9a0   0x0800d9a0   0x00000034   Code   RO          610    .text.bsps_vol_scale_dec_ch2  bsps_periph.o
    0x0800d9d4   0x0800d9d4   0x00000004   PAD
    0x0800d9d8   0x0800d9d8   0x00000034   Code   RO          608    .text.bsps_vol_scale_inc_ch2  bsps_periph.o
    0x0800da0c   0x0800da0c   0x00000004   PAD
    0x0800da10   0x0800da10   0x0000007e   Code   RO          606    .text.bsps_vol_scale_set_ch2  bsps_periph.o
    0x0800da8e   0x0800da8e   0x00000002   PAD
    0x0800da90   0x0800da90   0x0000003c   Code   RO          512    .text.bsps_xdata_init  bsps_thread.o
    0x0800dacc   0x0800dacc   0x00000004   PAD
    0x0800dad0   0x0800dad0   0x00000082   Code   RO         3778    .text.crc16_ccitt   eventrecorder.o
    0x0800db52   0x0800db52   0x00000006   PAD
    0x0800db58   0x0800db58   0x00000030   Code   RO         3833    .text.fputc         retarget_io.o
    0x0800db88   0x0800db88   0x00000020   Code   RO         3702    .text.get_gui_dev   gui_dev.o
    0x0800dba8   0x0800dba8   0x0000002c   Code   RO         3672    .text.gui_clear_widget  gui.o
    0x0800dbd4   0x0800dbd4   0x00000004   PAD
    0x0800dbd8   0x0800dbd8   0x00000010   Code   RO         3686    .text.gui_create_event  gui.o
    0x0800dbe8   0x0800dbe8   0x00000038   Code   RO         3700    .text.gui_dev_init  gui_dev.o
    0x0800dc20   0x0800dc20   0x00000142   Code   RO         3658    .text.gui_draw_task  gui.o
    0x0800dd62   0x0800dd62   0x00000006   PAD
    0x0800dd68   0x0800dd68   0x00000096   Code   RO         3678    .text.gui_hide_widget  gui.o
    0x0800ddfe   0x0800ddfe   0x00000002   PAD
    0x0800de00   0x0800de00   0x0000007a   Code   RO         3684    .text.gui_move_widget  gui.o
    0x0800de7a   0x0800de7a   0x00000006   PAD
    0x0800de80   0x0800de80   0x0000005c   Code   RO         3680    .text.gui_show_widget  gui.o
    0x0800dedc   0x0800dedc   0x00000004   PAD
    0x0800dee0   0x0800dee0   0x00000056   Code   RO         3676    .text.gui_show_win  gui.o
    0x0800df36   0x0800df36   0x00000002   PAD
    0x0800df38   0x0800df38   0x0000004c   Code   RO         3660    .text.gui_thread    gui.o
    0x0800df84   0x0800df84   0x00000004   PAD
    0x0800df88   0x0800df88   0x00000062   Code   RO         3666    .text.gui_wid_creater  gui.o
    0x0800dfea   0x0800dfea   0x00000006   PAD
    0x0800dff0   0x0800dff0   0x0000005a   Code   RO         3664    .text.gui_win_creater  gui.o
    0x0800e04a   0x0800e04a   0x00000006   PAD
    0x0800e050   0x0800e050   0x0000004c   Code   RO            2    .text.main          main.o
    0x0800e09c   0x0800e09c   0x00000004   PAD
    0x0800e0a0   0x0800e0a0   0x00000050   Code   RO         3607    .text.mx_time13_init  os.o
    0x0800e0f0   0x0800e0f0   0x00000052   Code   RO         3609    .text.mx_time14_init  os.o
    0x0800e142   0x0800e142   0x00000006   PAD
    0x0800e148   0x0800e148   0x00000052   Code   RO         3611    .text.mx_time16_init  os.o
    0x0800e19a   0x0800e19a   0x00000006   PAD
    0x0800e1a0   0x0800e1a0   0x00000052   Code   RO         3613    .text.mx_time17_init  os.o
    0x0800e1f2   0x0800e1f2   0x00000006   PAD
    0x0800e1f8   0x0800e1f8   0x00000080   Code   RO         3605    .text.mx_time7_init  os.o
    0x0800e278   0x0800e278   0x000000ce   Code   RO         3603    .text.os_dev_init   os.o
    0x0800e346   0x0800e346   0x00000002   PAD
    0x0800e348   0x0800e348   0x00000076   Code   RO         3615    .text.os_tsk_init   os.o
    0x0800e3be   0x0800e3be   0x00000002   PAD
    0x0800e3c0   0x0800e3c0   0x0000004e   Code   RO          216    .text.osc_calculate_main_size  bsps_ui.o
    0x0800e40e   0x0800e40e   0x00000002   PAD
    0x0800e410   0x0800e410   0x00000080   Code   RO          220    .text.osc_calculate_trig_line  bsps_ui.o
    0x0800e490   0x0800e490   0x0000003a   Code   RO          186    .text.osc_cfg_task  bsps_ui.o
    0x0800e4ca   0x0800e4ca   0x00000006   PAD
    0x0800e4d0   0x0800e4d0   0x000000de   Code   RO          460    .text.osc_copy_from_fifo  bsps_ad9288.o
    0x0800e5ae   0x0800e5ae   0x00000002   PAD
    0x0800e5b0   0x0800e5b0   0x00000014   Code   RO           95    .text.osc_dev_l2_disable  bsp_lcd.o
    0x0800e5c4   0x0800e5c4   0x00000004   PAD
    0x0800e5c8   0x0800e5c8   0x00000070   Code   RO           93    .text.osc_dev_l2_enable  bsp_lcd.o
    0x0800e638   0x0800e638   0x00000264   Code   RO          238    .text.osc_draw_trig_line  bsps_ui.o
    0x0800e89c   0x0800e89c   0x00000004   PAD
    0x0800e8a0   0x0800e8a0   0x000000e6   Code   RO          256    .text.osc_ui_btn_ctl_sel  bsps_ui.o
    0x0800e986   0x0800e986   0x00000002   PAD
    0x0800e988   0x0800e988   0x00000298   Code   RO          228    .text.osc_ui_ch12_btn_calculate  bsps_ui.o
    0x0800ec20   0x0800ec20   0x00000134   Code   RO          224    .text.osc_ui_ch12_ctl_btn_calculate  bsps_ui.o
    0x0800ed54   0x0800ed54   0x00000004   PAD
    0x0800ed58   0x0800ed58   0x0000006a   Code   RO          226    .text.osc_ui_ch12_menu_calculate  bsps_ui.o
    0x0800edc2   0x0800edc2   0x00000006   PAD
    0x0800edc8   0x0800edc8   0x00000410   Code   RO          246    .text.osc_ui_ch12_menu_draw  bsps_ui.o
    0x0800f1d8   0x0800f1d8   0x000000b0   Code   RO          252    .text.osc_ui_ch1_btn_sel  bsps_ui.o
    0x0800f288   0x0800f288   0x000000b0   Code   RO          254    .text.osc_ui_ch2_btn_sel  bsps_ui.o
    0x0800f338   0x0800f338   0x00000070   Code   RO          250    .text.osc_ui_highlight_btn_draw  bsps_ui.o
    0x0800f3a8   0x0800f3a8   0x0000059c   Code   RO          244    .text.osc_ui_l1_btn_draw  bsps_ui.o
    0x0800f944   0x0800f944   0x00000004   PAD
    0x0800f948   0x0800f948   0x000004c8   Code   RO          248    .text.osc_ui_l2_btn_draw  bsps_ui.o
    0x0800fe10   0x0800fe10   0x0000003a   Code   RO          240    .text.osc_ui_move_trig_lines  bsps_ui.o
    0x0800fe4a   0x0800fe4a   0x00000006   PAD
    0x0800fe50   0x0800fe50   0x00000132   Code   RO          222    .text.osc_ui_right_btn_calculate  bsps_ui.o
    0x0800ff82   0x0800ff82   0x00000006   PAD
    0x0800ff88   0x0800ff88   0x00000042   Code   RO          218    .text.osc_ui_right_menu_calculate  bsps_ui.o
    0x0800ffca   0x0800ffca   0x00000006   PAD
    0x0800ffd0   0x0800ffd0   0x00000078   Code   RO          230    .text.osc_ui_trig_btn_calculate  bsps_ui.o
    0x08010048   0x08010048   0x00000174   Code   RO          258    .text.osc_ui_trig_btn_sel  bsps_ui.o
    0x080101bc   0x080101bc   0x00000004   PAD
    0x080101c0   0x080101c0   0x00000058   Code   RO          242    .text.osc_ui_trig_lines_show  bsps_ui.o
    0x08010218   0x08010218   0x0000032e   Code   RO          234    .text.osc_ui_trig_menu_btn_calculate  bsps_ui.o
    0x08010546   0x08010546   0x00000002   PAD
    0x08010548   0x08010548   0x0000005e   Code   RO          232    .text.osc_ui_trig_menu_calculate  bsps_ui.o
    0x080105a6   0x080105a6   0x00000002   PAD
    0x080105a8   0x080105a8   0x0000005e   Code   RO         3623    .text.run_thead_priority_0  os.o
    0x08010606   0x08010606   0x00000002   PAD
    0x08010608   0x08010608   0x0000005e   Code   RO         3627    .text.run_thead_priority_1  os.o
    0x08010666   0x08010666   0x00000002   PAD
    0x08010668   0x08010668   0x0000005e   Code   RO         3631    .text.run_thead_priority_2  os.o
    0x080106c6   0x080106c6   0x00000002   PAD
    0x080106c8   0x080106c8   0x0000005e   Code   RO         3635    .text.run_thead_priority_3  os.o
    0x08010726   0x08010726   0x00000002   PAD
    0x08010728   0x08010728   0x0000005e   Code   RO         3639    .text.run_thead_priority_4  os.o
    0x08010786   0x08010786   0x00000002   PAD
    0x08010788   0x08010788   0x0000005e   Code   RO         3617    .text.run_thead_priority_idle  os.o
    0x080107e6   0x080107e6   0x00000002   PAD
    0x080107e8   0x080107e8   0x0000007c   Code   RO         3835    .text.stdout_putchar  retarget_io.o
    0x08010864   0x08010864   0x00000004   PAD
    0x08010868   0x08010868   0x00000024   Code   RO         3601    .text.thread_start_it  os.o
    0x0801088c   0x0801088c   0x00000004   PAD
    0x08010890   0x08010890   0x0000001e   Code   RO         3599    .text.thread_timer_init  os.o
    0x080108ae   0x080108ae   0x00000002   PAD
    0x080108b0   0x080108b0   0x00000036   Code   RO          369    .text.touch_test_task  bsps_touch.o
    0x080108e6   0x080108e6   0x00000002   PAD
    0x080108e8   0x080108e8   0x00000020   Code   RO         3938    i.__0printf         mc_w.l(printfa.o)
    0x08010908   0x08010908   0x00000028   Code   RO         3940    i.__0sprintf        mc_w.l(printfa.o)
    0x08010930   0x08010930   0x0000000e   Code   RO         4086    i.__scatterload_copy  mc_w.l(handlers.o)
    0x0801093e   0x0801093e   0x00000002   Code   RO         4087    i.__scatterload_null  mc_w.l(handlers.o)
    0x08010940   0x08010940   0x0000000e   Code   RO         4088    i.__scatterload_zeroinit  mc_w.l(handlers.o)
    0x0801094e   0x0801094e   0x00000002   PAD
    0x08010950   0x08010950   0x00000184   Code   RO         3945    i._fp_digits        mc_w.l(printfa.o)
    0x08010ad4   0x08010ad4   0x000006dc   Code   RO         3946    i._printf_core      mc_w.l(printfa.o)
    0x080111b0   0x080111b0   0x00000024   Code   RO         3947    i._printf_post_padding  mc_w.l(printfa.o)
    0x080111d4   0x080111d4   0x0000002e   Code   RO         3948    i._printf_pre_padding  mc_w.l(printfa.o)
    0x08011202   0x08011202   0x0000000a   Code   RO         3950    i._sputc            mc_w.l(printfa.o)
    0x0801120c   0x0801120c   0x00000010   Data   RO         2272    .rodata.D1CorePrescTable  system_stm32h7xx.o
    0x0801121c   0x0801121c   0x00000008   Data   RO          974    .rodata.DMA_CalcBaseAndBitshift.flagBitshiftOffset  stm32h7xx_hal_dma.o
    0x08011224   0x08011224   0x00000018   Data   RO         3825    .rodata.EventRecorderInfo  eventrecorder.o
    0x0801123c   0x0801123c   0x00000008   Data   RO          291    .rodata.cst8        bsps_ui.o
    0x08011244   0x08011244   0x000005f4   Data   RO         3713    .rodata.g_Ascii12   asc12.o
    0x08011838   0x08011838   0x00001000   Data   RO         3719    .rodata.g_Ascii16   asc16.o
    0x08012838   0x08012838   0x00000d09   Data   RO         3725    .rodata.g_Ascii24   asc24.o
    0x08013541   0x08013541   0x0000028c   Data   RO         3731    .rodata.g_Ascii32   asc32.o
    0x080137cd   0x080137cd   0x00000b2e   Data   RO         3737    .rodata.g_Hz12      hz12.o
    0x080142fb   0x080142fb   0x0003f33e   Data   RO         3743    .rodata.g_Hz16      hz16.o
    0x08053639   0x08053639   0x000001be   Data   RO         3749    .rodata.g_Hz24      hz24.o
    0x080537f7   0x080537f7   0x0000030e   Data   RO         3755    .rodata.g_Hz32      hz32.o
    0x08053b05   0x08053b05   0x00000003   PAD
    0x08053b08   0x08053b08   0x00000090   Data   RO          620    .rodata.osc_tim_table  bsps_periph.o
    0x08053b98   0x08053b98   0x00000012   Data   RO            4    .rodata.str1.1      main.o
    0x08053baa   0x08053baa   0x00000026   Data   RO          103    .rodata.str1.1      bsp_lcd.o
    0x08053bd0   0x08053bd0   0x00000042   Data   RO          131    .rodata.str1.1      bsp.o
    0x08053c12   0x08053c12   0x0000008a   Data   RO          267    .rodata.str1.1      bsps_ui.o
    0x08053c9c   0x08053c9c   0x0000000b   Data   RO          388    .rodata.str1.1      bsps_touch.o
    0x08053ca7   0x08053ca7   0x00000008   Data   RO          483    .rodata.str1.1      bsps_ad9288.o
    0x08053caf   0x08053caf   0x0000000c   Data   RO          516    .rodata.str1.1      bsps_thread.o
    0x08053cbb   0x08053cbb   0x00000009   Data   RO          541    .rodata.str1.1      bsps_encoder.o
    0x08053cc4   0x08053cc4   0x0000007d   Data   RO          618    .rodata.str1.1      bsps_periph.o
    0x08053d41   0x08053d41   0x00000015   Data   RO         3641    .rodata.str1.1      os.o
    0x08053d56   0x08053d56   0x00000004   Data   RO         3688    .rodata.str1.1      gui.o
    0x08053d5a   0x08053d5a   0x00000002   PAD
    0x08053d5c   0x08053d5c   0x00000030   Data   RO         4085    Region$$Table       anon$$obj.o
    0x08053d8c   0x08053d8c   0x00000010   Data   RO          104    os_init_ram         bsp_lcd.o
    0x08053d9c   0x08053d9c   0x00000010   Data   RO          270    os_init_ram         bsps_ui.o
    0x08053dac   0x08053dac   0x00000010   Data   RO          389    os_init_ram         bsps_touch.o
    0x08053dbc   0x08053dbc   0x00000010   Data   RO          484    os_init_ram         bsps_ad9288.o
    0x08053dcc   0x08053dcc   0x00000010   Data   RO          517    os_init_ram         bsps_thread.o
    0x08053ddc   0x08053ddc   0x00000010   Data   RO          542    os_init_ram         bsps_encoder.o
    0x08053dec   0x08053dec   0x00000010   Data   RO          619    os_init_ram         bsps_periph.o
    0x08053dfc   0x08053dfc   0x00000010   Data   RO         3642    os_init_ram         os.o
    0x08053e0c   0x08053e0c   0x00000010   Data   RO         3689    os_init_ram         gui.o


    Execution Region RW_IRAM1 (Exec base: 0x20000000, Load base: 0x08053e20, Size: 0x00002eb0, Max: 0x0000ff00, ABSOLUTE, COMPRESSED[0x000000c8])

    Exec Addr    Load Addr    Size         Type   Attr      Idx    E Section Name        Object

    0x20000000   COMPRESSED   0x00000004   Data   RW         3925    .data               mc_w.l(stdout.o)
    0x20000004   COMPRESSED   0x00000004   Data   RW         2270    .data.SystemCoreClock  system_stm32h7xx.o
    0x20000008   COMPRESSED   0x00000004   Data   RW         2271    .data.SystemD2Clock  system_stm32h7xx.o
    0x2000000c   COMPRESSED   0x00000018   Data   RW          268    .data.ch12_btn_text  bsps_ui.o
    0x20000024   COMPRESSED   0x00000001   Data   RW          616    .data.cnt_time      bsps_periph.o
    0x20000025   COMPRESSED   0x00000001   Data   RW          617    .data.cnt_vol_scale  bsps_periph.o
    0x20000026   COMPRESSED   0x00000002   Data   RW          159    .data.g_trig_bias   bsps_adc.o
    0x20000028   COMPRESSED   0x00000002   Data   RW          260    .data.last_trig_pos  bsps_ui.o
    0x2000002a   COMPRESSED   0x00000002   PAD
    0x2000002c   COMPRESSED   0x000000a0   Data   RW          621    .data.osc_vol_scale_table  bsps_periph.o
    0x200000cc   COMPRESSED   0x00000020   Data   RW          269    .data.trig_btn_text  bsps_ui.o
    0x200000ec   COMPRESSED   0x00000001   Data   RW          739    .data.uwTickFreq    stm32h7xx_hal.o
    0x200000ed   COMPRESSED   0x00000003   PAD
    0x200000f0   COMPRESSED   0x00000004   Data   RW          738    .data.uwTickPrio    stm32h7xx_hal.o
    0x200000f4   COMPRESSED   0x00000020   Data   RW          271    os_tsk_ram          bsps_ui.o
    0x20000114   COMPRESSED   0x00000010   Data   RW          390    os_tsk_ram          bsps_touch.o
    0x20000124   COMPRESSED   0x00000010   Data   RW          518    os_tsk_ram          bsps_thread.o
    0x20000134   COMPRESSED   0x00000010   Data   RW         3690    os_tsk_ram          gui.o
    0x20000144   COMPRESSED   0x00000004   PAD
    0x20000148        -       0x00000004   Zero   RW         3692    .bss.GUI_EVENT      gui.o
    0x2000014c        -       0x0000004c   Zero   RW          492    .bss.TIM_Handle     bsps_ad9288.o
    0x20000198        -       0x00000020   Zero   RW          391    .bss.User_Touch     bsps_touch.o
    0x200001b8        -       0x00000001   Zero   RW          378    .bss._temp          bsps_touch.o
    0x200001b9        -       0x00000001   Zero   RW          540    .bss.b_lev          bsps_encoder.o
    0x200001ba        -       0x00000064   Zero   RW          273    .bss.buf            bsps_ui.o
    0x2000021e        -       0x00000578   Zero   RW          489    .bss.cache_fifo     bsps_ad9288.o
    0x20000796   COMPRESSED   0x00000002   PAD
    0x20000798        -       0x00000070   Zero   RW          272    .bss.ch12_btn       bsps_ui.o
    0x20000808        -       0x00000070   Zero   RW          280    .bss.ch12_menu      bsps_ui.o
    0x20000878        -       0x000000a8   Zero   RW          281    .bss.ch1_bck_btn    bsps_ui.o
    0x20000920        -       0x00000150   Zero   RW          282    .bss.ch1_btn        bsps_ui.o
    0x20000a70        -       0x00000001   Zero   RW          396    .bss.ch1_coup       bsps_touch.o
    0x20000a71        -       0x00000001   Zero   RW          392    .bss.ch1_ctl_btn    bsps_touch.o
    0x20000a72        -       0x00000001   Zero   RW          394    .bss.ch1_en         bsps_touch.o
    0x20000a73        -       0x00000001   Zero   RW          395    .bss.ch1_ratio      bsps_touch.o
    0x20000a74        -       0x000000a8   Zero   RW          283    .bss.ch2_bck_btn    bsps_ui.o
    0x20000b1c        -       0x00000150   Zero   RW          284    .bss.ch2_btn        bsps_ui.o
    0x20000c6c        -       0x00000001   Zero   RW          399    .bss.ch2_coup       bsps_touch.o
    0x20000c6d        -       0x00000001   Zero   RW          393    .bss.ch2_ctl_btn    bsps_touch.o
    0x20000c6e        -       0x00000001   Zero   RW          397    .bss.ch2_en         bsps_touch.o
    0x20000c6f        -       0x00000001   Zero   RW          398    .bss.ch2_ratio      bsps_touch.o
    0x20000c70        -       0x00000002   Zero   RW          480    .bss.cnt_fail       bsps_ad9288.o
    0x20000c72        -       0x00000002   Zero   RW          490    .bss.cnt_success    bsps_ad9288.o
    0x20000c74        -       0x00000004   Zero   RW          275    .bss.dev            bsps_ui.o
    0x20000c78        -       0x00000af0   Zero   RW          491    .bss.disp_data      bsps_ad9288.o
    0x20001768        -       0x00000578   Zero   RW          519    .bss.disp_x_data    bsps_thread.o
    0x20001ce0        -       0x00000001   Zero   RW          155    .bss.dma_flag       bsps_adc.o
    0x20001ce1   COMPRESSED   0x00000001   PAD
    0x20001ce2        -       0x00000002   Zero   RW          482    .bss.dma_trig_ndtr  bsps_ad9288.o
    0x20001ce4        -       0x00000001   Zero   RW          543    .bss.enc_flag       bsps_encoder.o
    0x20001ce5        -       0x00000001   Zero   RW          265    .bss.flag_isfist    bsps_ui.o
    0x20001ce6   COMPRESSED   0x00000002   PAD
    0x20001ce8        -       0x00000018   Zero   RW         3643    .bss.fos_tsk_tick   os.o
    0x20001d00        -       0x00000014   Zero   RW         3704    .bss.gui_dev_s      gui_dev.o
    0x20001d14        -       0x00000014   Zero   RW          622    .bss.hdac2          bsps_periph.o
    0x20001d28        -       0x00000068   Zero   RW          107    .bss.hdma2d         bsp_lcd.o
    0x20001d90        -       0x0000004c   Zero   RW          303    .bss.hi2c1          bsps_iic.o
    0x20001ddc        -       0x000000a8   Zero   RW          106    .bss.hltdc          bsp_lcd.o
    0x20001e84        -       0x0000004c   Zero   RW         3646    .bss.htim13         os.o
    0x20001ed0        -       0x0000004c   Zero   RW         3647    .bss.htim14         os.o
    0x20001f1c        -       0x0000004c   Zero   RW         3648    .bss.htim16         os.o
    0x20001f68        -       0x0000004c   Zero   RW         3649    .bss.htim17         os.o
    0x20001fb4        -       0x0000004c   Zero   RW          623    .bss.htim3          bsps_periph.o
    0x20002000        -       0x0000004c   Zero   RW         3645    .bss.htim7          os.o
    0x2000204c        -       0x00000001   Zero   RW         3705    .bss.inited_flag    gui_dev.o
    0x2000204d   COMPRESSED   0x00000001   PAD
    0x2000204e        -       0x00000002   Zero   RW          380    .bss.last_x_pos     bsps_touch.o
    0x20002050        -       0x00000004   Zero   RW         3691    .bss.origin_win     gui.o
    0x20002054        -       0x00000001   Zero   RW          481    .bss.os_trig_start_flag  bsps_ad9288.o
    0x20002055   COMPRESSED   0x00000003   PAD
    0x20002058        -       0x00000018   Zero   RW         3644    .bss.os_tsk_header  os.o
    0x20002070        -       0x00000018   Zero   RW         3650    .bss.os_tsk_linker  os.o
    0x20002088        -       0x00000004   Zero   RW          486    .bss.osc_flag_dma_tc  bsps_ad9288.o
    0x2000208c        -       0x00000002   Zero   RW          381    .bss.osc_mode       bsps_touch.o
    0x2000208e        -       0x00000001   Zero   RW          485    .bss.osc_sample_mode  bsps_ad9288.o
    0x2000208f   COMPRESSED   0x00000001   PAD
    0x20002090        -       0x00000150   Zero   RW          279    .bss.right_btn      bsps_ui.o
    0x200021e0        -       0x00000038   Zero   RW          277    .bss.right_menu     bsps_ui.o
    0x20002218        -       0x00000014   Zero   RW          520    .bss.run_msg        bsps_thread.o
    0x2000222c        -       0x00000008   Zero   RW         3847    .bss.stdout_putchar.buffer  retarget_io.o
    0x20002234        -       0x00000004   Zero   RW         3846    .bss.stdout_putchar.index  retarget_io.o
    0x20002238        -       0x00000001   Zero   RW          386    .bss.tmp_cnt        bsps_touch.o
    0x20002239        -       0x00000001   Zero   RW          379    .bss.touch_flag     bsps_touch.o
    0x2000223a   COMPRESSED   0x00000002   PAD
    0x2000223c        -       0x000000a8   Zero   RW          286    .bss.trig_bck_btn   bsps_ui.o
    0x200022e4        -       0x00000038   Zero   RW          274    .bss.trig_btn       bsps_ui.o
    0x2000231c        -       0x00000001   Zero   RW          385    .bss.trig_ch        bsps_touch.o
    0x2000231d        -       0x00000001   Zero   RW          384    .bss.trig_ctl_btn   bsps_touch.o
    0x2000231e        -       0x00000001   Zero   RW          401    .bss.trig_edge      bsps_touch.o
    0x2000231f   COMPRESSED   0x00000001   PAD
    0x20002320        -       0x00000150   Zero   RW          278    .bss.trig_lines     bsps_ui.o
    0x20002470        -       0x00000002   Zero   RW          266    .bss.trig_lines_hold_time_s  bsps_ui.o
    0x20002472   COMPRESSED   0x00000002   PAD
    0x20002474        -       0x00000038   Zero   RW          285    .bss.trig_menu      bsps_ui.o
    0x200024ac        -       0x00000001   Zero   RW          400    .bss.trig_mode      bsps_touch.o
    0x200024ad   COMPRESSED   0x00000003   PAD
    0x200024b0        -       0x000001c0   Zero   RW          287    .bss.trig_sel_btn   bsps_ui.o
    0x20002670        -       0x00000004   Zero   RW          740    .bss.uwTick         stm32h7xx_hal.o
    0x20002674        -       0x00000038   Zero   RW          276    .bss.win_main       bsps_ui.o
    0x200026ac        -       0x00000002   Zero   RW          288    .bss.x_s            bsps_ui.o
    0x200026ae        -       0x00000002   Zero   RW          289    .bss.y_s            bsps_ui.o
    0x200026b0        -       0x00000800   Zero   RW          630    STACK               startup_stm32h7b0xx.o


    Execution Region RW_IRAM2 (Exec base: 0x2000ff00, Load base: 0x08053ee8, Size: 0x000100a4, Max: 0x000100ff, ABSOLUTE, UNINIT)

    Exec Addr    Load Addr    Size         Type   Attr      Idx    E Section Name        Object

    0x2000ff00        -       0x000100a4   Zero   RW         3824    .bss.noinit         eventrecorder.o


    Execution Region RW_IRAM3 (Exec base: 0x24000000, Load base: 0x08053f00, Size: 0x000eeb78, Max: 0x00100000, ABSOLUTE, COMPRESSED[0x00001df8])

    Exec Addr    Load Addr    Size         Type   Attr      Idx    E Section Name        Object

    0x24000000   COMPRESSED   0x000cf080   Data   RW          105    .RAM_D1             bsp_lcd.o
    0x240cf080   COMPRESSED   0x0001faf8   Data   RW          487    .RAM_D1             bsps_ad9288.o


==============================================================================

Image component sizes


      Code (inc. data)   RO Data    RW Data    ZI Data      Debug   Object Name

         0          0       1524          0          0        394   asc12.o
         0          0       4096          0          0        394   asc16.o
         0          0       3337          0          0        394   asc24.o
         0          0        652          0          0        394   asc32.o
       628          0         66          0          0       6344   bsp.o
      4668         40         54     848000        272      18453   bsp_lcd.o
      1968         28         24     129784       4288      17200   bsps_ad9288.o
       238          0          0          2          1      18264   bsps_adc.o
       820          0         25          0          2       7353   bsps_encoder.o
       380          0          0          0         76       7872   bsps_iic.o
      2602         56        285        162         96      16494   bsps_periph.o
       230          0         28         16       1420       2701   bsps_thread.o
      5684         40         27         16         51       9729   bsps_touch.o
     11412          4        162         90       2855      18844   bsps_ui.o
      2036          0         24          0      65700       8576   eventrecorder.o
      1096          0         20         16          8       5908   gui.o
        88          0          0          0         21       1009   gui_dev.o
         0          0       2862          0          0        389   hz12.o
         0          0     258878          0          0        391   hz16.o
         0          0        446          0          0        389   hz24.o
         0          0        782          0          0        389   hz32.o
        76          0         18          0          0        514   main.o
      1888          0         37          0        452      13463   os.o
       172          0          0          0         12       1972   retarget_io.o
        36          8        684          0       2048        824   startup_stm32h7b0xx.o
       362          0          0          5          4      13391   stm32h7xx_hal.o
       794          0          0          0          0      11288   stm32h7xx_hal_cortex.o
       958          0          0          0          0       7897   stm32h7xx_hal_dac.o
      7236          8          8          0          0      12457   stm32h7xx_hal_dma.o
       196          0          0          0          0      12302   stm32h7xx_hal_dma2d.o
      1108          0          0          0          0       6645   stm32h7xx_hal_gpio.o
      3042          0          0          0          0      34385   stm32h7xx_hal_i2c.o
       314          0          0          0          0       6939   stm32h7xx_hal_i2c_ex.o
      1944          0          0          0          0      12803   stm32h7xx_hal_ltdc.o
       162          0          0          0          0      10321   stm32h7xx_hal_pwr_ex.o
      4580         66          0          0          0      11867   stm32h7xx_hal_rcc.o
      4748         64          0          0          0      17984   stm32h7xx_hal_rcc_ex.o
      4568         22          0          0          0      37299   stm32h7xx_hal_tim.o
       368          0          0          0          0      18063   stm32h7xx_hal_tim_ex.o
        32          0          0          0          0       1003   stm32h7xx_it.o
       314          0         16          8          0       5726   system_stm32h7xx.o

    ----------------------------------------------------------------------
     65612        348     274108     978104      77328     379024   Object Totals
         0          0         48          0          0          0   (incl. Generated)
       864         12          5          5         22          0   (incl. Padding)

    ----------------------------------------------------------------------

      Code (inc. data)   RO Data    RW Data    ZI Data      Debug   Library Member Name

        86          0          0          0          0          0   __dczerorl2.o
         0          0          0          0          0          0   entry.o
         0          0          0          0          0          0   entry10a.o
         0          0          0          0          0          0   entry11a.o
         8          4          0          0          0          0   entry2.o
         4          0          0          0          0          0   entry5.o
         0          0          0          0          0          0   entry7b.o
         0          0          0          0          0          0   entry8b.o
         8          4          0          0          0          0   entry9a.o
        30          0          0          0          0          0   handlers.o
        36          8          0          0          0         68   init.o
         0          0          0          0          0          0   iusefp.o
        30          0          0          0          0         68   llshl.o
        36          0          0          0          0         68   llsshr.o
        32          0          0          0          0         68   llushr.o
        36          0          0          0          0         68   memcpya.o
        36          0          0          0          0        108   memseta.o
      2308         96          0          0          0        604   printfa.o
         0          0          0          4          0          0   stdout.o
        44          0          0          0          0         80   uidiv.o
        98          0          0          0          0         92   uldiv.o
        48          0          0          0          0         68   cdrcmple.o
       334          0          0          0          0        148   dadd.o
       222          0          0          0          0        100   ddiv.o
       186          0          0          0          0        176   depilogue.o
        48          0          0          0          0         68   dfixul.o
       228          0          0          0          0         96   dmul.o

    ----------------------------------------------------------------------
      3860        112          0          4          0       1880   Library Totals
         2          0          0          0          0          0   (incl. Padding)

    ----------------------------------------------------------------------

      Code (inc. data)   RO Data    RW Data    ZI Data      Debug   Library Name

      2792        112          0          4          0       1224   mc_w.l
      1066          0          0          0          0        656   mf_w.l

    ----------------------------------------------------------------------
      3860        112          0          4          0       1880   Library Totals

    ----------------------------------------------------------------------

==============================================================================


      Code (inc. data)   RO Data    RW Data    ZI Data      Debug   

     69472        460     274108     978108      77328     379580   Grand Totals
     69472        460     274108       7872      77328     379580   ELF Image Totals (compressed)
     69472        460     274108       7872          0          0   ROM Totals

==============================================================================

    Total RO  Size (Code + RO Data)               343580 ( 335.53kB)
    Total RW  Size (RW Data + ZI Data)           1055436 (1030.70kB)
    Total ROM Size (Code + RO Data + RW Data)     351452 ( 343.21kB)

==============================================================================

